Archive member included because of file (symbol)

c:/siliconlabs/simplicitystudio/v4/developer/toolchains/gnu_arm/4.9_2015q3/bin/../lib/gcc/arm-none-eabi/4.9.3/../../../../arm-none-eabi/lib/armv7e-m/softfp\libc_nano.a(lib_a-exit.o)
                              c:/siliconlabs/simplicitystudio/v4/developer/toolchains/gnu_arm/4.9_2015q3/bin/../lib/gcc/arm-none-eabi/4.9.3/../../../../arm-none-eabi/lib/armv7e-m/softfp/crt0.o (exit)
c:/siliconlabs/simplicitystudio/v4/developer/toolchains/gnu_arm/4.9_2015q3/bin/../lib/gcc/arm-none-eabi/4.9.3/../../../../arm-none-eabi/lib/armv7e-m/softfp\libc_nano.a(lib_a-impure.o)
                              c:/siliconlabs/simplicitystudio/v4/developer/toolchains/gnu_arm/4.9_2015q3/bin/../lib/gcc/arm-none-eabi/4.9.3/../../../../arm-none-eabi/lib/armv7e-m/softfp\libc_nano.a(lib_a-exit.o) (_global_impure_ptr)
c:/siliconlabs/simplicitystudio/v4/developer/toolchains/gnu_arm/4.9_2015q3/bin/../lib/gcc/arm-none-eabi/4.9.3/../../../../arm-none-eabi/lib/armv7e-m/softfp\libc_nano.a(lib_a-init.o)
                              c:/siliconlabs/simplicitystudio/v4/developer/toolchains/gnu_arm/4.9_2015q3/bin/../lib/gcc/arm-none-eabi/4.9.3/../../../../arm-none-eabi/lib/armv7e-m/softfp/crt0.o (__libc_init_array)
c:/siliconlabs/simplicitystudio/v4/developer/toolchains/gnu_arm/4.9_2015q3/bin/../lib/gcc/arm-none-eabi/4.9.3/../../../../arm-none-eabi/lib/armv7e-m/softfp\libc_nano.a(lib_a-memset.o)
                              c:/siliconlabs/simplicitystudio/v4/developer/toolchains/gnu_arm/4.9_2015q3/bin/../lib/gcc/arm-none-eabi/4.9.3/../../../../arm-none-eabi/lib/armv7e-m/softfp/crt0.o (memset)
c:/siliconlabs/simplicitystudio/v4/developer/toolchains/gnu_arm/4.9_2015q3/bin/../lib/gcc/arm-none-eabi/4.9.3/../../../../arm-none-eabi/lib/armv7e-m/softfp\libc_nano.a(lib_a-printf.o)
                              ./src/My_Sleep.o (printf)
c:/siliconlabs/simplicitystudio/v4/developer/toolchains/gnu_arm/4.9_2015q3/bin/../lib/gcc/arm-none-eabi/4.9.3/../../../../arm-none-eabi/lib/armv7e-m/softfp\libc_nano.a(lib_a-strcat.o)
                              ./src/ATCommandsLib.o (strcat)
c:/siliconlabs/simplicitystudio/v4/developer/toolchains/gnu_arm/4.9_2015q3/bin/../lib/gcc/arm-none-eabi/4.9.3/../../../../arm-none-eabi/lib/armv7e-m/softfp\libc_nano.a(lib_a-strcmp.o)
                              ./src/main.o (strcmp)
c:/siliconlabs/simplicitystudio/v4/developer/toolchains/gnu_arm/4.9_2015q3/bin/../lib/gcc/arm-none-eabi/4.9.3/../../../../arm-none-eabi/lib/armv7e-m/softfp\libc_nano.a(lib_a-strlen.o)
                              ./src/My_LEUART.o (strlen)
c:/siliconlabs/simplicitystudio/v4/developer/toolchains/gnu_arm/4.9_2015q3/bin/../lib/gcc/arm-none-eabi/4.9.3/../../../../arm-none-eabi/lib/armv7e-m/softfp\libc_nano.a(lib_a-findfp.o)
                              c:/siliconlabs/simplicitystudio/v4/developer/toolchains/gnu_arm/4.9_2015q3/bin/../lib/gcc/arm-none-eabi/4.9.3/../../../../arm-none-eabi/lib/armv7e-m/softfp\libc_nano.a(lib_a-printf.o) (__sinit)
c:/siliconlabs/simplicitystudio/v4/developer/toolchains/gnu_arm/4.9_2015q3/bin/../lib/gcc/arm-none-eabi/4.9.3/../../../../arm-none-eabi/lib/armv7e-m/softfp\libc_nano.a(lib_a-fwalk.o)
                              c:/siliconlabs/simplicitystudio/v4/developer/toolchains/gnu_arm/4.9_2015q3/bin/../lib/gcc/arm-none-eabi/4.9.3/../../../../arm-none-eabi/lib/armv7e-m/softfp\libc_nano.a(lib_a-findfp.o) (_fwalk)
c:/siliconlabs/simplicitystudio/v4/developer/toolchains/gnu_arm/4.9_2015q3/bin/../lib/gcc/arm-none-eabi/4.9.3/../../../../arm-none-eabi/lib/armv7e-m/softfp\libc_nano.a(lib_a-nano-mallocr.o)
                              c:/siliconlabs/simplicitystudio/v4/developer/toolchains/gnu_arm/4.9_2015q3/bin/../lib/gcc/arm-none-eabi/4.9.3/../../../../arm-none-eabi/lib/armv7e-m/softfp\libc_nano.a(lib_a-findfp.o) (_malloc_r)
c:/siliconlabs/simplicitystudio/v4/developer/toolchains/gnu_arm/4.9_2015q3/bin/../lib/gcc/arm-none-eabi/4.9.3/../../../../arm-none-eabi/lib/armv7e-m/softfp\libc_nano.a(lib_a-nano-vfprintf.o)
                              c:/siliconlabs/simplicitystudio/v4/developer/toolchains/gnu_arm/4.9_2015q3/bin/../lib/gcc/arm-none-eabi/4.9.3/../../../../arm-none-eabi/lib/armv7e-m/softfp\libc_nano.a(lib_a-printf.o) (_vfprintf_r)
c:/siliconlabs/simplicitystudio/v4/developer/toolchains/gnu_arm/4.9_2015q3/bin/../lib/gcc/arm-none-eabi/4.9.3/../../../../arm-none-eabi/lib/armv7e-m/softfp\libc_nano.a(lib_a-nano-vfprintf_i.o)
                              c:/siliconlabs/simplicitystudio/v4/developer/toolchains/gnu_arm/4.9_2015q3/bin/../lib/gcc/arm-none-eabi/4.9.3/../../../../arm-none-eabi/lib/armv7e-m/softfp\libc_nano.a(lib_a-nano-vfprintf.o) (_printf_i)
c:/siliconlabs/simplicitystudio/v4/developer/toolchains/gnu_arm/4.9_2015q3/bin/../lib/gcc/arm-none-eabi/4.9.3/../../../../arm-none-eabi/lib/armv7e-m/softfp\libc_nano.a(lib_a-sbrkr.o)
[...]
Memory Configuration

Name             Origin             Length             Attributes
FLASH            0x00000000         0x00100000         xr
RAM              0x20000000         0x00040000         xrw
*default*        0x00000000         0xffffffff

Linker script and memory map

LOAD c:/siliconlabs/simplicitystudio/v4/developer/toolchains/gnu_arm/4.9_2015q3/bin/../lib/gcc/arm-none-eabi/4.9.3/armv7e-m/softfp/crti.o
LOAD c:/siliconlabs/simplicitystudio/v4/developer/toolchains/gnu_arm/4.9_2015q3/bin/../lib/gcc/arm-none-eabi/4.9.3/armv7e-m/softfp/crtbegin.o
LOAD c:/siliconlabs/simplicitystudio/v4/developer/toolchains/gnu_arm/4.9_2015q3/bin/../lib/gcc/arm-none-eabi/4.9.3/../../../../arm-none-eabi/lib/armv7e-m/softfp/crt0.o
LOAD ./CMSIS/EFM32PG12B/startup_efm32pg12b.o
LOAD ./CMSIS/EFM32PG12B/system_efm32pg12b.o
LOAD ./emlib/em_assert.o
LOAD ./emlib/em_cmu.o
LOAD ./emlib/em_core.o
LOAD ./emlib/em_emu.o
LOAD ./emlib/em_gpio.o
LOAD ./emlib/em_ldma.o
LOAD ./emlib/em_leuart.o
LOAD ./emlib/em_system.o
LOAD ./src/ATCommandsLib.o
LOAD ./src/My_LEUART.o
LOAD ./src/My_Sleep.o
LOAD ./src/log.o
LOAD ./src/main.o
START GROUP
LOAD c:/siliconlabs/simplicitystudio/v4/developer/toolchains/gnu_arm/4.9_2015q3/bin/../lib/gcc/arm-none-eabi/4.9.3/armv7e-m/softfp\libgcc.a
LOAD c:/siliconlabs/simplicitystudio/v4/developer/toolchains/gnu_arm/4.9_2015q3/bin/../lib/gcc/arm-none-eabi/4.9.3/../../../../arm-none-eabi/lib/armv7e-m/softfp\libc_nano.a
LOAD c:/siliconlabs/simplicitystudio/v4/developer/toolchains/gnu_arm/4.9_2015q3/bin/../lib/gcc/arm-none-eabi/4.9.3/../../../../arm-none-eabi/lib/armv7e-m/softfp\libnosys.a
END GROUP
START GROUP
LOAD c:/siliconlabs/simplicitystudio/v4/developer/toolchains/gnu_arm/4.9_2015q3/bin/../lib/gcc/arm-none-eabi/4.9.3/armv7e-m/softfp\libgcc.a
LOAD c:/siliconlabs/simplicitystudio/v4/developer/toolchains/gnu_arm/4.9_2015q3/bin/../lib/gcc/arm-none-eabi/4.9.3/../../../../arm-none-eabi/lib/armv7e-m/softfp\libg_nano.a
LOAD c:/siliconlabs/simplicitystudio/v4/developer/toolchains/gnu_arm/4.9_2015q3/bin/../lib/gcc/arm-none-eabi/4.9.3/../../../../arm-none-eabi/lib/armv7e-m/softfp\libc_nano.a
END GROUP
START GROUP
LOAD c:/siliconlabs/simplicitystudio/v4/developer/toolchains/gnu_arm/4.9_2015q3/bin/../lib/gcc/arm-none-eabi/4.9.3/armv7e-m/softfp\libgcc.a
LOAD c:/siliconlabs/simplicitystudio/v4/developer/toolchains/gnu_arm/4.9_2015q3/bin/../lib/gcc/arm-none-eabi/4.9.3/../../../../arm-none-eabi/lib/armv7e-m/softfp\libc_nano.a
END GROUP
LOAD c:/siliconlabs/simplicitystudio/v4/developer/toolchains/gnu_arm/4.9_2015q3/bin/../lib/gcc/arm-none-eabi/4.9.3/armv7e-m/softfp/crtend.o
LOAD c:/siliconlabs/simplicitystudio/v4/developer/toolchains/gnu_arm/4.9_2015q3/bin/../lib/gcc/arm-none-eabi/4.9.3/armv7e-m/softfp/crtn.o

.text           0x00000000     0x37a8
 *(.vectors)
 .vectors       0x00000000      0x10c ./CMSIS/EFM32PG12B/startup_efm32pg12b.o
                0x00000000                __Vectors
                0x0000010c                __Vectors_End = .
                0x0000010c                __Vectors_Size = (__Vectors_End - __Vectors)
                0x0000010c                __end__ = .
 *(.text*)
 .text          0x0000010c       0x5c c:/siliconlabs/simplicitystudio/v4/developer/toolchains/gnu_arm/4.9_2015q3/bin/../lib/gcc/arm-none-eabi/4.9.3/armv7e-m/softfp/crtbegin.o
 .text          0x00000168       0x74 c:/siliconlabs/simplicitystudio/v4/developer/toolchains/gnu_arm/4.9_2015q3/bin/../lib/gcc/arm-none-eabi/4.9.3/../../../../arm-none-eabi/lib/armv7e-m/softfp/crt0.o
                0x00000168                _start
                0x00000168                _mainCRTStartup
 .text          0x000001dc       0x30 ./CMSIS/EFM32PG12B/startup_efm32pg12b.o
                0x000001dc                Reset_Handler
                0x00000208                USART0_TX_IRQHandler
                0x00000208                I2C0_IRQHandler
                0x00000208                HardFault_Handler
                0x00000208                SysTick_Handler
                0x00000208                USART1_RX_IRQHandler
                0x00000208                PendSV_Handler
                0x00000208                NMI_Handler
                0x00000208                I2C1_IRQHandler
                0x00000208                WTIMER0_IRQHandler
                0x00000208                CRYPTO0_IRQHandler
                0x00000208                WDOG0_IRQHandler
                0x00000208                USART1_TX_IRQHandler
                0x00000208                SMU_IRQHandler
                0x00000208                MSC_IRQHandler
                0x00000208                ADC0_IRQHandler
                0x00000208                UsageFault_Handler
                0x00000208                WDOG1_IRQHandler
                0x00000208                FPUEH_IRQHandler
                0x00000208                WTIMER1_IRQHandler
                0x00000208                GPIO_EVEN_IRQHandler
                0x00000208                VDAC0_IRQHandler
                0x00000208                LDMA_IRQHandler
                0x00000208                CSEN_IRQHandler
                0x00000208                CRYPTO1_IRQHandler
                0x00000208                TIMER0_IRQHandler
                0x00000208                DebugMon_Handler
                0x00000208                PCNT2_IRQHandler
                0x00000208                LETIMER0_IRQHandler
                0x00000208                TIMER1_IRQHandler
                0x00000208                TRNG0_IRQHandler
                0x00000208                USART2_RX_IRQHandler
                0x00000208                Default_Handler
                0x00000208                EMU_IRQHandler
                0x00000208                CRYOTIMER_IRQHandler
                0x00000208                PCNT0_IRQHandler
                0x00000208                sl_app_properties
                0x00000208                PCNT1_IRQHandler
                0x00000208                ACMP0_IRQHandler
                0x00000208                USART0_RX_IRQHandler
                0x00000208                MemManage_Handler
                0x00000208                SVC_Handler
                0x00000208                USART3_RX_IRQHandler
                0x00000208                RTCC_IRQHandler
                0x00000208                CMU_IRQHandler
                0x00000208                LESENSE_IRQHandler
                0x00000208                GPIO_ODD_IRQHandler
                0x00000208                USART3_TX_IRQHandler
                0x00000208                BusFault_Handler
                0x00000208                USART2_TX_IRQHandler
                0x00000208                IDAC0_IRQHandler
 .text.SystemCoreClockGet
                0x0000020c       0x44 ./CMSIS/EFM32PG12B/system_efm32pg12b.o
                0x0000020c                SystemCoreClockGet
 .text.SystemMaxCoreClockGet
                0x00000250       0x14 ./CMSIS/EFM32PG12B/system_efm32pg12b.o
                0x00000250                SystemMaxCoreClockGet
 .text.SystemHFClockGet
                0x00000264       0x70 ./CMSIS/EFM32PG12B/system_efm32pg12b.o
                0x00000264                SystemHFClockGet
 .text.SystemHFXOClockGet
                0x000002d4       0x18 ./CMSIS/EFM32PG12B/system_efm32pg12b.o
                0x000002d4                SystemHFXOClockGet
 .text.SystemInit
                0x000002ec       0x2c ./CMSIS/EFM32PG12B/system_efm32pg12b.o
                0x000002ec                SystemInit
 .text.SystemLFRCOClockGet
                0x00000318       0x14 ./CMSIS/EFM32PG12B/system_efm32pg12b.o
                0x00000318                SystemLFRCOClockGet
 .text.SystemULFRCOClockGet
                0x0000032c       0x14 ./CMSIS/EFM32PG12B/system_efm32pg12b.o
                0x0000032c                SystemULFRCOClockGet
 .text.SystemLFXOClockGet
                0x00000340       0x18 ./CMSIS/EFM32PG12B/system_efm32pg12b.o
                0x00000340                SystemLFXOClockGet
 .text.assertEFM
                0x00000358        0xc ./emlib/em_assert.o
                0x00000358                assertEFM
 .text.BUS_RegBitWrite
                0x00000364       0x2c ./emlib/em_cmu.o
 .text.BUS_RegBitRead
                0x00000390       0x2c ./emlib/em_cmu.o
 .text.SL_Log2ToDiv
                0x000003bc       0x2c ./emlib/em_cmu.o
 .text.EMU_VScaleWait
                0x000003e8       0x1c ./emlib/em_cmu.o
 .text.EMU_VScaleGet
                0x00000404       0x1c ./emlib/em_cmu.o
 .text.setHfLeConfig
                0x00000420       0x64 ./emlib/em_cmu.o
 .text.auxClkGet
                0x00000484       0x20 ./emlib/em_cmu.o
 .text.hfSrcClkGet
                0x000004a4       0x2c ./emlib/em_cmu.o
 .text.dbgClkGet
                0x000004d0       0x4c ./emlib/em_cmu.o
 .text.adcAsyncClkGet
                0x0000051c       0x98 ./emlib/em_cmu.o
 .text.flashWaitStateControl
                0x000005b4       0x94 ./emlib/em_cmu.o
 .text.flashWaitStateMax
                0x00000648       0x40 ./emlib/em_cmu.o
 .text.CMU_UpdateWaitStates
                0x00000688       0x40 ./emlib/em_cmu.o
                0x00000688                CMU_UpdateWaitStates
 .text.getRegIshUpperVal
                0x000006c8       0x38 ./emlib/em_cmu.o
 .text.getHfxoTuningMode
                0x00000700       0x1c ./emlib/em_cmu.o
 .text.setHfxoTuningMode
                0x0000071c       0x28 ./emlib/em_cmu.o
 .text.lfClkGet
                0x00000744      0x114 ./emlib/em_cmu.o
 .text.syncReg  0x00000858       0x38 ./emlib/em_cmu.o
 .text.hfperClkSafePrescaler
                0x00000890        0xc ./emlib/em_cmu.o
 .text.hfperClkOptimizedPrescaler
                0x0000089c        0xc ./emlib/em_cmu.o
 .text.CMU_ClockEnable
                0x000008a8       0xd8 ./emlib/em_cmu.o
                0x000008a8                CMU_ClockEnable
 .text.CMU_ClockFreqGet
                0x00000980      0x21c ./emlib/em_cmu.o
                0x00000980                CMU_ClockFreqGet
 .text.CMU_ClockSelectGet
                0x00000b9c      0x1c8 ./emlib/em_cmu.o
                0x00000b9c                CMU_ClockSelectGet
 .text.CMU_ClockSelectSet
                0x00000d64      0x350 ./emlib/em_cmu.o
                0x00000d64                CMU_ClockSelectSet
 .text.CMU_HFRCOBandGet
                0x000010b4       0x18 ./emlib/em_cmu.o
                0x000010b4                CMU_HFRCOBandGet
 .text.CMU_OscillatorEnable
                0x000010cc      0x1bc ./emlib/em_cmu.o
                0x000010cc                CMU_OscillatorEnable
 .text.CMU_OscillatorTuningGet
                0x00001288       0x7c ./emlib/em_cmu.o
                0x00001288                CMU_OscillatorTuningGet
 .text.CMU_OscillatorTuningSet
                0x00001304      0x150 ./emlib/em_cmu.o
                0x00001304                CMU_OscillatorTuningSet
 .text.CMU_OscillatorTuningWait
                0x00001454       0xb4 ./emlib/em_cmu.o
                0x00001454                CMU_OscillatorTuningWait
 .text.CMU_OscillatorTuningOptimize
                0x00001508       0x64 ./emlib/em_cmu.o
                0x00001508                CMU_OscillatorTuningOptimize
 .text.CORE_AtomicDisableIrq
                0x0000156c       0x10 ./emlib/em_core.o
                0x0000156c                CORE_AtomicDisableIrq
 .text.CORE_AtomicEnableIrq
                0x0000157c       0x10 ./emlib/em_core.o
                0x0000157c                CORE_AtomicEnableIrq
 .text.SystemCoreClockUpdate
                0x0000158c        0xc ./emlib/em_emu.o
 .text.BUS_RegBitRead
                0x00001598       0x2c ./emlib/em_emu.o
 .text.EMU_VScaleWait
                0x000015c4       0x1c ./emlib/em_emu.o
 .text.EMU_VScaleGet
                0x000015e0       0x1c ./emlib/em_emu.o
 .text.CMU_Lock
                0x000015fc       0x18 ./emlib/em_emu.o
 .text.CMU_Unlock
                0x00001614       0x1c ./emlib/em_emu.o
 .text.vScaleEM01Cmd
                0x00001630       0x24 ./emlib/em_emu.o
 .text.emState  0x00001654      0x14c ./emlib/em_emu.o
 .text.vScaleDownEM23Setup
                0x000017a0       0x50 ./emlib/em_emu.o
 .text.vScaleAfterWakeup
                0x000017f0       0x44 ./emlib/em_emu.o
 .text.EMU_EM23PresleepHook
                0x00001834        0xc ./emlib/em_emu.o
                0x00001834                EMU_EM23PresleepHook
 .text.EMU_EM23PostsleepHook
                0x00001840        0xc ./emlib/em_emu.o
                0x00001840                EMU_EM23PostsleepHook
 .text.EMU_EnterEM2
                0x0000184c       0x50 ./emlib/em_emu.o
                0x0000184c                EMU_EnterEM2
 .text.EMU_EnterEM3
                0x0000189c       0x78 ./emlib/em_emu.o
                0x0000189c                EMU_EnterEM3
 .text.EMU_VScaleEM01ByClock
                0x00001914       0x70 ./emlib/em_emu.o
                0x00001914                EMU_VScaleEM01ByClock
 .text.EMU_VScaleEM01
                0x00001984       0xa0 ./emlib/em_emu.o
                0x00001984                EMU_VScaleEM01
 .text.BUS_RegMaskedSet
                0x00001a24       0x24 ./emlib/em_gpio.o
 .text.BUS_RegMaskedClear
                0x00001a48       0x24 ./emlib/em_gpio.o
 .text.GPIO_PinOutClear
                0x00001a6c       0xcc ./emlib/em_gpio.o
 .text.GPIO_PinOutSet
                0x00001b38       0xcc ./emlib/em_gpio.o
 .text.GPIO_PinModeSet
                0x00001c04      0x180 ./emlib/em_gpio.o
                0x00001c04                GPIO_PinModeSet
 .text.LEUART_Sync
                0x00001d84       0x30 ./emlib/em_leuart.o
 .text.LEUART_BaudrateSet
                0x00001db4       0x9c ./emlib/em_leuart.o
                0x00001db4                LEUART_BaudrateSet
 .text.LEUART_Enable
                0x00001e50       0x58 ./emlib/em_leuart.o
                0x00001e50                LEUART_Enable
 .text.LEUART_FreezeEnable
                0x00001ea8       0x34 ./emlib/em_leuart.o
                0x00001ea8                LEUART_FreezeEnable
 .text.LEUART_Init
                0x00001edc       0x84 ./emlib/em_leuart.o
                0x00001edc                LEUART_Init
 .text.sendATCommandWrite
                0x00001f60       0x80 ./src/ATCommandsLib.o
                0x00001f60                sendATCommandWrite
 .text.__NVIC_EnableIRQ
                0x00001fe0       0x38 ./src/My_LEUART.o
 .text.LEUART0_Setup
                0x00002018       0xd8 ./src/My_LEUART.o
                0x00002018                LEUART0_Setup
 .text.LEUART0_Putchar
                0x000020f0       0x24 ./src/My_LEUART.o
                0x000020f0                LEUART0_Putchar
 .text.LEUART0_Putchar_n
                0x00002114       0x64 ./src/My_LEUART.o
                0x00002114                LEUART0_Putchar_n
 .text.LEUART0_IRQHandler
                0x00002178       0xdc ./src/My_LEUART.o
                0x00002178                LEUART0_IRQHandler
 .text.EMU_EnterEM1
                0x00002254       0x20 ./src/My_Sleep.o
 .text.Enter_Sleep
                0x00002274       0x44 ./src/My_Sleep.o
                0x00002274                Enter_Sleep
 .text.Block_Energy_Mode
                0x000022b8       0x3c ./src/My_Sleep.o
                0x000022b8                Block_Energy_Mode
 .text.Unblock_Energy_Mode
                0x000022f4       0x48 ./src/My_Sleep.o
                0x000022f4                Unblock_Energy_Mode
 .text.SYSTEM_GetProdRev
                0x0000233c       0x1c ./src/main.o
 .text.CHIP_Init
                0x00002358       0x70 ./src/main.o
 .text.main     0x000023c8       0xf8 ./src/main.o
                0x000023c8                main
 .text.exit     0x000024c0       0x28 c:/siliconlabs/simplicitystudio/v4/developer/toolchains/gnu_arm/4.9_2015q3/bin/../lib/gcc/arm-none-eabi/4.9.3/../../../../arm-none-eabi/lib/armv7e-m/softfp\libc_nano.a(lib_a-exit.o)
                0x000024c0                exit
 .text.__libc_init_array
                0x000024e8       0x4c c:/siliconlabs/simplicitystudio/v4/developer/toolchains/gnu_arm/4.9_2015q3/bin/../lib/gcc/arm-none-eabi/4.9.3/../../../../arm-none-eabi/lib/armv7e-m/softfp\libc_nano.a(lib_a-init.o)
                0x000024e8                __libc_init_array
 .text.memset   0x00002534       0x10 c:/siliconlabs/simplicitystudio/v4/developer/toolchains/gnu_arm/4.9_2015q3/bin/../lib/gcc/arm-none-eabi/4.9.3/../../../../arm-none-eabi/lib/armv7e-m/softfp\libc_nano.a(lib_a-memset.o)
                0x00002534                memset
 .text.printf   0x00002544       0x30 c:/siliconlabs/simplicitystudio/v4/developer/toolchains/gnu_arm/4.9_2015q3/bin/../lib/gcc/arm-none-eabi/4.9.3/../../../../arm-none-eabi/lib/armv7e-m/softfp\libc_nano.a(lib_a-printf.o)
                0x00002544                iprintf
                0x00002544                printf
 .text.strcat   0x00002574       0x1e c:/siliconlabs/simplicitystudio/v4/developer/toolchains/gnu_arm/4.9_2015q3/bin/../lib/gcc/arm-none-eabi/4.9.3/../../../../arm-none-eabi/lib/armv7e-m/softfp\libc_nano.a(lib_a-strcat.o)
                0x00002574                strcat
 .text          0x00002592       0x14 c:/siliconlabs/simplicitystudio/v4/developer/toolchains/gnu_arm/4.9_2015q3/bin/../lib/gcc/arm-none-eabi/4.9.3/../../../../arm-none-eabi/lib/armv7e-m/softfp\libc_nano.a(lib_a-strcmp.o)
                0x00002592                strcmp
 .text.strlen   0x000025a6       0x10 c:/siliconlabs/simplicitystudio/v4/developer/toolchains/gnu_arm/4.9_2015q3/bin/../lib/gcc/arm-none-eabi/4.9.3/../../../../arm-none-eabi/lib/armv7e-m/softfp\libc_nano.a(lib_a-strlen.o)
                0x000025a6                strlen
 *fill*         0x000025b6        0x2 
 .text._cleanup_r
                0x000025b8        0xc c:/siliconlabs/simplicitystudio/v4/developer/toolchains/gnu_arm/4.9_2015q3/bin/../lib/gcc/arm-none-eabi/4.9.3/../../../../arm-none-eabi/lib/armv7e-m/softfp\libc_nano.a(lib_a-findfp.o)
                0x000025b8                _cleanup_r
 .text.std.isra.0
                0x000025c4       0x48 c:/siliconlabs/simplicitystudio/v4/developer/toolchains/gnu_arm/4.9_2015q3/bin/../lib/gcc/arm-none-eabi/4.9.3/../../../../arm-none-eabi/lib/armv7e-m/softfp\libc_nano.a(lib_a-findfp.o)
 .text.__sfmoreglue
                0x0000260c       0x2c c:/siliconlabs/simplicitystudio/v4/developer/toolchains/gnu_arm/4.9_2015q3/bin/../lib/gcc/arm-none-eabi/4.9.3/../../../../arm-none-eabi/lib/armv7e-m/softfp\libc_nano.a(lib_a-findfp.o)
                0x0000260c                __sfmoreglue
 .text.__sinit  0x00002638       0x60 c:/siliconlabs/simplicitystudio/v4/developer/toolchains/gnu_arm/4.9_2015q3/bin/../lib/gcc/arm-none-eabi/4.9.3/../../../../arm-none-eabi/lib/armv7e-m/softfp\libc_nano.a(lib_a-findfp.o)
                0x00002638                __sinit
 .text.__sfp    0x00002698       0x74 c:/siliconlabs/simplicitystudio/v4/developer/toolchains/gnu_arm/4.9_2015q3/bin/../lib/gcc/arm-none-eabi/4.9.3/../../../../arm-none-eabi/lib/armv7e-m/softfp\libc_nano.a(lib_a-findfp.o)
                0x00002698                __sfp
 .text._fwalk_reent
                0x0000270c       0x3c c:/siliconlabs/simplicitystudio/v4/developer/toolchains/gnu_arm/4.9_2015q3/bin/../lib/gcc/arm-none-eabi/4.9.3/../../../../arm-none-eabi/lib/armv7e-m/softfp\libc_nano.a(lib_a-fwalk.o)
                0x0000270c                _fwalk_reent
 .text._malloc_r
                0x00002748       0xac c:/siliconlabs/simplicitystudio/v4/developer/toolchains/gnu_arm/4.9_2015q3/bin/../lib/gcc/arm-none-eabi/4.9.3/../../../../arm-none-eabi/lib/armv7e-m/softfp\libc_nano.a(lib_a-nano-mallocr.o)
                0x00002748                _malloc_r
 .text.__sfputc_r
                0x000027f4       0x2c c:/siliconlabs/simplicitystudio/v4/developer/toolchains/gnu_arm/4.9_2015q3/bin/../lib/gcc/arm-none-eabi/4.9.3/../../../../arm-none-eabi/lib/armv7e-m/softfp\libc_nano.a(lib_a-nano-vfprintf.o)
 .text.__sfputs_r
                0x00002820       0x24 c:/siliconlabs/simplicitystudio/v4/developer/toolchains/gnu_arm/4.9_2015q3/bin/../lib/gcc/arm-none-eabi/4.9.3/../../../../arm-none-eabi/lib/armv7e-m/softfp\libc_nano.a(lib_a-nano-vfprintf.o)
                0x00002820                __sfputs_r
 .text._vfprintf_r
                0x00002844      0x210 c:/siliconlabs/simplicitystudio/v4/developer/toolchains/gnu_arm/4.9_2015q3/bin/../lib/gcc/arm-none-eabi/4.9.3/../../../../arm-none-eabi/lib/armv7e-m/softfp\libc_nano.a(lib_a-nano-vfprintf.o)
                0x00002844                _vfprintf_r
                0x00002844                _vfiprintf_r
 .text._printf_common
                0x00002a54       0xea c:/siliconlabs/simplicitystudio/v4/developer/toolchains/gnu_arm/4.9_2015q3/bin/../lib/gcc/arm-none-eabi/4.9.3/../../../../arm-none-eabi/lib/armv7e-m/softfp\libc_nano.a(lib_a-nano-vfprintf_i.o)
                0x00002a54                _printf_common
 *fill*         0x00002b3e        0x2 
 .text._printf_i
                0x00002b40      0x240 c:/siliconlabs/simplicitystudio/v4/developer/toolchains/gnu_arm/4.9_2015q3/bin/../lib/gcc/arm-none-eabi/4.9.3/../../../../arm-none-eabi/lib/armv7e-m/softfp\libc_nano.a(lib_a-nano-vfprintf_i.o)
                0x00002b40                _printf_i
 .text._sbrk_r  0x00002d80       0x20 c:/siliconlabs/simplicitystudio/v4/developer/toolchains/gnu_arm/4.9_2015q3/bin/../lib/gcc/arm-none-eabi/4.9.3/../../../../arm-none-eabi/lib/armv7e-m/softfp\libc_nano.a(lib_a-sbrkr.o)
                0x00002d80                _sbrk_r
 .text.__sread  0x00002da0       0x22 c:/siliconlabs/simplicitystudio/v4/developer/toolchains/gnu_arm/4.9_2015q3/bin/../lib/gcc/arm-none-eabi/4.9.3/../../../../arm-none-eabi/lib/armv7e-m/softfp\libc_nano.a(lib_a-stdio.o)
                0x00002da0                __sread
 .text.__swrite
                0x00002dc2       0x38 c:/siliconlabs/simplicitystudio/v4/developer/toolchains/gnu_arm/4.9_2015q3/bin/../lib/gcc/arm-none-eabi/4.9.3/../../../../arm-none-eabi/lib/armv7e-m/softfp\libc_nano.a(lib_a-stdio.o)
                0x00002dc2                __swrite
 .text.__sseek  0x00002dfa       0x24 c:/siliconlabs/simplicitystudio/v4/developer/toolchains/gnu_arm/4.9_2015q3/bin/../lib/gcc/arm-none-eabi/4.9.3/../../../../arm-none-eabi/lib/armv7e-m/softfp\libc_nano.a(lib_a-stdio.o)
                0x00002dfa                __sseek
 .text.__sclose
                0x00002e1e        0x8 c:/siliconlabs/simplicitystudio/v4/developer/toolchains/gnu_arm/4.9_2015q3/bin/../lib/gcc/arm-none-eabi/4.9.3/../../../../arm-none-eabi/lib/armv7e-m/softfp\libc_nano.a(lib_a-stdio.o)
                0x00002e1e                __sclose
 *fill*         0x00002e26        0x2 
 .text.__swbuf_r
                0x00002e28       0xa8 c:/siliconlabs/simplicitystudio/v4/developer/toolchains/gnu_arm/4.9_2015q3/bin/../lib/gcc/arm-none-eabi/4.9.3/../../../../arm-none-eabi/lib/armv7e-m/softfp\libc_nano.a(lib_a-wbuf.o)
                0x00002e28                __swbuf_r
 .text._write_r
                0x00002ed0       0x24 c:/siliconlabs/simplicitystudio/v4/developer/toolchains/gnu_arm/4.9_2015q3/bin/../lib/gcc/arm-none-eabi/4.9.3/../../../../arm-none-eabi/lib/armv7e-m/softfp\libc_nano.a(lib_a-writer.o)
                0x00002ed0                _write_r
 .text.__swsetup_r
                0x00002ef4       0xd8 c:/siliconlabs/simplicitystudio/v4/developer/toolchains/gnu_arm/4.9_2015q3/bin/../lib/gcc/arm-none-eabi/4.9.3/../../../../arm-none-eabi/lib/armv7e-m/softfp\libc_nano.a(lib_a-wsetup.o)
                0x00002ef4                __swsetup_r
 .text._close_r
                0x00002fcc       0x20 c:/siliconlabs/simplicitystudio/v4/developer/toolchains/gnu_arm/4.9_2015q3/bin/../lib/gcc/arm-none-eabi/4.9.3/../../../../arm-none-eabi/lib/armv7e-m/softfp\libc_nano.a(lib_a-closer.o)
                0x00002fcc                _close_r
 .text.__sflush_r
                0x00002fec      0x108 c:/siliconlabs/simplicitystudio/v4/developer/toolchains/gnu_arm/4.9_2015q3/bin/../lib/gcc/arm-none-eabi/4.9.3/../../../../arm-none-eabi/lib/armv7e-m/softfp\libc_nano.a(lib_a-fflush.o)
                0x00002fec                __sflush_r
 .text._fflush_r
                0x000030f4       0x54 c:/siliconlabs/simplicitystudio/v4/developer/toolchains/gnu_arm/4.9_2015q3/bin/../lib/gcc/arm-none-eabi/4.9.3/../../../../arm-none-eabi/lib/armv7e-m/softfp\libc_nano.a(lib_a-fflush.o)
                0x000030f4                _fflush_r
 .text._lseek_r
                0x00003148       0x24 c:/siliconlabs/simplicitystudio/v4/developer/toolchains/gnu_arm/4.9_2015q3/bin/../lib/gcc/arm-none-eabi/4.9.3/../../../../arm-none-eabi/lib/armv7e-m/softfp\libc_nano.a(lib_a-lseekr.o)
                0x00003148                _lseek_r
 .text.__smakebuf_r
                0x0000316c       0x9c c:/siliconlabs/simplicitystudio/v4/developer/toolchains/gnu_arm/4.9_2015q3/bin/../lib/gcc/arm-none-eabi/4.9.3/../../../../arm-none-eabi/lib/armv7e-m/softfp\libc_nano.a(lib_a-makebuf.o)
                0x0000316c                __smakebuf_r
 .text.memchr   0x00003208       0x1e c:/siliconlabs/simplicitystudio/v4/developer/toolchains/gnu_arm/4.9_2015q3/bin/../lib/gcc/arm-none-eabi/4.9.3/../../../../arm-none-eabi/lib/armv7e-m/softfp\libc_nano.a(lib_a-memchr.o)
                0x00003208                memchr
 *fill*         0x00003226        0x2 
 .text._free_r  0x00003228       0x88 c:/siliconlabs/simplicitystudio/v4/developer/toolchains/gnu_arm/4.9_2015q3/bin/../lib/gcc/arm-none-eabi/4.9.3/../../../../arm-none-eabi/lib/armv7e-m/softfp\libc_nano.a(lib_a-nano-freer.o)
                0x00003228                _free_r
 .text._read_r  0x000032b0       0x24 c:/siliconlabs/simplicitystudio/v4/developer/toolchains/gnu_arm/4.9_2015q3/bin/../lib/gcc/arm-none-eabi/4.9.3/../../../../arm-none-eabi/lib/armv7e-m/softfp\libc_nano.a(lib_a-readr.o)
                0x000032b0                _read_r
 .text._fstat_r
                0x000032d4       0x24 c:/siliconlabs/simplicitystudio/v4/developer/toolchains/gnu_arm/4.9_2015q3/bin/../lib/gcc/arm-none-eabi/4.9.3/../../../../arm-none-eabi/lib/armv7e-m/softfp\libc_nano.a(lib_a-fstatr.o)
                0x000032d4                _fstat_r
 .text._isatty_r
                0x000032f8       0x20 c:/siliconlabs/simplicitystudio/v4/developer/toolchains/gnu_arm/4.9_2015q3/bin/../lib/gcc/arm-none-eabi/4.9.3/../../../../arm-none-eabi/lib/armv7e-m/softfp\libc_nano.a(lib_a-isattyr.o)
                0x000032f8                _isatty_r
 .text._close   0x00003318       0x10 c:/siliconlabs/simplicitystudio/v4/developer/toolchains/gnu_arm/4.9_2015q3/bin/../lib/gcc/arm-none-eabi/4.9.3/../../../../arm-none-eabi/lib/armv7e-m/softfp\libnosys.a(close.o)
                0x00003318                _close
 .text._fstat   0x00003328       0x10 c:/siliconlabs/simplicitystudio/v4/developer/toolchains/gnu_arm/4.9_2015q3/bin/../lib/gcc/arm-none-eabi/4.9.3/../../../../arm-none-eabi/lib/armv7e-m/softfp\libnosys.a(fstat.o)
                0x00003328                _fstat
 .text._isatty  0x00003338       0x10 c:/siliconlabs/simplicitystudio/v4/developer/toolchains/gnu_arm/4.9_2015q3/bin/../lib/gcc/arm-none-eabi/4.9.3/../../../../arm-none-eabi/lib/armv7e-m/softfp\libnosys.a(isatty.o)
                0x00003338                _isatty
 .text._lseek   0x00003348       0x10 c:/siliconlabs/simplicitystudio/v4/developer/toolchains/gnu_arm/4.9_2015q3/bin/../lib/gcc/arm-none-eabi/4.9.3/../../../../arm-none-eabi/lib/armv7e-m/softfp\libnosys.a(lseek.o)
                0x00003348                _lseek
 .text._read    0x00003358       0x10 c:/siliconlabs/simplicitystudio/v4/developer/toolchains/gnu_arm/4.9_2015q3/bin/../lib/gcc/arm-none-eabi/4.9.3/../../../../arm-none-eabi/lib/armv7e-m/softfp\libnosys.a(read.o)
                0x00003358                _read
 .text._sbrk    0x00003368       0x1c c:/siliconlabs/simplicitystudio/v4/developer/toolchains/gnu_arm/4.9_2015q3/bin/../lib/gcc/arm-none-eabi/4.9.3/../../../../arm-none-eabi/lib/armv7e-m/softfp\libnosys.a(sbrk.o)
                0x00003368                _sbrk
 .text._write   0x00003384       0x10 c:/siliconlabs/simplicitystudio/v4/developer/toolchains/gnu_arm/4.9_2015q3/bin/../lib/gcc/arm-none-eabi/4.9.3/../../../../arm-none-eabi/lib/armv7e-m/softfp\libnosys.a(write.o)
                0x00003384                _write
 .text._exit    0x00003394        0x4 c:/siliconlabs/simplicitystudio/v4/developer/toolchains/gnu_arm/4.9_2015q3/bin/../lib/gcc/arm-none-eabi/4.9.3/../../../../arm-none-eabi/lib/armv7e-m/softfp\libnosys.a(_exit.o)
                0x00003394                _exit
 *(.init)
 .init          0x00003398        0x4 c:/siliconlabs/simplicitystudio/v4/developer/toolchains/gnu_arm/4.9_2015q3/bin/../lib/gcc/arm-none-eabi/4.9.3/armv7e-m/softfp/crti.o
                0x00003398                _init
 .init          0x0000339c        0x8 c:/siliconlabs/simplicitystudio/v4/developer/toolchains/gnu_arm/4.9_2015q3/bin/../lib/gcc/arm-none-eabi/4.9.3/armv7e-m/softfp/crtn.o
 *(.fini)
 .fini          0x000033a4        0x4 c:/siliconlabs/simplicitystudio/v4/developer/toolchains/gnu_arm/4.9_2015q3/bin/../lib/gcc/arm-none-eabi/4.9.3/armv7e-m/softfp/crti.o
                0x000033a4                _fini
 .fini          0x000033a8        0x8 c:/siliconlabs/simplicitystudio/v4/developer/toolchains/gnu_arm/4.9_2015q3/bin/../lib/gcc/arm-none-eabi/4.9.3/armv7e-m/softfp/crtn.o
 *crtbegin.o(.ctors)
 *crtbegin?.o(.ctors)
 *(EXCLUDE_FILE(*crtend.o *crtend?.o) .ctors)
 *(SORT(.ctors.*))
 *(.ctors)
 *crtbegin.o(.dtors)
 *crtbegin?.o(.dtors)
 *(EXCLUDE_FILE(*crtend.o *crtend?.o) .dtors)
 *(SORT(.dtors.*))
 *(.dtors)
 *(.rodata*)
 .rodata        0x000033b0      0x12f ./emlib/em_cmu.o
 *fill*         0x000034df        0x1 
 .rodata.flashWsTable
                0x000034e0       0x28 ./emlib/em_cmu.o
 .rodata        0x00003508       0x63 ./emlib/em_emu.o
 *fill*         0x0000356b        0x1 
 .rodata        0x0000356c       0xc8 ./emlib/em_gpio.o
 .rodata        0x00003634       0x66 ./emlib/em_leuart.o
 *fill*         0x0000369a        0x2 
 .rodata        0x0000369c        0x2 ./src/ATCommandsLib.o
 *fill*         0x0000369e        0x2 
 .rodata        0x000036a0       0x24 ./src/My_Sleep.o
 .rodata        0x000036c4       0x1b ./src/main.o
 .rodata.str1.1
                0x000036df        0x2 c:/siliconlabs/simplicitystudio/v4/developer/toolchains/gnu_arm/4.9_2015q3/bin/../lib/gcc/arm-none-eabi/4.9.3/../../../../arm-none-eabi/lib/armv7e-m/softfp\libc_nano.a(lib_a-impure.o)
 *fill*         0x000036e1        0x3 
 .rodata._global_impure_ptr
                0x000036e4        0x4 c:/siliconlabs/simplicitystudio/v4/developer/toolchains/gnu_arm/4.9_2015q3/bin/../lib/gcc/arm-none-eabi/4.9.3/../../../../arm-none-eabi/lib/armv7e-m/softfp\libc_nano.a(lib_a-impure.o)
                0x000036e4                _global_impure_ptr
 .rodata.__sf_fake_stdin
                0x000036e8       0x20 c:/siliconlabs/simplicitystudio/v4/developer/toolchains/gnu_arm/4.9_2015q3/bin/../lib/gcc/arm-none-eabi/4.9.3/../../../../arm-none-eabi/lib/armv7e-m/softfp\libc_nano.a(lib_a-findfp.o)
                0x000036e8                __sf_fake_stdin
 .rodata.__sf_fake_stdout
                0x00003708       0x20 c:/siliconlabs/simplicitystudio/v4/developer/toolchains/gnu_arm/4.9_2015q3/bin/../lib/gcc/arm-none-eabi/4.9.3/../../../../arm-none-eabi/lib/armv7e-m/softfp\libc_nano.a(lib_a-findfp.o)
                0x00003708                __sf_fake_stdout
 .rodata.__sf_fake_stderr
                0x00003728       0x20 c:/siliconlabs/simplicitystudio/v4/developer/toolchains/gnu_arm/4.9_2015q3/bin/../lib/gcc/arm-none-eabi/4.9.3/../../../../arm-none-eabi/lib/armv7e-m/softfp\libc_nano.a(lib_a-findfp.o)
                0x00003728                __sf_fake_stderr
 .rodata.str1.1
                0x00003748       0x11 c:/siliconlabs/simplicitystudio/v4/developer/toolchains/gnu_arm/4.9_2015q3/bin/../lib/gcc/arm-none-eabi/4.9.3/../../../../arm-none-eabi/lib/armv7e-m/softfp\libc_nano.a(lib_a-nano-vfprintf.o)
 .rodata.str1.1
                0x00003759       0x22 c:/siliconlabs/simplicitystudio/v4/developer/toolchains/gnu_arm/4.9_2015q3/bin/../lib/gcc/arm-none-eabi/4.9.3/../../../../arm-none-eabi/lib/armv7e-m/softfp\libc_nano.a(lib_a-nano-vfprintf_i.o)
 *(.eh_frame*)
 *fill*         0x0000377b        0x1 
 .eh_frame      0x0000377c        0x0 c:/siliconlabs/simplicitystudio/v4/developer/toolchains/gnu_arm/4.9_2015q3/bin/../lib/gcc/arm-none-eabi/4.9.3/armv7e-m/softfp/crtbegin.o
 .eh_frame      0x0000377c       0x28 c:/siliconlabs/simplicitystudio/v4/developer/toolchains/gnu_arm/4.9_2015q3/bin/../lib/gcc/arm-none-eabi/4.9.3/../../../../arm-none-eabi/lib/armv7e-m/softfp\libc_nano.a(lib_a-strcmp.o)
 .eh_frame      0x000037a4        0x4 c:/siliconlabs/simplicitystudio/v4/developer/toolchains/gnu_arm/4.9_2015q3/bin/../lib/gcc/arm-none-eabi/4.9.3/armv7e-m/softfp/crtend.o

.glue_7         0x000037a8        0x0
 .glue_7        0x00000000        0x0 linker stubs

.glue_7t        0x000037a8        0x0
 .glue_7t       0x00000000        0x0 linker stubs

.vfp11_veneer   0x000037a8        0x0
 .vfp11_veneer  0x00000000        0x0 linker stubs

.v4_bx          0x000037a8        0x0
 .v4_bx         0x00000000        0x0 linker stubs

.iplt           0x000037a8        0x0
 .iplt          0x00000000        0x0 c:/siliconlabs/simplicitystudio/v4/developer/toolchains/gnu_arm/4.9_2015q3/bin/../lib/gcc/arm-none-eabi/4.9.3/armv7e-m/softfp/crtbegin.o

.ARM.extab
 *(.ARM.extab* .gnu.linkonce.armextab.*)
                0x000037a8                __exidx_start = .

.ARM.exidx      0x000037a8        0x8
 *(.ARM.exidx* .gnu.linkonce.armexidx.*)
 .ARM.exidx     0x000037a8        0x8 c:/siliconlabs/simplicitystudio/v4/developer/toolchains/gnu_arm/4.9_2015q3/bin/../lib/gcc/arm-none-eabi/4.9.3/../../../../arm-none-eabi/lib/armv7e-m/softfp/crt0.o
                0x000037b0                __exidx_end = .
                0x000037b0                __etext = .

.rel.dyn        0x000037b0        0x0
 .rel.iplt      0x00000000        0x0 c:/siliconlabs/simplicitystudio/v4/developer/toolchains/gnu_arm/4.9_2015q3/bin/../lib/gcc/arm-none-eabi/4.9.3/armv7e-m/softfp/crtbegin.o

.data           0x20000000       0x84 load address 0x000037b0
                0x20000000                __data_start__ = .
 *(vtable)
 *(.data*)
 .data.SystemHFXOClock
                0x20000000        0x4 ./CMSIS/EFM32PG12B/system_efm32pg12b.o
 .data.SystemLFXOClock
                0x20000004        0x4 ./CMSIS/EFM32PG12B/system_efm32pg12b.o
 .data.SystemCoreClock
                0x20000008        0x4 ./CMSIS/EFM32PG12B/system_efm32pg12b.o
                0x20000008                SystemCoreClock
 .data.SystemHfrcoFreq
                0x2000000c        0x4 ./CMSIS/EFM32PG12B/system_efm32pg12b.o
                0x2000000c                SystemHfrcoFreq
 .data.auxHfrcoFreq
                0x20000010        0x4 ./emlib/em_cmu.o
 .data.impure_data
                0x20000014       0x60 c:/siliconlabs/simplicitystudio/v4/developer/toolchains/gnu_arm/4.9_2015q3/bin/../lib/gcc/arm-none-eabi/4.9.3/../../../../arm-none-eabi/lib/armv7e-m/softfp\libc_nano.a(lib_a-impure.o)
 .data._impure_ptr
                0x20000074        0x4 c:/siliconlabs/simplicitystudio/v4/developer/toolchains/gnu_arm/4.9_2015q3/bin/../lib/gcc/arm-none-eabi/4.9.3/../../../../arm-none-eabi/lib/armv7e-m/softfp\libc_nano.a(lib_a-impure.o)
                0x20000074                _impure_ptr
                0x20000078                . = ALIGN (0x4)
                0x20000078                PROVIDE (__ram_func_section_start, .)
 *(.ram)
                0x20000078                PROVIDE (__ram_func_section_end, .)
                0x20000078                . = ALIGN (0x4)
                0x20000078                PROVIDE (__preinit_array_start, .)
 *(.preinit_array)
                0x20000078                PROVIDE (__preinit_array_end, .)
                0x20000078                . = ALIGN (0x4)
                0x20000078                PROVIDE (__init_array_start, .)
 *(SORT(.init_array.*))
 *(.init_array)
 .init_array    0x20000078        0x4 c:/siliconlabs/simplicitystudio/v4/developer/toolchains/gnu_arm/4.9_2015q3/bin/../lib/gcc/arm-none-eabi/4.9.3/armv7e-m/softfp/crtbegin.o
                0x2000007c                PROVIDE (__init_array_end, .)
                0x2000007c                . = ALIGN (0x4)
                0x2000007c                PROVIDE (__fini_array_start, .)
 *(SORT(.fini_array.*))
 *(.fini_array)
 .fini_array    0x2000007c        0x4 c:/siliconlabs/simplicitystudio/v4/developer/toolchains/gnu_arm/4.9_2015q3/bin/../lib/gcc/arm-none-eabi/4.9.3/armv7e-m/softfp/crtbegin.o
                0x20000080                PROVIDE (__fini_array_end, .)
 *(.jcr*)
 .jcr           0x20000080        0x0 c:/siliconlabs/simplicitystudio/v4/developer/toolchains/gnu_arm/4.9_2015q3/bin/../lib/gcc/arm-none-eabi/4.9.3/armv7e-m/softfp/crtbegin.o
 .jcr           0x20000080        0x4 c:/siliconlabs/simplicitystudio/v4/developer/toolchains/gnu_arm/4.9_2015q3/bin/../lib/gcc/arm-none-eabi/4.9.3/armv7e-m/softfp/crtend.o
                0x20000084                . = ALIGN (0x4)
                0x20000084                __data_end__ = .

.igot.plt       0x20000084        0x0 load address 0x00003834
 .igot.plt      0x00000000        0x0 c:/siliconlabs/simplicitystudio/v4/developer/toolchains/gnu_arm/4.9_2015q3/bin/../lib/gcc/arm-none-eabi/4.9.3/armv7e-m/softfp/crtbegin.o

.bss            0x20000084       0x64 load address 0x00003834
                0x20000084                . = ALIGN (0x4)
                0x20000084                __bss_start__ = .
 *(.bss*)
 .bss           0x20000084       0x1c c:/siliconlabs/simplicitystudio/v4/developer/toolchains/gnu_arm/4.9_2015q3/bin/../lib/gcc/arm-none-eabi/4.9.3/armv7e-m/softfp/crtbegin.o
 .bss.vScaleEM01Config
                0x200000a0        0x1 ./emlib/em_emu.o
 *fill*         0x200000a1        0x3 
 .bss.cmuStatus.6464
                0x200000a4        0x4 ./emlib/em_emu.o
 .bss.hfClock.6465
                0x200000a8        0x1 ./emlib/em_emu.o
 .bss.vScaleStatus.6466
                0x200000a9        0x1 ./emlib/em_emu.o
 *fill*         0x200000aa        0x2 
 .bss.hfrcoCtrl.6467
                0x200000ac        0x4 ./emlib/em_emu.o
 .bss.TXC_Flag  0x200000b0        0x1 ./src/main.o
                0x200000b0                TXC_Flag
 .bss.RX_Index  0x200000b1        0x1 ./src/main.o
                0x200000b1                RX_Index
 .bss.SchedulerEvent
                0x200000b2        0x1 ./src/main.o
                0x200000b2                SchedulerEvent
 *fill*         0x200000b3        0x1 
 .bss.__malloc_sbrk_start
                0x200000b4        0x4 c:/siliconlabs/simplicitystudio/v4/developer/toolchains/gnu_arm/4.9_2015q3/bin/../lib/gcc/arm-none-eabi/4.9.3/../../../../arm-none-eabi/lib/armv7e-m/softfp\libc_nano.a(lib_a-nano-mallocr.o)
                0x200000b4                __malloc_sbrk_start
 .bss.__malloc_free_list
                0x200000b8        0x4 c:/siliconlabs/simplicitystudio/v4/developer/toolchains/gnu_arm/4.9_2015q3/bin/../lib/gcc/arm-none-eabi/4.9.3/../../../../arm-none-eabi/lib/armv7e-m/softfp\libc_nano.a(lib_a-nano-mallocr.o)
                0x200000b8                __malloc_free_list
 .bss.heap_end.4079
                0x200000bc        0x4 c:/siliconlabs/simplicitystudio/v4/developer/toolchains/gnu_arm/4.9_2015q3/bin/../lib/gcc/arm-none-eabi/4.9.3/../../../../arm-none-eabi/lib/armv7e-m/softfp\libnosys.a(sbrk.o)
 *(COMMON)
 COMMON         0x200000c0       0x21 ./src/main.o
                0x200000c0                RX_Buffer
                0x200000dc                EnergyMode_Counter
 *fill*         0x200000e1        0x3 
 COMMON         0x200000e4        0x4 c:/siliconlabs/simplicitystudio/v4/developer/toolchains/gnu_arm/4.9_2015q3/bin/../lib/gcc/arm-none-eabi/4.9.3/../../../../arm-none-eabi/lib/armv7e-m/softfp\libc_nano.a(lib_a-reent.o)
                0x200000e4                errno
                0x200000e8                . = ALIGN (0x4)
                0x200000e8                __bss_end__ = .

.heap           0x200000e8      0xc00
                0x200000e8                __HeapBase = .
                0x200000e8                __end__ = .
                0x200000e8                end = __end__
                0x200000e8                _end = __end__
 *(.heap*)
 .heap          0x200000e8      0xc00 ./CMSIS/EFM32PG12B/startup_efm32pg12b.o
                0x20000ce8                __HeapLimit = .

.stack_dummy    0x200000e8      0x400
 *(.stack*)
 .stack         0x200000e8      0x400 ./CMSIS/EFM32PG12B/startup_efm32pg12b.o
                0x20040000                __StackTop = (ORIGIN (RAM) + 0x40000)
                0x2003fc00                __StackLimit = (__StackTop - SIZEOF (.stack_dummy))
                0x20040000                PROVIDE (__stack, __StackTop)
                0x00000001                ASSERT ((__StackLimit >= __HeapLimit), region RAM overflowed with stack)
                0x00000001                ASSERT ((0x100000 >= (__etext + SIZEOF (.data))), FLASH memory overflowed !)
OUTPUT(PatientTracker_Xbee2.axf elf32-littlearm)

.ARM.attributes
                0x00000000       0x2e
 .ARM.attributes
                0x00000000       0x22 c:/siliconlabs/simplicitystudio/v4/developer/toolchains/gnu_arm/4.9_2015q3/bin/../lib/gcc/arm-none-eabi/4.9.3/armv7e-m/softfp/crti.o
 .ARM.attributes
                0x00000022       0x32 c:/siliconlabs/simplicitystudio/v4/developer/toolchains/gnu_arm/4.9_2015q3/bin/../lib/gcc/arm-none-eabi/4.9.3/armv7e-m/softfp/crtbegin.o
 .ARM.attributes
                0x00000054       0x20 c:/siliconlabs/simplicitystudio/v4/developer/toolchains/gnu_arm/4.9_2015q3/bin/../lib/gcc/arm-none-eabi/4.9.3/../../../../arm-none-eabi/lib/armv7e-m/softfp/crt0.o
 .ARM.attributes
                0x00000074       0x1f ./CMSIS/EFM32PG12B/startup_efm32pg12b.o
 .ARM.attributes
                0x00000093       0x37 ./CMSIS/EFM32PG12B/system_efm32pg12b.o
 .ARM.attributes
                0x000000ca       0x37 ./emlib/em_assert.o
 .ARM.attributes
                0x00000101       0x37 ./emlib/em_cmu.o
 .ARM.attributes
                0x00000138       0x37 ./emlib/em_core.o
 .ARM.attributes
                0x0000016f       0x37 ./emlib/em_emu.o
 .ARM.attributes
                0x000001a6       0x37 ./emlib/em_gpio.o
 .ARM.attributes
                0x000001dd       0x37 ./emlib/em_leuart.o
 .ARM.attributes
                0x00000214       0x37 ./src/ATCommandsLib.o
 .ARM.attributes
                0x0000024b       0x37 ./src/My_LEUART.o
 .ARM.attributes
                0x00000282       0x37 ./src/My_Sleep.o
 .ARM.attributes
                0x000002b9       0x37 ./src/main.o
 .ARM.attributes
                0x000002f0       0x32 c:/siliconlabs/simplicitystudio/v4/developer/toolchains/gnu_arm/4.9_2015q3/bin/../lib/gcc/arm-none-eabi/4.9.3/../../../../arm-none-eabi/lib/armv7e-m/softfp\libc_nano.a(lib_a-exit.o)
 .ARM.attributes
                0x00000322       0x32 c:/siliconlabs/simplicitystudio/v4/developer/toolchains/gnu_arm/4.9_2015q3/bin/../lib/gcc/arm-none-eabi/4.9.3/../../../../arm-none-eabi/lib/armv7e-m/softfp\libc_nano.a(lib_a-impure.o)
 .ARM.attributes
                0x00000354       0x32 c:/siliconlabs/simplicitystudio/v4/developer/toolchains/gnu_arm/4.9_2015q3/bin/../lib/gcc/arm-none-eabi/4.9.3/../../../../arm-none-eabi/lib/armv7e-m/softfp\libc_nano.a(lib_a-init.o)
 .ARM.attributes
                0x00000386       0x32 c:/siliconlabs/simplicitystudio/v4/developer/toolchains/gnu_arm/4.9_2015q3/bin/../lib/gcc/arm-none-eabi/4.9.3/../../../../arm-none-eabi/lib/armv7e-m/softfp\libc_nano.a(lib_a-memset.o)
 .ARM.attributes
                0x000003b8       0x32 c:/siliconlabs/simplicitystudio/v4/developer/toolchains/gnu_arm/4.9_2015q3/bin/../lib/gcc/arm-none-eabi/4.9.3/../../../../arm-none-eabi/lib/armv7e-m/softfp\libc_nano.a(lib_a-printf.o)
 .ARM.attributes
                0x000003ea       0x32 c:/siliconlabs/simplicitystudio/v4/developer/toolchains/gnu_arm/4.9_2015q3/bin/../lib/gcc/arm-none-eabi/4.9.3/../../../../arm-none-eabi/lib/armv7e-m/softfp\libc_nano.a(lib_a-strcat.o)
 .ARM.attributes
                0x0000041c       0x20 c:/siliconlabs/simplicitystudio/v4/developer/toolchains/gnu_arm/4.9_2015q3/bin/../lib/gcc/arm-none-eabi/4.9.3/../../../../arm-none-eabi/lib/armv7e-m/softfp\libc_nano.a(lib_a-strcmp.o)
 .ARM.attributes
                0x0000043c       0x32 c:/siliconlabs/simplicitystudio/v4/developer/toolchains/gnu_arm/4.9_2015q3/bin/../lib/gcc/arm-none-eabi/4.9.3/../../../../arm-none-eabi/lib/armv7e-m/softfp\libc_nano.a(lib_a-strlen.o)
 .ARM.attributes
                0x0000046e       0x32 c:/siliconlabs/simplicitystudio/v4/developer/toolchains/gnu_arm/4.9_2015q3/bin/../lib/gcc/arm-none-eabi/4.9.3/../../../../arm-none-eabi/lib/armv7e-m/softfp\libc_nano.a(lib_a-findfp.o)
 .ARM.attributes
                0x000004a0       0x32 c:/siliconlabs/simplicitystudio/v4/developer/toolchains/gnu_arm/4.9_2015q3/bin/../lib/gcc/arm-none-eabi/4.9.3/../../../../arm-none-eabi/lib/armv7e-m/softfp\libc_nano.a(lib_a-fwalk.o)
 .ARM.attributes
                0x000004d2       0x32 c:/siliconlabs/simplicitystudio/v4/developer/toolchains/gnu_arm/4.9_2015q3/bin/../lib/gcc/arm-none-eabi/4.9.3/../../../../arm-none-eabi/lib/armv7e-m/softfp\libc_nano.a(lib_a-nano-mallocr.o)
 .ARM.attributes
                0x00000504       0x32 c:/siliconlabs/simplicitystudio/v4/developer/toolchains/gnu_arm/4.9_2015q3/bin/../lib/gcc/arm-none-eabi/4.9.3/../../../../arm-none-eabi/lib/armv7e-m/softfp\libc_nano.a(lib_a-nano-vfprintf.o)
 .ARM.attributes
                0x00000536       0x32 c:/siliconlabs/simplicitystudio/v4/developer/toolchains/gnu_arm/4.9_2015q3/bin/../lib/gcc/arm-none-eabi/4.9.3/../../../../arm-none-eabi/lib/armv7e-m/softfp\libc_nano.a(lib_a-nano-vfprintf_i.o)
 .ARM.attributes
                0x00000568       0x32 c:/siliconlabs/simplicitystudio/v4/developer/toolchains/gnu_arm/4.9_2015q3/bin/../lib/gcc/arm-none-eabi/4.9.3/../../../../arm-none-eabi/lib/armv7e-m/softfp\libc_nano.a(lib_a-sbrkr.o)
 .ARM.attributes
                0x0000059a       0x32 c:/siliconlabs/simplicitystudio/v4/developer/toolchains/gnu_arm/4.9_2015q3/bin/../lib/gcc/arm-none-eabi/4.9.3/../../../../arm-none-eabi/lib/armv7e-m/softfp\libc_nano.a(lib_a-stdio.o)
 .ARM.attributes
                0x000005cc       0x32 c:/siliconlabs/simplicitystudio/v4/developer/toolchains/gnu_arm/4.9_2015q3/bin/../lib/gcc/arm-none-eabi/4.9.3/../../../../arm-none-eabi/lib/armv7e-m/softfp\libc_nano.a(lib_a-wbuf.o)
 .ARM.attributes
                0x000005fe       0x32 c:/siliconlabs/simplicitystudio/v4/developer/toolchains/gnu_arm/4.9_2015q3/bin/../lib/gcc/arm-none-eabi/4.9.3/../../../../arm-none-eabi/lib/armv7e-m/softfp\libc_nano.a(lib_a-writer.o)
 .ARM.attributes
                0x00000630       0x32 c:/siliconlabs/simplicitystudio/v4/developer/toolchains/gnu_arm/4.9_2015q3/bin/../lib/gcc/arm-none-eabi/4.9.3/../../../../arm-none-eabi/lib/armv7e-m/softfp\libc_nano.a(lib_a-wsetup.o)
 .ARM.attributes
                0x00000662       0x32 c:/siliconlabs/simplicitystudio/v4/developer/toolchains/gnu_arm/4.9_2015q3/bin/../lib/gcc/arm-none-eabi/4.9.3/../../../../arm-none-eabi/lib/armv7e-m/softfp\libc_nano.a(lib_a-closer.o)
 .ARM.attributes
                0x00000694       0x32 c:/siliconlabs/simplicitystudio/v4/developer/toolchains/gnu_arm/4.9_2015q3/bin/../lib/gcc/arm-none-eabi/4.9.3/../../../../arm-none-eabi/lib/armv7e-m/softfp\libc_nano.a(lib_a-fflush.o)
 .ARM.attributes
                0x000006c6       0x32 c:/siliconlabs/simplicitystudio/v4/developer/toolchains/gnu_arm/4.9_2015q3/bin/../lib/gcc/arm-none-eabi/4.9.3/../../../../arm-none-eabi/lib/armv7e-m/softfp\libc_nano.a(lib_a-lseekr.o)
 .ARM.attributes
                0x000006f8       0x32 c:/siliconlabs/simplicitystudio/v4/developer/toolchains/gnu_arm/4.9_2015q3/bin/../lib/gcc/arm-none-eabi/4.9.3/../../../../arm-none-eabi/lib/armv7e-m/softfp\libc_nano.a(lib_a-makebuf.o)
 .ARM.attributes
                0x0000072a       0x32 c:/siliconlabs/simplicitystudio/v4/developer/toolchains/gnu_arm/4.9_2015q3/bin/../lib/gcc/arm-none-eabi/4.9.3/../../../../arm-none-eabi/lib/armv7e-m/softfp\libc_nano.a(lib_a-memchr.o)
 .ARM.attributes
                0x0000075c       0x32 c:/siliconlabs/simplicitystudio/v4/developer/toolchains/gnu_arm/4.9_2015q3/bin/../lib/gcc/arm-none-eabi/4.9.3/../../../../arm-none-eabi/lib/armv7e-m/softfp\libc_nano.a(lib_a-nano-freer.o)
 .ARM.attributes
                0x0000078e       0x32 c:/siliconlabs/simplicitystudio/v4/developer/toolchains/gnu_arm/4.9_2015q3/bin/../lib/gcc/arm-none-eabi/4.9.3/../../../../arm-none-eabi/lib/armv7e-m/softfp\libc_nano.a(lib_a-readr.o)
 .ARM.attributes
                0x000007c0       0x32 c:/siliconlabs/simplicitystudio/v4/developer/toolchains/gnu_arm/4.9_2015q3/bin/../lib/gcc/arm-none-eabi/4.9.3/../../../../arm-none-eabi/lib/armv7e-m/softfp\libc_nano.a(lib_a-reent.o)
 .ARM.attributes
                0x000007f2       0x32 c:/siliconlabs/simplicitystudio/v4/developer/toolchains/gnu_arm/4.9_2015q3/bin/../lib/gcc/arm-none-eabi/4.9.3/../../../../arm-none-eabi/lib/armv7e-m/softfp\libc_nano.a(lib_a-fstatr.o)
 .ARM.attributes
                0x00000824       0x32 c:/siliconlabs/simplicitystudio/v4/developer/toolchains/gnu_arm/4.9_2015q3/bin/../lib/gcc/arm-none-eabi/4.9.3/../../../../arm-none-eabi/lib/armv7e-m/softfp\libc_nano.a(lib_a-isattyr.o)
 .ARM.attributes
                0x00000856       0x32 c:/siliconlabs/simplicitystudio/v4/developer/toolchains/gnu_arm/4.9_2015q3/bin/../lib/gcc/arm-none-eabi/4.9.3/../../../../arm-none-eabi/lib/armv7e-m/softfp\libnosys.a(close.o)
 .ARM.attributes
                0x00000888       0x32 c:/siliconlabs/simplicitystudio/v4/developer/toolchains/gnu_arm/4.9_2015q3/bin/../lib/gcc/arm-none-eabi/4.9.3/../../../../arm-none-eabi/lib/armv7e-m/softfp\libnosys.a(fstat.o)
 .ARM.attributes
                0x000008ba       0x32 c:/siliconlabs/simplicitystudio/v4/developer/toolchains/gnu_arm/4.9_2015q3/bin/../lib/gcc/arm-none-eabi/4.9.3/../../../../arm-none-eabi/lib/armv7e-m/softfp\libnosys.a(isatty.o)
 .ARM.attributes
                0x000008ec       0x32 c:/siliconlabs/simplicitystudio/v4/developer/toolchains/gnu_arm/4.9_2015q3/bin/../lib/gcc/arm-none-eabi/4.9.3/../../../../arm-none-eabi/lib/armv7e-m/softfp\libnosys.a(lseek.o)
 .ARM.attributes
                0x0000091e       0x32 c:/siliconlabs/simplicitystudio/v4/developer/toolchains/gnu_arm/4.9_2015q3/bin/../lib/gcc/arm-none-eabi/4.9.3/../../../../arm-none-eabi/lib/armv7e-m/softfp\libnosys.a(read.o)
 .ARM.attributes
                0x00000950       0x32 c:/siliconlabs/simplicitystudio/v4/developer/toolchains/gnu_arm/4.9_2015q3/bin/../lib/gcc/arm-none-eabi/4.9.3/../../../../arm-none-eabi/lib/armv7e-m/softfp\libnosys.a(sbrk.o)
 .ARM.attributes
                0x00000982       0x32 c:/siliconlabs/simplicitystudio/v4/developer/toolchains/gnu_arm/4.9_2015q3/bin/../lib/gcc/arm-none-eabi/4.9.3/../../../../arm-none-eabi/lib/armv7e-m/softfp\libnosys.a(write.o)
 .ARM.attributes
                0x000009b4       0x32 c:/siliconlabs/simplicitystudio/v4/developer/toolchains/gnu_arm/4.9_2015q3/bin/../lib/gcc/arm-none-eabi/4.9.3/../../../../arm-none-eabi/lib/armv7e-m/softfp\libnosys.a(_exit.o)
 .ARM.attributes
                0x000009e6       0x32 c:/siliconlabs/simplicitystudio/v4/developer/toolchains/gnu_arm/4.9_2015q3/bin/../lib/gcc/arm-none-eabi/4.9.3/armv7e-m/softfp/crtend.o
 .ARM.attributes
                0x00000a18       0x22 c:/siliconlabs/simplicitystudio/v4/developer/toolchains/gnu_arm/4.9_2015q3/bin/../lib/gcc/arm-none-eabi/4.9.3/armv7e-m/softfp/crtn.o

.comment        0x00000000       0x70
 .comment       0x00000000       0x70 ./CMSIS/EFM32PG12B/system_efm32pg12b.o
                                 0x71 (size before relaxing)
 .comment       0x00000000       0x71 ./emlib/em_assert.o
 .comment       0x00000000       0x71 ./emlib/em_cmu.o
 .comment       0x00000000       0x71 ./emlib/em_core.o
 .comment       0x00000000       0x71 ./emlib/em_emu.o
 .comment       0x00000000       0x71 ./emlib/em_gpio.o
 .comment       0x00000000       0x71 ./emlib/em_leuart.o
 .comment       0x00000000       0x71 ./src/ATCommandsLib.o
 .comment       0x00000000       0x71 ./src/My_LEUART.o
 .comment       0x00000000       0x71 ./src/My_Sleep.o
 .comment       0x00000000       0x71 ./src/main.o

.debug_line     0x00000000     0x7918
 .debug_line    0x00000000       0xd9 ./CMSIS/EFM32PG12B/startup_efm32pg12b.o
 .debug_line    0x000000d9      0x8eb ./CMSIS/EFM32PG12B/system_efm32pg12b.o
 .debug_line    0x000009c4      0x180 ./emlib/em_assert.o
 .debug_line    0x00000b44     0x141e ./emlib/em_cmu.o
 .debug_line    0x00001f62      0xc20 ./emlib/em_core.o
 .debug_line    0x00002b82     0x13f5 ./emlib/em_emu.o
 .debug_line    0x00003f77      0xcaf ./emlib/em_gpio.o
 .debug_line    0x00004c26      0xa58 ./emlib/em_leuart.o
 .debug_line    0x0000567e      0x353 ./src/ATCommandsLib.o
 .debug_line    0x000059d1      0x9f8 ./src/My_LEUART.o
 .debug_line    0x000063c9      0x971 ./src/My_Sleep.o
 .debug_line    0x00006d3a      0xbde ./src/main.o

.debug_info     0x00000000     0x8e1c
 .debug_info    0x00000000      0x115 ./CMSIS/EFM32PG12B/startup_efm32pg12b.o
 .debug_info    0x00000115      0x8b8 ./CMSIS/EFM32PG12B/system_efm32pg12b.o
 .debug_info    0x000009cd       0x7a ./emlib/em_assert.o
 .debug_info    0x00000a47     0x23a1 ./emlib/em_cmu.o
 .debug_info    0x00002de8      0xd32 ./emlib/em_core.o
 .debug_info    0x00003b1a     0x23c9 ./emlib/em_emu.o
 .debug_info    0x00005ee3      0xa56 ./emlib/em_gpio.o
 .debug_info    0x00006939      0x887 ./emlib/em_leuart.o
 .debug_info    0x000071c0       0xfb ./src/ATCommandsLib.o
 .debug_info    0x000072bb      0x9dc ./src/My_LEUART.o
 .debug_info    0x00007c97      0x362 ./src/My_Sleep.o
 .debug_info    0x00007ff9      0xe23 ./src/main.o

.debug_abbrev   0x00000000     0x134e
 .debug_abbrev  0x00000000       0x14 ./CMSIS/EFM32PG12B/startup_efm32pg12b.o
 .debug_abbrev  0x00000014      0x1bb ./CMSIS/EFM32PG12B/system_efm32pg12b.o
 .debug_abbrev  0x000001cf       0x66 ./emlib/em_assert.o
 .debug_abbrev  0x00000235      0x311 ./emlib/em_cmu.o
 .debug_abbrev  0x00000546      0x249 ./emlib/em_core.o
 .debug_abbrev  0x0000078f      0x310 ./emlib/em_emu.o
 .debug_abbrev  0x00000a9f      0x1d0 ./emlib/em_gpio.o
 .debug_abbrev  0x00000c6f      0x1e3 ./emlib/em_leuart.o
 .debug_abbrev  0x00000e52       0xb0 ./src/ATCommandsLib.o
 .debug_abbrev  0x00000f02      0x1ce ./src/My_LEUART.o
 .debug_abbrev  0x000010d0      0x123 ./src/My_Sleep.o
 .debug_abbrev  0x000011f3      0x15b ./src/main.o

.debug_aranges  0x00000000      0x6e8
 .debug_aranges
                0x00000000       0x20 ./CMSIS/EFM32PG12B/startup_efm32pg12b.o
 .debug_aranges
                0x00000020       0x68 ./CMSIS/EFM32PG12B/system_efm32pg12b.o
 .debug_aranges
                0x00000088       0x20 ./emlib/em_assert.o
 .debug_aranges
                0x000000a8      0x1b8 ./emlib/em_cmu.o
 .debug_aranges
                0x00000260       0xe8 ./emlib/em_core.o
 .debug_aranges
                0x00000348      0x1c8 ./emlib/em_emu.o
 .debug_aranges
                0x00000510       0x88 ./emlib/em_gpio.o
 .debug_aranges
                0x00000598       0x88 ./emlib/em_leuart.o
 .debug_aranges
                0x00000620       0x20 ./src/ATCommandsLib.o
 .debug_aranges
                0x00000640       0x40 ./src/My_LEUART.o
 .debug_aranges
                0x00000680       0x38 ./src/My_Sleep.o
 .debug_aranges
                0x000006b8       0x30 ./src/main.o

.debug_loc      0x00000000     0x3832
 .debug_loc     0x00000000      0x2e4 ./CMSIS/EFM32PG12B/system_efm32pg12b.o
 .debug_loc     0x000002e4       0x38 ./emlib/em_assert.o
 .debug_loc     0x0000031c     0x1010 ./emlib/em_cmu.o
 .debug_loc     0x0000132c      0x844 ./emlib/em_core.o
 .debug_loc     0x00001b70      0xfb6 ./emlib/em_emu.o
 .debug_loc     0x00002b26      0x49c ./emlib/em_gpio.o
 .debug_loc     0x00002fc2      0x49c ./emlib/em_leuart.o
 .debug_loc     0x0000345e       0x50 ./src/ATCommandsLib.o
 .debug_loc     0x000034ae      0x1a8 ./src/My_LEUART.o
 .debug_loc     0x00003656      0x110 ./src/My_Sleep.o
 .debug_loc     0x00003766       0xcc ./src/main.o

.debug_ranges   0x00000000      0x618
 .debug_ranges  0x00000000       0x58 ./CMSIS/EFM32PG12B/system_efm32pg12b.o
 .debug_ranges  0x00000058       0x10 ./emlib/em_assert.o
 .debug_ranges  0x00000068      0x1a8 ./emlib/em_cmu.o
 .debug_ranges  0x00000210       0xd8 ./emlib/em_core.o
 .debug_ranges  0x000002e8      0x1b8 ./emlib/em_emu.o
 .debug_ranges  0x000004a0       0x78 ./emlib/em_gpio.o
 .debug_ranges  0x00000518       0x78 ./emlib/em_leuart.o
 .debug_ranges  0x00000590       0x10 ./src/ATCommandsLib.o
 .debug_ranges  0x000005a0       0x30 ./src/My_LEUART.o
 .debug_ranges  0x000005d0       0x28 ./src/My_Sleep.o
 .debug_ranges  0x000005f8       0x20 ./src/main.o

.debug_macro    0x00000000    0x335b9
 .debug_macro   0x00000000      0x273 ./CMSIS/EFM32PG12B/system_efm32pg12b.o
 .debug_macro   0x00000273      0x886 ./CMSIS/EFM32PG12B/system_efm32pg12b.o
 .debug_macro   0x00000af9       0x22 ./CMSIS/EFM32PG12B/system_efm32pg12b.o
 .debug_macro   0x00000b1b       0x44 ./CMSIS/EFM32PG12B/system_efm32pg12b.o
 .debug_macro   0x00000b5f       0xe3 ./CMSIS/EFM32PG12B/system_efm32pg12b.o
 .debug_macro   0x00000c42       0x22 ./CMSIS/EFM32PG12B/system_efm32pg12b.o
 .debug_macro   0x00000c64      0x1df ./CMSIS/EFM32PG12B/system_efm32pg12b.o
 .debug_macro   0x00000e43      0x4b1 ./CMSIS/EFM32PG12B/system_efm32pg12b.o
 .debug_macro   0x000012f4       0x1c ./CMSIS/EFM32PG12B/system_efm32pg12b.o
 .debug_macro   0x00001310       0x22 ./CMSIS/EFM32PG12B/system_efm32pg12b.o
 .debug_macro   0x00001332       0xdf ./CMSIS/EFM32PG12B/system_efm32pg12b.o
 .debug_macro   0x00001411      0xff5 ./CMSIS/EFM32PG12B/system_efm32pg12b.o
 .debug_macro   0x00002406       0xe2 ./CMSIS/EFM32PG12B/system_efm32pg12b.o
 .debug_macro   0x000024e8      0xe1d ./CMSIS/EFM32PG12B/system_efm32pg12b.o
 .debug_macro   0x00003305     0x2276 ./CMSIS/EFM32PG12B/system_efm32pg12b.o
 .debug_macro   0x0000557b      0x32a ./CMSIS/EFM32PG12B/system_efm32pg12b.o
 .debug_macro   0x000058a5     0x3119 ./CMSIS/EFM32PG12B/system_efm32pg12b.o
 .debug_macro   0x000089be     0x1bbb ./CMSIS/EFM32PG12B/system_efm32pg12b.o
 .debug_macro   0x0000a579     0x2675 ./CMSIS/EFM32PG12B/system_efm32pg12b.o
 .debug_macro   0x0000cbee     0x1b1a ./CMSIS/EFM32PG12B/system_efm32pg12b.o
 .debug_macro   0x0000e708      0xe2c ./CMSIS/EFM32PG12B/system_efm32pg12b.o
 .debug_macro   0x0000f534      0x345 ./CMSIS/EFM32PG12B/system_efm32pg12b.o
 .debug_macro   0x0000f879      0x29e ./CMSIS/EFM32PG12B/system_efm32pg12b.o
 .debug_macro   0x0000fb17     0x2764 ./CMSIS/EFM32PG12B/system_efm32pg12b.o
 .debug_macro   0x0001227b     0x31cd ./CMSIS/EFM32PG12B/system_efm32pg12b.o
 .debug_macro   0x00015448     0x136c ./CMSIS/EFM32PG12B/system_efm32pg12b.o
 .debug_macro   0x000167b4      0xde3 ./CMSIS/EFM32PG12B/system_efm32pg12b.o
 .debug_macro   0x00017597      0x249 ./CMSIS/EFM32PG12B/system_efm32pg12b.o
 .debug_macro   0x000177e0     0x1043 ./CMSIS/EFM32PG12B/system_efm32pg12b.o
 .debug_macro   0x00018823     0x1606 ./CMSIS/EFM32PG12B/system_efm32pg12b.o
 .debug_macro   0x00019e29     0x3cb8 ./CMSIS/EFM32PG12B/system_efm32pg12b.o
 .debug_macro   0x0001dae1     0x23fd ./CMSIS/EFM32PG12B/system_efm32pg12b.o
 .debug_macro   0x0001fede      0x70d ./CMSIS/EFM32PG12B/system_efm32pg12b.o
 .debug_macro   0x000205eb     0x26f0 ./CMSIS/EFM32PG12B/system_efm32pg12b.o
 .debug_macro   0x00022cdb     0x1701 ./CMSIS/EFM32PG12B/system_efm32pg12b.o
 .debug_macro   0x000243dc     0x2efc ./CMSIS/EFM32PG12B/system_efm32pg12b.o
 .debug_macro   0x000272d8      0xfb0 ./CMSIS/EFM32PG12B/system_efm32pg12b.o
 .debug_macro   0x00028288      0x6c4 ./CMSIS/EFM32PG12B/system_efm32pg12b.o
 .debug_macro   0x0002894c     0x1022 ./CMSIS/EFM32PG12B/system_efm32pg12b.o
 .debug_macro   0x0002996e      0x889 ./CMSIS/EFM32PG12B/system_efm32pg12b.o
 .debug_macro   0x0002a1f7      0x500 ./CMSIS/EFM32PG12B/system_efm32pg12b.o
 .debug_macro   0x0002a6f7     0x1bc5 ./CMSIS/EFM32PG12B/system_efm32pg12b.o
 .debug_macro   0x0002c2bc       0x40 ./CMSIS/EFM32PG12B/system_efm32pg12b.o
 .debug_macro   0x0002c2fc      0x2ce ./CMSIS/EFM32PG12B/system_efm32pg12b.o
 .debug_macro   0x0002c5ca      0x382 ./CMSIS/EFM32PG12B/system_efm32pg12b.o
 .debug_macro   0x0002c94c      0x190 ./CMSIS/EFM32PG12B/system_efm32pg12b.o
 .debug_macro   0x0002cadc     0x27bf ./CMSIS/EFM32PG12B/system_efm32pg12b.o
 .debug_macro   0x0002f29b      0x304 ./CMSIS/EFM32PG12B/system_efm32pg12b.o
 .debug_macro   0x0002f59f      0x304 ./CMSIS/EFM32PG12B/system_efm32pg12b.o
 .debug_macro   0x0002f8a3       0x23 ./emlib/em_assert.o
 .debug_macro   0x0002f8c6       0x10 ./emlib/em_assert.o
 .debug_macro   0x0002f8d6       0x22 ./emlib/em_assert.o
 .debug_macro   0x0002f8f8      0x387 ./emlib/em_cmu.o
 .debug_macro   0x0002fc7f       0xea ./emlib/em_cmu.o
 .debug_macro   0x0002fd69       0x69 ./emlib/em_cmu.o
 .debug_macro   0x0002fdd2      0x33e ./emlib/em_cmu.o
 .debug_macro   0x00030110      0x166 ./emlib/em_cmu.o
 .debug_macro   0x00030276       0x58 ./emlib/em_cmu.o
 .debug_macro   0x000302ce       0x25 ./emlib/em_cmu.o
 .debug_macro   0x000302f3       0xee ./emlib/em_cmu.o
 .debug_macro   0x000303e1       0x80 ./emlib/em_cmu.o
 .debug_macro   0x00030461      0x29f ./emlib/em_core.o
 .debug_macro   0x00030700       0x63 ./emlib/em_core.o
 .debug_macro   0x00030763       0xba ./emlib/em_core.o
 .debug_macro   0x0003081d      0x36e ./emlib/em_emu.o
 .debug_macro   0x00030b8b       0x7a ./emlib/em_emu.o
 .debug_macro   0x00030c05      0x286 ./emlib/em_gpio.o
 .debug_macro   0x00030e8b       0xe4 ./emlib/em_gpio.o
 .debug_macro   0x00030f6f      0x2a6 ./emlib/em_leuart.o
 .debug_macro   0x00031215      0x1ab ./src/ATCommandsLib.o
 .debug_macro   0x000313c0       0x35 ./src/ATCommandsLib.o
 .debug_macro   0x000313f5       0x9c ./src/ATCommandsLib.o
 .debug_macro   0x00031491       0x16 ./src/ATCommandsLib.o
 .debug_macro   0x000314a7       0x4a ./src/ATCommandsLib.o
 .debug_macro   0x000314f1       0x97 ./src/ATCommandsLib.o
 .debug_macro   0x00031588      0x29d ./src/ATCommandsLib.o
 .debug_macro   0x00031825       0xef ./src/ATCommandsLib.o
 .debug_macro   0x00031914       0x10 ./src/ATCommandsLib.o
 .debug_macro   0x00031924       0x52 ./src/ATCommandsLib.o
 .debug_macro   0x00031976       0x16 ./src/ATCommandsLib.o
 .debug_macro   0x0003198c       0x43 ./src/ATCommandsLib.o
 .debug_macro   0x000319cf      0x180 ./src/ATCommandsLib.o
 .debug_macro   0x00031b4f       0x10 ./src/ATCommandsLib.o
 .debug_macro   0x00031b5f       0x22 ./src/ATCommandsLib.o
 .debug_macro   0x00031b81       0xbe ./src/ATCommandsLib.o
 .debug_macro   0x00031c3f       0x16 ./src/ATCommandsLib.o
 .debug_macro   0x00031c55      0x166 ./src/ATCommandsLib.o
 .debug_macro   0x00031dbb       0x16 ./src/ATCommandsLib.o
 .debug_macro   0x00031dd1       0x35 ./src/ATCommandsLib.o
 .debug_macro   0x00031e06       0x16 ./src/ATCommandsLib.o
 .debug_macro   0x00031e1c       0x22 ./src/ATCommandsLib.o
 .debug_macro   0x00031e3e       0x2e ./src/ATCommandsLib.o
 .debug_macro   0x00031e6c      0x1e5 ./src/ATCommandsLib.o
 .debug_macro   0x00032051      0x45d ./src/ATCommandsLib.o
 .debug_macro   0x000324ae       0x28 ./src/ATCommandsLib.o
 .debug_macro   0x000324d6      0x35c ./src/My_LEUART.o
 .debug_macro   0x00032832       0x10 ./src/My_LEUART.o
 .debug_macro   0x00032842       0xd9 ./src/My_LEUART.o
 .debug_macro   0x0003291b       0x10 ./src/My_LEUART.o
 .debug_macro   0x0003292b       0x46 ./src/My_LEUART.o
 .debug_macro   0x00032971      0x383 ./src/My_Sleep.o
 .debug_macro   0x00032cf4      0x297 ./src/My_Sleep.o
 .debug_macro   0x00032f8b      0x47d ./src/main.o
 .debug_macro   0x00033408       0xc0 ./src/main.o
 .debug_macro   0x000334c8       0xf1 ./src/main.o

.debug_str      0x00000000   0x15b590
 .debug_str     0x00000000   0x14d7b8 ./CMSIS/EFM32PG12B/system_efm32pg12b.o
                             0x14e68f (size before relaxing)
 .debug_str     0x0014d7b8      0x10e ./emlib/em_assert.o
                               0x25ed (size before relaxing)
 .debug_str     0x0014d8c6     0x398b ./emlib/em_cmu.o
                             0x151fcb (size before relaxing)
 .debug_str     0x00151251      0xc67 ./emlib/em_core.o
                             0x14f14b (size before relaxing)
 .debug_str     0x00151eb8     0x11eb ./emlib/em_emu.o
                             0x151f45 (size before relaxing)
 .debug_str     0x001530a3      0x50f ./emlib/em_gpio.o
                             0x14f0c0 (size before relaxing)
 .debug_str     0x001535b2      0x399 ./emlib/em_leuart.o
                             0x14ff95 (size before relaxing)
 .debug_str     0x0015394b     0x3e2d ./src/ATCommandsLib.o
                               0x7392 (size before relaxing)
 .debug_str     0x00157778      0x1d3 ./src/My_LEUART.o
                             0x1530e3 (size before relaxing)
 .debug_str     0x0015794b       0x64 ./src/My_Sleep.o
                             0x151e26 (size before relaxing)
 .debug_str     0x001579af     0x3be1 ./src/main.o
                             0x1582b6 (size before relaxing)

.debug_frame    0x00000000     0x22c8
 .debug_frame   0x00000000      0x164 ./CMSIS/EFM32PG12B/system_efm32pg12b.o
 .debug_frame   0x00000164       0x2c ./emlib/em_assert.o
 .debug_frame   0x00000190      0x770 ./emlib/em_cmu.o
 .debug_frame   0x00000900      0x3c4 ./emlib/em_core.o
 .debug_frame   0x00000cc4      0x774 ./emlib/em_emu.o
 .debug_frame   0x00001438      0x220 ./emlib/em_gpio.o
 .debug_frame   0x00001658      0x21c ./emlib/em_leuart.o
 .debug_frame   0x00001874       0x34 ./src/ATCommandsLib.o
 .debug_frame   0x000018a8       0xcc ./src/My_LEUART.o
 .debug_frame   0x00001974       0x94 ./src/My_Sleep.o
 .debug_frame   0x00001a08       0x74 ./src/main.o
 .debug_frame   0x00001a7c       0x28 c:/siliconlabs/simplicitystudio/v4/developer/toolchains/gnu_arm/4.9_2015q3/bin/../lib/gcc/arm-none-eabi/4.9.3/../../../../arm-none-eabi/lib/armv7e-m/softfp\libc_nano.a(lib_a-exit.o)
 .debug_frame   0x00001aa4       0x2c c:/siliconlabs/simplicitystudio/v4/developer/toolchains/gnu_arm/4.9_2015q3/bin/../lib/gcc/arm-none-eabi/4.9.3/../../../../arm-none-eabi/lib/armv7e-m/softfp\libc_nano.a(lib_a-init.o)
 .debug_frame   0x00001ad0       0x20 c:/siliconlabs/simplicitystudio/v4/developer/toolchains/gnu_arm/4.9_2015q3/bin/../lib/gcc/arm-none-eabi/4.9.3/../../../../arm-none-eabi/lib/armv7e-m/softfp\libc_nano.a(lib_a-memset.o)
 .debug_frame   0x00001af0       0x74 c:/siliconlabs/simplicitystudio/v4/developer/toolchains/gnu_arm/4.9_2015q3/bin/../lib/gcc/arm-none-eabi/4.9.3/../../../../arm-none-eabi/lib/armv7e-m/softfp\libc_nano.a(lib_a-printf.o)
 .debug_frame   0x00001b64       0x28 c:/siliconlabs/simplicitystudio/v4/developer/toolchains/gnu_arm/4.9_2015q3/bin/../lib/gcc/arm-none-eabi/4.9.3/../../../../arm-none-eabi/lib/armv7e-m/softfp\libc_nano.a(lib_a-strcat.o)
 .debug_frame   0x00001b8c       0x20 c:/siliconlabs/simplicitystudio/v4/developer/toolchains/gnu_arm/4.9_2015q3/bin/../lib/gcc/arm-none-eabi/4.9.3/../../../../arm-none-eabi/lib/armv7e-m/softfp\libc_nano.a(lib_a-strlen.o)
 .debug_frame   0x00001bac      0x11c c:/siliconlabs/simplicitystudio/v4/developer/toolchains/gnu_arm/4.9_2015q3/bin/../lib/gcc/arm-none-eabi/4.9.3/../../../../arm-none-eabi/lib/armv7e-m/softfp\libc_nano.a(lib_a-findfp.o)
 .debug_frame   0x00001cc8       0x54 c:/siliconlabs/simplicitystudio/v4/developer/toolchains/gnu_arm/4.9_2015q3/bin/../lib/gcc/arm-none-eabi/4.9.3/../../../../arm-none-eabi/lib/armv7e-m/softfp\libc_nano.a(lib_a-fwalk.o)
 .debug_frame   0x00001d1c       0x2c c:/siliconlabs/simplicitystudio/v4/developer/toolchains/gnu_arm/4.9_2015q3/bin/../lib/gcc/arm-none-eabi/4.9.3/../../../../arm-none-eabi/lib/armv7e-m/softfp\libc_nano.a(lib_a-nano-mallocr.o)
 .debug_frame   0x00001d48       0xb8 c:/siliconlabs/simplicitystudio/v4/developer/toolchains/gnu_arm/4.9_2015q3/bin/../lib/gcc/arm-none-eabi/4.9.3/../../../../arm-none-eabi/lib/armv7e-m/softfp\libc_nano.a(lib_a-nano-vfprintf.o)
 .debug_frame   0x00001e00       0x58 c:/siliconlabs/simplicitystudio/v4/developer/toolchains/gnu_arm/4.9_2015q3/bin/../lib/gcc/arm-none-eabi/4.9.3/../../../../arm-none-eabi/lib/armv7e-m/softfp\libc_nano.a(lib_a-nano-vfprintf_i.o)
 .debug_frame   0x00001e58       0x2c c:/siliconlabs/simplicitystudio/v4/developer/toolchains/gnu_arm/4.9_2015q3/bin/../lib/gcc/arm-none-eabi/4.9.3/../../../../arm-none-eabi/lib/armv7e-m/softfp\libc_nano.a(lib_a-sbrkr.o)
 .debug_frame   0x00001e84       0x88 c:/siliconlabs/simplicitystudio/v4/developer/toolchains/gnu_arm/4.9_2015q3/bin/../lib/gcc/arm-none-eabi/4.9.3/../../../../arm-none-eabi/lib/armv7e-m/softfp\libc_nano.a(lib_a-stdio.o)
 .debug_frame   0x00001f0c       0x3c c:/siliconlabs/simplicitystudio/v4/developer/toolchains/gnu_arm/4.9_2015q3/bin/../lib/gcc/arm-none-eabi/4.9.3/../../../../arm-none-eabi/lib/armv7e-m/softfp\libc_nano.a(lib_a-wbuf.o)
 .debug_frame   0x00001f48       0x2c c:/siliconlabs/simplicitystudio/v4/developer/toolchains/gnu_arm/4.9_2015q3/bin/../lib/gcc/arm-none-eabi/4.9.3/../../../../arm-none-eabi/lib/armv7e-m/softfp\libc_nano.a(lib_a-writer.o)
 .debug_frame   0x00001f74       0x2c c:/siliconlabs/simplicitystudio/v4/developer/toolchains/gnu_arm/4.9_2015q3/bin/../lib/gcc/arm-none-eabi/4.9.3/../../../../arm-none-eabi/lib/armv7e-m/softfp\libc_nano.a(lib_a-wsetup.o)
 .debug_frame   0x00001fa0       0x2c c:/siliconlabs/simplicitystudio/v4/developer/toolchains/gnu_arm/4.9_2015q3/bin/../lib/gcc/arm-none-eabi/4.9.3/../../../../arm-none-eabi/lib/armv7e-m/softfp\libc_nano.a(lib_a-closer.o)
 .debug_frame   0x00001fcc       0x68 c:/siliconlabs/simplicitystudio/v4/developer/toolchains/gnu_arm/4.9_2015q3/bin/../lib/gcc/arm-none-eabi/4.9.3/../../../../arm-none-eabi/lib/armv7e-m/softfp\libc_nano.a(lib_a-fflush.o)
 .debug_frame   0x00002034       0x2c c:/siliconlabs/simplicitystudio/v4/developer/toolchains/gnu_arm/4.9_2015q3/bin/../lib/gcc/arm-none-eabi/4.9.3/../../../../arm-none-eabi/lib/armv7e-m/softfp\libc_nano.a(lib_a-lseekr.o)
 .debug_frame   0x00002060       0x34 c:/siliconlabs/simplicitystudio/v4/developer/toolchains/gnu_arm/4.9_2015q3/bin/../lib/gcc/arm-none-eabi/4.9.3/../../../../arm-none-eabi/lib/armv7e-m/softfp\libc_nano.a(lib_a-makebuf.o)
 .debug_frame   0x00002094       0x28 c:/siliconlabs/simplicitystudio/v4/developer/toolchains/gnu_arm/4.9_2015q3/bin/../lib/gcc/arm-none-eabi/4.9.3/../../../../arm-none-eabi/lib/armv7e-m/softfp\libc_nano.a(lib_a-memchr.o)
 .debug_frame   0x000020bc       0x2c c:/siliconlabs/simplicitystudio/v4/developer/toolchains/gnu_arm/4.9_2015q3/bin/../lib/gcc/arm-none-eabi/4.9.3/../../../../arm-none-eabi/lib/armv7e-m/softfp\libc_nano.a(lib_a-nano-freer.o)
 .debug_frame   0x000020e8       0x2c c:/siliconlabs/simplicitystudio/v4/developer/toolchains/gnu_arm/4.9_2015q3/bin/../lib/gcc/arm-none-eabi/4.9.3/../../../../arm-none-eabi/lib/armv7e-m/softfp\libc_nano.a(lib_a-readr.o)
 .debug_frame   0x00002114       0x5c c:/siliconlabs/simplicitystudio/v4/developer/toolchains/gnu_arm/4.9_2015q3/bin/../lib/gcc/arm-none-eabi/4.9.3/../../../../arm-none-eabi/lib/armv7e-m/softfp\libc_nano.a(lib_a-reent.o)
 .debug_frame   0x00002170       0x2c c:/siliconlabs/simplicitystudio/v4/developer/toolchains/gnu_arm/4.9_2015q3/bin/../lib/gcc/arm-none-eabi/4.9.3/../../../../arm-none-eabi/lib/armv7e-m/softfp\libc_nano.a(lib_a-fstatr.o)
 .debug_frame   0x0000219c       0x2c c:/siliconlabs/simplicitystudio/v4/developer/toolchains/gnu_arm/4.9_2015q3/bin/../lib/gcc/arm-none-eabi/4.9.3/../../../../arm-none-eabi/lib/armv7e-m/softfp\libc_nano.a(lib_a-isattyr.o)
 .debug_frame   0x000021c8       0x20 c:/siliconlabs/simplicitystudio/v4/developer/toolchains/gnu_arm/4.9_2015q3/bin/../lib/gcc/arm-none-eabi/4.9.3/../../../../arm-none-eabi/lib/armv7e-m/softfp\libnosys.a(close.o)
 .debug_frame   0x000021e8       0x20 c:/siliconlabs/simplicitystudio/v4/developer/toolchains/gnu_arm/4.9_2015q3/bin/../lib/gcc/arm-none-eabi/4.9.3/../../../../arm-none-eabi/lib/armv7e-m/softfp\libnosys.a(fstat.o)
 .debug_frame   0x00002208       0x20 c:/siliconlabs/simplicitystudio/v4/developer/toolchains/gnu_arm/4.9_2015q3/bin/../lib/gcc/arm-none-eabi/4.9.3/../../../../arm-none-eabi/lib/armv7e-m/softfp\libnosys.a(isatty.o)
 .debug_frame   0x00002228       0x20 c:/siliconlabs/simplicitystudio/v4/developer/toolchains/gnu_arm/4.9_2015q3/bin/../lib/gcc/arm-none-eabi/4.9.3/../../../../arm-none-eabi/lib/armv7e-m/softfp\libnosys.a(lseek.o)
 .debug_frame   0x00002248       0x20 c:/siliconlabs/simplicitystudio/v4/developer/toolchains/gnu_arm/4.9_2015q3/bin/../lib/gcc/arm-none-eabi/4.9.3/../../../../arm-none-eabi/lib/armv7e-m/softfp\libnosys.a(read.o)
 .debug_frame   0x00002268       0x20 c:/siliconlabs/simplicitystudio/v4/developer/toolchains/gnu_arm/4.9_2015q3/bin/../lib/gcc/arm-none-eabi/4.9.3/../../../../arm-none-eabi/lib/armv7e-m/softfp\libnosys.a(sbrk.o)
 .debug_frame   0x00002288       0x20 c:/siliconlabs/simplicitystudio/v4/developer/toolchains/gnu_arm/4.9_2015q3/bin/../lib/gcc/arm-none-eabi/4.9.3/../../../../arm-none-eabi/lib/armv7e-m/softfp\libnosys.a(write.o)
 .debug_frame   0x000022a8       0x20 c:/siliconlabs/simplicitystudio/v4/developer/toolchains/gnu_arm/4.9_2015q3/bin/../lib/gcc/arm-none-eabi/4.9.3/../../../../arm-none-eabi/lib/armv7e-m/softfp\libnosys.a(_exit.o)

.stab           0x00000000       0x9c
 .stab          0x00000000       0x24 c:/siliconlabs/simplicitystudio/v4/developer/toolchains/gnu_arm/4.9_2015q3/bin/../lib/gcc/arm-none-eabi/4.9.3/../../../../arm-none-eabi/lib/armv7e-m/softfp\libnosys.a(close.o)
 .stab          0x00000024       0x18 c:/siliconlabs/simplicitystudio/v4/developer/toolchains/gnu_arm/4.9_2015q3/bin/../lib/gcc/arm-none-eabi/4.9.3/../../../../arm-none-eabi/lib/armv7e-m/softfp\libnosys.a(fstat.o)
                                 0x24 (size before relaxing)
 .stab          0x0000003c       0x18 c:/siliconlabs/simplicitystudio/v4/developer/toolchains/gnu_arm/4.9_2015q3/bin/../lib/gcc/arm-none-eabi/4.9.3/../../../../arm-none-eabi/lib/armv7e-m/softfp\libnosys.a(isatty.o)
                                 0x24 (size before relaxing)
 .stab          0x00000054       0x18 c:/siliconlabs/simplicitystudio/v4/developer/toolchains/gnu_arm/4.9_2015q3/bin/../lib/gcc/arm-none-eabi/4.9.3/../../../../arm-none-eabi/lib/armv7e-m/softfp\libnosys.a(lseek.o)
                                 0x24 (size before relaxing)
 .stab          0x0000006c       0x18 c:/siliconlabs/simplicitystudio/v4/developer/toolchains/gnu_arm/4.9_2015q3/bin/../lib/gcc/arm-none-eabi/4.9.3/../../../../arm-none-eabi/lib/armv7e-m/softfp\libnosys.a(read.o)
                                 0x24 (size before relaxing)
 .stab          0x00000084       0x18 c:/siliconlabs/simplicitystudio/v4/developer/toolchains/gnu_arm/4.9_2015q3/bin/../lib/gcc/arm-none-eabi/4.9.3/../../../../arm-none-eabi/lib/armv7e-m/softfp\libnosys.a(write.o)
                                 0x24 (size before relaxing)

.stabstr        0x00000000      0x14d
 .stabstr       0x00000000      0x14d c:/siliconlabs/simplicitystudio/v4/developer/toolchains/gnu_arm/4.9_2015q3/bin/../lib/gcc/arm-none-eabi/4.9.3/../../../../arm-none-eabi/lib/armv7e-m/softfp\libnosys.a(close.o)
