Archive member included because of file (symbol)

c:/siliconlabs/simplicitystudio/v4/developer/toolchains/gnu_arm/4.9_2015q3/bin/../lib/gcc/arm-none-eabi/4.9.3/armv7e-m/softfp\libgcc.a(_aeabi_uldivmod.o)
                              ./emlib/em_usart.o (__aeabi_uldivmod)
c:/siliconlabs/simplicitystudio/v4/developer/toolchains/gnu_arm/4.9_2015q3/bin/../lib/gcc/arm-none-eabi/4.9.3/armv7e-m/softfp\libgcc.a(bpabi.o)
                              c:/siliconlabs/simplicitystudio/v4/developer/toolchains/gnu_arm/4.9_2015q3/bin/../lib/gcc/arm-none-eabi/4.9.3/armv7e-m/softfp\libgcc.a(_aeabi_uldivmod.o) (__gnu_uldivmod_helper)
c:/siliconlabs/simplicitystudio/v4/developer/toolchains/gnu_arm/4.9_2015q3/bin/../lib/gcc/arm-none-eabi/4.9.3/armv7e-m/softfp\libgcc.a(_dvmd_tls.o)
                              c:/siliconlabs/simplicitystudio/v4/developer/toolchains/gnu_arm/4.9_2015q3/bin/../lib/gcc/arm-none-eabi/4.9.3/armv7e-m/softfp\libgcc.a(_aeabi_uldivmod.o) (__aeabi_ldiv0)
c:/siliconlabs/simplicitystudio/v4/developer/toolchains/gnu_arm/4.9_2015q3/bin/../lib/gcc/arm-none-eabi/4.9.3/armv7e-m/softfp\libgcc.a(_divdi3.o)
                              c:/siliconlabs/simplicitystudio/v4/developer/toolchains/gnu_arm/4.9_2015q3/bin/../lib/gcc/arm-none-eabi/4.9.3/armv7e-m/softfp\libgcc.a(bpabi.o) (__divdi3)
c:/siliconlabs/simplicitystudio/v4/developer/toolchains/gnu_arm/4.9_2015q3/bin/../lib/gcc/arm-none-eabi/4.9.3/armv7e-m/softfp\libgcc.a(_udivdi3.o)
                              c:/siliconlabs/simplicitystudio/v4/developer/toolchains/gnu_arm/4.9_2015q3/bin/../lib/gcc/arm-none-eabi/4.9.3/armv7e-m/softfp\libgcc.a(bpabi.o) (__udivdi3)
c:/siliconlabs/simplicitystudio/v4/developer/toolchains/gnu_arm/4.9_2015q3/bin/../lib/gcc/arm-none-eabi/4.9.3/../../../../arm-none-eabi/lib/armv7e-m/softfp\libc_nano.a(lib_a-abs.o)
                              ./src/letimer.o (abs)
c:/siliconlabs/simplicitystudio/v4/developer/toolchains/gnu_arm/4.9_2015q3/bin/../lib/gcc/arm-none-eabi/4.9.3/../../../../arm-none-eabi/lib/armv7e-m/softfp\libc_nano.a(lib_a-exit.o)
                              c:/siliconlabs/simplicitystudio/v4/developer/toolchains/gnu_arm/4.9_2015q3/bin/../lib/gcc/arm-none-eabi/4.9.3/../../../../arm-none-eabi/lib/armv7e-m/softfp/crt0.o (exit)
c:/siliconlabs/simplicitystudio/v4/developer/toolchains/gnu_arm/4.9_2015q3/bin/../lib/gcc/arm-none-eabi/4.9.3/../../../../arm-none-eabi/lib/armv7e-m/softfp\libc_nano.a(lib_a-impure.o)
                              c:/siliconlabs/simplicitystudio/v4/developer/toolchains/gnu_arm/4.9_2015q3/bin/../lib/gcc/arm-none-eabi/4.9.3/../../../../arm-none-eabi/lib/armv7e-m/softfp\libc_nano.a(lib_a-exit.o) (_global_impure_ptr)
c:/siliconlabs/simplicitystudio/v4/developer/toolchains/gnu_arm/4.9_2015q3/bin/../lib/gcc/arm-none-eabi/4.9.3/../../../../arm-none-eabi/lib/armv7e-m/softfp\libc_nano.a(lib_a-init.o)
                              c:/siliconlabs/simplicitystudio/v4/developer/toolchains/gnu_arm/4.9_2015q3/bin/../lib/gcc/arm-none-eabi/4.9.3/../../../../arm-none-eabi/lib/armv7e-m/softfp/crt0.o (__libc_init_array)
c:/siliconlabs/simplicitystudio/v4/developer/toolchains/gnu_arm/4.9_2015q3/bin/../lib/gcc/arm-none-eabi/4.9.3/../../../../arm-none-eabi/lib/armv7e-m/softfp\libc_nano.a(lib_a-itoa.o)
                              ./src/main.o (itoa)
c:/siliconlabs/simplicitystudio/v4/developer/toolchains/gnu_arm/4.9_2015q3/bin/../lib/gcc/arm-none-eabi/4.9.3/../../../../arm-none-eabi/lib/armv7e-m/softfp\libc_nano.a(lib_a-memset.o)
                              c:/siliconlabs/simplicitystudio/v4/developer/toolchains/gnu_arm/4.9_2015q3/bin/../lib/gcc/arm-none-eabi/4.9.3/../../../../arm-none-eabi/lib/armv7e-m/softfp/crt0.o (memset)
c:/siliconlabs/simplicitystudio/v4/developer/toolchains/gnu_arm/4.9_2015q3/bin/../lib/gcc/arm-none-eabi/4.9.3/../../../../arm-none-eabi/lib/armv7e-m/softfp\libc_nano.a(lib_a-printf.o)
                              ./src/My_Sleep.o (printf)
c:/siliconlabs/simplicitystudio/v4/developer/toolchains/gnu_arm/4.9_2015q3/bin/../lib/gcc/arm-none-eabi/4.9.3/../../../../arm-none-eabi/lib/armv7e-m/softfp\libc_nano.a(lib_a-snprintf.o)
                              ./src/My_Logger.o (snprintf)
c:/siliconlabs/simplicitystudio/v4/developer/toolchains/gnu_arm/4.9_2015q3/bin/../lib/gcc/arm-none-eabi/4.9.3/../../../../arm-none-eabi/lib/armv7e-m/softfp\libc_nano.a(lib_a-strcat.o)
                              ./src/ATCommandsLib.o (strcat)
c:/siliconlabs/simplicitystudio/v4/developer/toolchains/gnu_arm/4.9_2015q3/bin/../lib/gcc/arm-none-eabi/4.9.3/../../../../arm-none-eabi/lib/armv7e-m/softfp\libc_nano.a(lib_a-strcmp.o)
                              ./src/ATCommandsLib.o (strcmp)
c:/siliconlabs/simplicitystudio/v4/developer/toolchains/gnu_arm/4.9_2015q3/bin/../lib/gcc/arm-none-eabi/4.9.3/../../../../arm-none-eabi/lib/armv7e-m/softfp\libc_nano.a(lib_a-strlen.o)
                              ./src/My_LEUART.o (strlen)
[...]
Memory Configuration

Name             Origin             Length             Attributes
FLASH            0x00000000         0x00100000         xr
RAM              0x20000000         0x00040000         xrw
*default*        0x00000000         0xffffffff

Linker script and memory map

LOAD c:/siliconlabs/simplicitystudio/v4/developer/toolchains/gnu_arm/4.9_2015q3/bin/../lib/gcc/arm-none-eabi/4.9.3/armv7e-m/softfp/crti.o
LOAD c:/siliconlabs/simplicitystudio/v4/developer/toolchains/gnu_arm/4.9_2015q3/bin/../lib/gcc/arm-none-eabi/4.9.3/armv7e-m/softfp/crtbegin.o
LOAD c:/siliconlabs/simplicitystudio/v4/developer/toolchains/gnu_arm/4.9_2015q3/bin/../lib/gcc/arm-none-eabi/4.9.3/../../../../arm-none-eabi/lib/armv7e-m/softfp/crt0.o
LOAD ./CMSIS/EFM32PG12B/startup_efm32pg12b.o
LOAD ./CMSIS/EFM32PG12B/system_efm32pg12b.o
LOAD ./emlib/em_assert.o
LOAD ./emlib/em_cmu.o
LOAD ./emlib/em_core.o
LOAD ./emlib/em_emu.o
LOAD ./emlib/em_gpio.o
LOAD ./emlib/em_ldma.o
LOAD ./emlib/em_letimer.o
LOAD ./emlib/em_leuart.o
LOAD ./emlib/em_system.o
LOAD ./emlib/em_usart.o
LOAD ./src/ATCommandsLib.o
LOAD ./src/My_CMU.o
LOAD ./src/My_LEUART.o
LOAD ./src/My_Logger.o
LOAD ./src/My_Sleep.o
LOAD ./src/My_UART.o
LOAD ./src/letimer.o
LOAD ./src/log.o
LOAD ./src/main.o
START GROUP
LOAD c:/siliconlabs/simplicitystudio/v4/developer/toolchains/gnu_arm/4.9_2015q3/bin/../lib/gcc/arm-none-eabi/4.9.3/armv7e-m/softfp\libgcc.a
LOAD c:/siliconlabs/simplicitystudio/v4/developer/toolchains/gnu_arm/4.9_2015q3/bin/../lib/gcc/arm-none-eabi/4.9.3/../../../../arm-none-eabi/lib/armv7e-m/softfp\libc_nano.a
LOAD c:/siliconlabs/simplicitystudio/v4/developer/toolchains/gnu_arm/4.9_2015q3/bin/../lib/gcc/arm-none-eabi/4.9.3/../../../../arm-none-eabi/lib/armv7e-m/softfp\libnosys.a
END GROUP
START GROUP
LOAD c:/siliconlabs/simplicitystudio/v4/developer/toolchains/gnu_arm/4.9_2015q3/bin/../lib/gcc/arm-none-eabi/4.9.3/armv7e-m/softfp\libgcc.a
LOAD c:/siliconlabs/simplicitystudio/v4/developer/toolchains/gnu_arm/4.9_2015q3/bin/../lib/gcc/arm-none-eabi/4.9.3/../../../../arm-none-eabi/lib/armv7e-m/softfp\libg_nano.a
LOAD c:/siliconlabs/simplicitystudio/v4/developer/toolchains/gnu_arm/4.9_2015q3/bin/../lib/gcc/arm-none-eabi/4.9.3/../../../../arm-none-eabi/lib/armv7e-m/softfp\libc_nano.a
END GROUP
START GROUP
LOAD c:/siliconlabs/simplicitystudio/v4/developer/toolchains/gnu_arm/4.9_2015q3/bin/../lib/gcc/arm-none-eabi/4.9.3/armv7e-m/softfp\libgcc.a
LOAD c:/siliconlabs/simplicitystudio/v4/developer/toolchains/gnu_arm/4.9_2015q3/bin/../lib/gcc/arm-none-eabi/4.9.3/../../../../arm-none-eabi/lib/armv7e-m/softfp\libc_nano.a
END GROUP
LOAD c:/siliconlabs/simplicitystudio/v4/developer/toolchains/gnu_arm/4.9_2015q3/bin/../lib/gcc/arm-none-eabi/4.9.3/armv7e-m/softfp/crtend.o
LOAD c:/siliconlabs/simplicitystudio/v4/developer/toolchains/gnu_arm/4.9_2015q3/bin/../lib/gcc/arm-none-eabi/4.9.3/armv7e-m/softfp/crtn.o

.text           0x00000000     0x5b5c
 *(.vectors)
 .vectors       0x00000000      0x10c ./CMSIS/EFM32PG12B/startup_efm32pg12b.o
                0x00000000                __Vectors
                0x0000010c                __Vectors_End = .
                0x0000010c                __Vectors_Size = (__Vectors_End - __Vectors)
                0x0000010c                __end__ = .
 *(.text*)
 .text          0x0000010c       0x5c c:/siliconlabs/simplicitystudio/v4/developer/toolchains/gnu_arm/4.9_2015q3/bin/../lib/gcc/arm-none-eabi/4.9.3/armv7e-m/softfp/crtbegin.o
 .text          0x00000168       0x74 c:/siliconlabs/simplicitystudio/v4/developer/toolchains/gnu_arm/4.9_2015q3/bin/../lib/gcc/arm-none-eabi/4.9.3/../../../../arm-none-eabi/lib/armv7e-m/softfp/crt0.o
                0x00000168                _start
                0x00000168                _mainCRTStartup
 .text          0x000001dc       0x30 ./CMSIS/EFM32PG12B/startup_efm32pg12b.o
                0x000001dc                Reset_Handler
                0x00000208                I2C0_IRQHandler
                0x00000208                HardFault_Handler
                0x00000208                PendSV_Handler
                0x00000208                NMI_Handler
                0x00000208                I2C1_IRQHandler
                0x00000208                WTIMER0_IRQHandler
                0x00000208                CRYPTO0_IRQHandler
                0x00000208                WDOG0_IRQHandler
                0x00000208                SMU_IRQHandler
                0x00000208                MSC_IRQHandler
                0x00000208                ADC0_IRQHandler
                0x00000208                UsageFault_Handler
                0x00000208                WDOG1_IRQHandler
                0x00000208                FPUEH_IRQHandler
                0x00000208                WTIMER1_IRQHandler
                0x00000208                GPIO_EVEN_IRQHandler
                0x00000208                VDAC0_IRQHandler
                0x00000208                LDMA_IRQHandler
                0x00000208                CSEN_IRQHandler
                0x00000208                CRYPTO1_IRQHandler
                0x00000208                TIMER0_IRQHandler
                0x00000208                DebugMon_Handler
                0x00000208                PCNT2_IRQHandler
                0x00000208                TIMER1_IRQHandler
                0x00000208                TRNG0_IRQHandler
                0x00000208                Default_Handler
                0x00000208                EMU_IRQHandler
                0x00000208                CRYOTIMER_IRQHandler
                0x00000208                PCNT0_IRQHandler
                0x00000208                sl_app_properties
                0x00000208                PCNT1_IRQHandler
                0x00000208                ACMP0_IRQHandler
                0x00000208                MemManage_Handler
                0x00000208                SVC_Handler
                0x00000208                RTCC_IRQHandler
                0x00000208                CMU_IRQHandler
                0x00000208                LESENSE_IRQHandler
                0x00000208                GPIO_ODD_IRQHandler
                0x00000208                BusFault_Handler
                0x00000208                IDAC0_IRQHandler
 .text.SystemCoreClockGet
                0x0000020c       0x44 ./CMSIS/EFM32PG12B/system_efm32pg12b.o
                0x0000020c                SystemCoreClockGet
 .text.SystemMaxCoreClockGet
                0x00000250       0x14 ./CMSIS/EFM32PG12B/system_efm32pg12b.o
                0x00000250                SystemMaxCoreClockGet
 .text.SystemHFClockGet
                0x00000264       0x70 ./CMSIS/EFM32PG12B/system_efm32pg12b.o
                0x00000264                SystemHFClockGet
 .text.SystemHFXOClockGet
                0x000002d4       0x18 ./CMSIS/EFM32PG12B/system_efm32pg12b.o
                0x000002d4                SystemHFXOClockGet
 .text.SystemInit
                0x000002ec       0x2c ./CMSIS/EFM32PG12B/system_efm32pg12b.o
                0x000002ec                SystemInit
 .text.SystemLFRCOClockGet
                0x00000318       0x14 ./CMSIS/EFM32PG12B/system_efm32pg12b.o
                0x00000318                SystemLFRCOClockGet
 .text.SystemULFRCOClockGet
                0x0000032c       0x14 ./CMSIS/EFM32PG12B/system_efm32pg12b.o
                0x0000032c                SystemULFRCOClockGet
 .text.SystemLFXOClockGet
                0x00000340       0x18 ./CMSIS/EFM32PG12B/system_efm32pg12b.o
                0x00000340                SystemLFXOClockGet
 .text.assertEFM
                0x00000358        0xc ./emlib/em_assert.o
                0x00000358                assertEFM
 .text.BUS_RegBitWrite
                0x00000364       0x2c ./emlib/em_cmu.o
 .text.BUS_RegBitRead
                0x00000390       0x2c ./emlib/em_cmu.o
 .text.SL_Log2ToDiv
                0x000003bc       0x2c ./emlib/em_cmu.o
 .text.EMU_VScaleWait
                0x000003e8       0x1c ./emlib/em_cmu.o
 .text.EMU_VScaleGet
                0x00000404       0x1c ./emlib/em_cmu.o
 .text.setHfLeConfig
                0x00000420       0x64 ./emlib/em_cmu.o
 .text.auxClkGet
                0x00000484       0x20 ./emlib/em_cmu.o
 .text.hfSrcClkGet
                0x000004a4       0x2c ./emlib/em_cmu.o
 .text.dbgClkGet
                0x000004d0       0x4c ./emlib/em_cmu.o
 .text.adcAsyncClkGet
                0x0000051c       0x98 ./emlib/em_cmu.o
 .text.flashWaitStateControl
                0x000005b4       0x94 ./emlib/em_cmu.o
 .text.flashWaitStateMax
                0x00000648       0x40 ./emlib/em_cmu.o
 .text.CMU_UpdateWaitStates
                0x00000688       0x40 ./emlib/em_cmu.o
                0x00000688                CMU_UpdateWaitStates
 .text.getRegIshUpperVal
                0x000006c8       0x38 ./emlib/em_cmu.o
 .text.getHfxoTuningMode
                0x00000700       0x1c ./emlib/em_cmu.o
 .text.setHfxoTuningMode
                0x0000071c       0x28 ./emlib/em_cmu.o
 .text.lfClkGet
                0x00000744      0x114 ./emlib/em_cmu.o
 .text.syncReg  0x00000858       0x38 ./emlib/em_cmu.o
 .text.hfperClkSafePrescaler
                0x00000890        0xc ./emlib/em_cmu.o
 .text.hfperClkOptimizedPrescaler
                0x0000089c        0xc ./emlib/em_cmu.o
 .text.CMU_ClockEnable
                0x000008a8       0xd8 ./emlib/em_cmu.o
                0x000008a8                CMU_ClockEnable
 .text.CMU_ClockFreqGet
                0x00000980      0x21c ./emlib/em_cmu.o
                0x00000980                CMU_ClockFreqGet
 .text.CMU_ClockSelectGet
                0x00000b9c      0x1c8 ./emlib/em_cmu.o
                0x00000b9c                CMU_ClockSelectGet
 .text.CMU_ClockSelectSet
                0x00000d64      0x350 ./emlib/em_cmu.o
                0x00000d64                CMU_ClockSelectSet
 .text.CMU_HFRCOBandGet
                0x000010b4       0x18 ./emlib/em_cmu.o
                0x000010b4                CMU_HFRCOBandGet
 .text.CMU_HFXOInit
                0x000010cc      0x100 ./emlib/em_cmu.o
                0x000010cc                CMU_HFXOInit
 .text.CMU_LFXOInit
                0x000011cc       0x74 ./emlib/em_cmu.o
                0x000011cc                CMU_LFXOInit
 .text.CMU_OscillatorEnable
                0x00001240      0x1bc ./emlib/em_cmu.o
                0x00001240                CMU_OscillatorEnable
 .text.CMU_OscillatorTuningGet
                0x000013fc       0x7c ./emlib/em_cmu.o
                0x000013fc                CMU_OscillatorTuningGet
 .text.CMU_OscillatorTuningSet
                0x00001478      0x150 ./emlib/em_cmu.o
                0x00001478                CMU_OscillatorTuningSet
 .text.CMU_OscillatorTuningWait
                0x000015c8       0xb4 ./emlib/em_cmu.o
                0x000015c8                CMU_OscillatorTuningWait
 .text.CMU_OscillatorTuningOptimize
                0x0000167c       0x64 ./emlib/em_cmu.o
                0x0000167c                CMU_OscillatorTuningOptimize
 .text.CORE_EnterCritical
                0x000016e0       0x20 ./emlib/em_core.o
                0x000016e0                CORE_EnterCritical
 .text.CORE_ExitCritical
                0x00001700       0x1c ./emlib/em_core.o
                0x00001700                CORE_ExitCritical
 .text.CORE_AtomicDisableIrq
                0x0000171c       0x10 ./emlib/em_core.o
                0x0000171c                CORE_AtomicDisableIrq
 .text.CORE_AtomicEnableIrq
                0x0000172c       0x10 ./emlib/em_core.o
                0x0000172c                CORE_AtomicEnableIrq
 .text.SystemCoreClockUpdate
                0x0000173c        0xc ./emlib/em_emu.o
 .text.BUS_RegBitWrite
                0x00001748       0x2c ./emlib/em_emu.o
 .text.BUS_RegBitRead
                0x00001774       0x2c ./emlib/em_emu.o
 .text.EMU_VScaleWait
                0x000017a0       0x1c ./emlib/em_emu.o
 .text.EMU_VScaleGet
                0x000017bc       0x1c ./emlib/em_emu.o
 .text.EMU_IntClear
                0x000017d8       0x1c ./emlib/em_emu.o
 .text.EMU_IntGet
                0x000017f4       0x18 ./emlib/em_emu.o
 .text.EMU_PowerLock
                0x0000180c       0x18 ./emlib/em_emu.o
 .text.EMU_PowerUnlock
                0x00001824       0x18 ./emlib/em_emu.o
 .text.CMU_Lock
                0x0000183c       0x18 ./emlib/em_emu.o
 .text.CMU_Unlock
                0x00001854       0x1c ./emlib/em_emu.o
 .text.vScaleEM01Cmd
                0x00001870       0x24 ./emlib/em_emu.o
 .text.emState  0x00001894      0x14c ./emlib/em_emu.o
 .text.vScaleDownEM23Setup
                0x000019e0       0x50 ./emlib/em_emu.o
 .text.vScaleAfterWakeup
                0x00001a30       0x44 ./emlib/em_emu.o
 .text.EMU_EM23PresleepHook
                0x00001a74        0xc ./emlib/em_emu.o
                0x00001a74                EMU_EM23PresleepHook
 .text.EMU_EM23PostsleepHook
                0x00001a80        0xc ./emlib/em_emu.o
                0x00001a80                EMU_EM23PostsleepHook
 .text.EMU_EnterEM2
                0x00001a8c       0x50 ./emlib/em_emu.o
                0x00001a8c                EMU_EnterEM2
 .text.EMU_EnterEM3
                0x00001adc       0x78 ./emlib/em_emu.o
                0x00001adc                EMU_EnterEM3
 .text.EMU_VScaleEM01ByClock
                0x00001b54       0x70 ./emlib/em_emu.o
                0x00001b54                EMU_VScaleEM01ByClock
 .text.EMU_VScaleEM01
                0x00001bc4       0xa0 ./emlib/em_emu.o
                0x00001bc4                EMU_VScaleEM01
 .text.EMU_EM23Init
                0x00001c64       0x4c ./emlib/em_emu.o
                0x00001c64                EMU_EM23Init
 .text.dcdcConstCalibrationLoad
                0x00001cb0       0x10 ./emlib/em_emu.o
 .text.dcdcValidatedConfigSet
                0x00001cc0       0x40 ./emlib/em_emu.o
 .text.currentLimitersUpdate
                0x00001d00      0x120 ./emlib/em_emu.o
 .text.userCurrentLimitsSet
                0x00001e20       0x2c ./emlib/em_emu.o
 .text.compCtrlSet
                0x00001e4c       0x48 ./emlib/em_emu.o
 .text.lpCmpHystCalibrationLoad
                0x00001e94       0xf0 ./emlib/em_emu.o
 .text.lpGetDevinfoVrefLowHigh
                0x00001f84      0x170 ./emlib/em_emu.o
 .text.EMU_DCDCModeSet
                0x000020f4      0x10c ./emlib/em_emu.o
                0x000020f4                EMU_DCDCModeSet
 .text.EMU_DCDCInit
                0x00002200      0x1c8 ./emlib/em_emu.o
                0x00002200                EMU_DCDCInit
 .text.EMU_DCDCOutputVoltageSet
                0x000023c8      0x2f8 ./emlib/em_emu.o
                0x000023c8                EMU_DCDCOutputVoltageSet
 .text.EMU_DCDCOptimizeSlice
                0x000026c0       0xe8 ./emlib/em_emu.o
                0x000026c0                EMU_DCDCOptimizeSlice
 .text.EMU_DCDCLnRcoBandSet
                0x000027a8       0x60 ./emlib/em_emu.o
                0x000027a8                EMU_DCDCLnRcoBandSet
 .text.BUS_RegMaskedSet
                0x00002808       0x24 ./emlib/em_gpio.o
 .text.BUS_RegMaskedClear
                0x0000282c       0x24 ./emlib/em_gpio.o
 .text.GPIO_PinOutClear
                0x00002850       0xcc ./emlib/em_gpio.o
 .text.GPIO_PinOutSet
                0x0000291c       0xcc ./emlib/em_gpio.o
 .text.GPIO_PinModeSet
                0x000029e8      0x180 ./emlib/em_gpio.o
                0x000029e8                GPIO_PinModeSet
 .text.regSync  0x00002b68       0x24 ./emlib/em_letimer.o
 .text.LETIMER_CompareSet
                0x00002b8c       0x5c ./emlib/em_letimer.o
                0x00002b8c                LETIMER_CompareSet
 .text.LETIMER_Init
                0x00002be8      0x110 ./emlib/em_letimer.o
                0x00002be8                LETIMER_Init
 .text.LEUART_Sync
                0x00002cf8       0x30 ./emlib/em_leuart.o
 .text.LEUART_BaudrateSet
                0x00002d28       0x9c ./emlib/em_leuart.o
                0x00002d28                LEUART_BaudrateSet
 .text.LEUART_Enable
                0x00002dc4       0x58 ./emlib/em_leuart.o
                0x00002dc4                LEUART_Enable
 .text.LEUART_FreezeEnable
                0x00002e1c       0x34 ./emlib/em_leuart.o
                0x00002e1c                LEUART_FreezeEnable
 .text.LEUART_Init
                0x00002e50       0x84 ./emlib/em_leuart.o
                0x00002e50                LEUART_Init
 .text.prsRxInput
                0x00002ed4       0x20 ./emlib/em_usart.o
 .text.USART_BaudrateAsyncSet
                0x00002ef4      0x13c ./emlib/em_usart.o
                0x00002ef4                USART_BaudrateAsyncSet
 .text.USART_InitAsync
                0x00003030       0xf8 ./emlib/em_usart.o
                0x00003030                USART_InitAsync
 .text.USART_Reset
                0x00003128       0xd8 ./emlib/em_usart.o
                0x00003128                USART_Reset
 .text.ParseXbeeRx
                0x00003200       0x30 ./src/ATCommandsLib.o
                0x00003200                ParseXbeeRx
 .text.CMU_Init
                0x00003230       0xa4 ./src/My_CMU.o
                0x00003230                CMU_Init
 .text.__NVIC_EnableIRQ
                0x000032d4       0x38 ./src/My_LEUART.o
 .text.LEUART0_Setup
                0x0000330c       0xdc ./src/My_LEUART.o
                0x0000330c                LEUART0_Setup
 .text.LEUART0_IRQHandler
                0x000033e8       0xc4 ./src/My_LEUART.o
                0x000033e8                LEUART0_IRQHandler
 .text.__NVIC_SetPriority
                0x000034ac       0x54 ./src/My_Logger.o
 .text.SysTick_Config
                0x00003500       0x44 ./src/My_Logger.o
 .text.Log_Msg_UART_Init
                0x00003544       0x50 ./src/My_Logger.o
                0x00003544                Log_Msg_UART_Init
 .text.Log_Msg_UART
                0x00003594       0xf8 ./src/My_Logger.o
                0x00003594                Log_Msg_UART
 .text.SysTick_Handler
                0x0000368c       0x38 ./src/My_Logger.o
                0x0000368c                SysTick_Handler
 .text.EMU_EnterEM1
                0x000036c4       0x20 ./src/My_Sleep.o
 .text.Enter_Sleep
                0x000036e4       0x44 ./src/My_Sleep.o
                0x000036e4                Enter_Sleep
 .text.Block_Energy_Mode
                0x00003728       0x3c ./src/My_Sleep.o
                0x00003728                Block_Energy_Mode
 .text.__NVIC_EnableIRQ
                0x00003764       0x38 ./src/My_UART.o
 .text.UARTx_Init
                0x0000379c      0x23c ./src/My_UART.o
                0x0000379c                UARTx_Init
 .text.UARTx_Putchar
                0x000039d8       0x38 ./src/My_UART.o
                0x000039d8                UARTx_Putchar
 .text.UARTx_Putchar_n
                0x00003a10       0x68 ./src/My_UART.o
                0x00003a10                UARTx_Putchar_n
 .text.Check_TXC_UARTx
                0x00003a78       0xb0 ./src/My_UART.o
                0x00003a78                Check_TXC_UARTx
 .text.USART0_RX_IRQHandler
                0x00003b28       0xa4 ./src/My_UART.o
                0x00003b28                USART0_RX_IRQHandler
 .text.USART0_TX_IRQHandler
                0x00003bcc       0x3c ./src/My_UART.o
                0x00003bcc                USART0_TX_IRQHandler
 .text.USART1_RX_IRQHandler
                0x00003c08       0xa4 ./src/My_UART.o
                0x00003c08                USART1_RX_IRQHandler
 .text.USART1_TX_IRQHandler
                0x00003cac       0x3c ./src/My_UART.o
                0x00003cac                USART1_TX_IRQHandler
 .text.USART2_RX_IRQHandler
                0x00003ce8       0xa4 ./src/My_UART.o
                0x00003ce8                USART2_RX_IRQHandler
 .text.USART2_TX_IRQHandler
                0x00003d8c       0x3c ./src/My_UART.o
                0x00003d8c                USART2_TX_IRQHandler
 .text.USART3_RX_IRQHandler
                0x00003dc8       0xa4 ./src/My_UART.o
                0x00003dc8                USART3_RX_IRQHandler
 .text.USART3_TX_IRQHandler
                0x00003e6c       0x3c ./src/My_UART.o
                0x00003e6c                USART3_TX_IRQHandler
 .text.__NVIC_EnableIRQ
                0x00003ea8       0x38 ./src/letimer.o
 .text.LETIMER_IntClear
                0x00003ee0       0x1c ./src/letimer.o
 .text.LETIMER_IntDisable
                0x00003efc       0x24 ./src/letimer.o
 .text.LETIMER_IntGetEnabled
                0x00003f20       0x24 ./src/letimer.o
 .text.LETIMER0_Setup
                0x00003f44       0xe8 ./src/letimer.o
                0x00003f44                LETIMER0_Setup
 .text.LETIMER0_IRQHandler
                0x0000402c       0x60 ./src/letimer.o
                0x0000402c                LETIMER0_IRQHandler
 .text.loggerGetTimestamp
                0x0000408c       0x5c ./src/letimer.o
                0x0000408c                loggerGetTimestamp
 .text.SYSTEM_GetProdRev
                0x000040e8       0x1c ./src/main.o
 .text.CHIP_Init
                0x00004104       0x70 ./src/main.o
 .text.main     0x00004174      0x180 ./src/main.o
                0x00004174                main
 .text.exit     0x000042f4       0x28 c:/siliconlabs/simplicitystudio/v4/developer/toolchains/gnu_arm/4.9_2015q3/bin/../lib/gcc/arm-none-eabi/4.9.3/../../../../arm-none-eabi/lib/armv7e-m/softfp\libc_nano.a(lib_a-exit.o)
                0x000042f4                exit
 .text.__libc_init_array
                0x0000431c       0x4c c:/siliconlabs/simplicitystudio/v4/developer/toolchains/gnu_arm/4.9_2015q3/bin/../lib/gcc/arm-none-eabi/4.9.3/../../../../arm-none-eabi/lib/armv7e-m/softfp\libc_nano.a(lib_a-init.o)
                0x0000431c                __libc_init_array
 .text.__itoa   0x00004368       0x2e c:/siliconlabs/simplicitystudio/v4/developer/toolchains/gnu_arm/4.9_2015q3/bin/../lib/gcc/arm-none-eabi/4.9.3/../../../../arm-none-eabi/lib/armv7e-m/softfp\libc_nano.a(lib_a-itoa.o)
                0x00004368                __itoa
 .text.itoa     0x00004396        0x4 c:/siliconlabs/simplicitystudio/v4/developer/toolchains/gnu_arm/4.9_2015q3/bin/../lib/gcc/arm-none-eabi/4.9.3/../../../../arm-none-eabi/lib/armv7e-m/softfp\libc_nano.a(lib_a-itoa.o)
                0x00004396                itoa
 .text.memset   0x0000439a       0x10 c:/siliconlabs/simplicitystudio/v4/developer/toolchains/gnu_arm/4.9_2015q3/bin/../lib/gcc/arm-none-eabi/4.9.3/../../../../arm-none-eabi/lib/armv7e-m/softfp\libc_nano.a(lib_a-memset.o)
                0x0000439a                memset
 *fill*         0x000043aa        0x2 
 .text.printf   0x000043ac       0x30 c:/siliconlabs/simplicitystudio/v4/developer/toolchains/gnu_arm/4.9_2015q3/bin/../lib/gcc/arm-none-eabi/4.9.3/../../../../arm-none-eabi/lib/armv7e-m/softfp\libc_nano.a(lib_a-printf.o)
                0x000043ac                iprintf
                0x000043ac                printf
 .text.snprintf
                0x000043dc       0x64 c:/siliconlabs/simplicitystudio/v4/developer/toolchains/gnu_arm/4.9_2015q3/bin/../lib/gcc/arm-none-eabi/4.9.3/../../../../arm-none-eabi/lib/armv7e-m/softfp\libc_nano.a(lib_a-snprintf.o)
                0x000043dc                sniprintf
                0x000043dc                snprintf
 .text          0x00004440       0x14 c:/siliconlabs/simplicitystudio/v4/developer/toolchains/gnu_arm/4.9_2015q3/bin/../lib/gcc/arm-none-eabi/4.9.3/../../../../arm-none-eabi/lib/armv7e-m/softfp\libc_nano.a(lib_a-strcmp.o)
                0x00004440                strcmp
 .text.strlen   0x00004454       0x10 c:/siliconlabs/simplicitystudio/v4/developer/toolchains/gnu_arm/4.9_2015q3/bin/../lib/gcc/arm-none-eabi/4.9.3/../../../../arm-none-eabi/lib/armv7e-m/softfp\libc_nano.a(lib_a-strlen.o)
                0x00004454                strlen
 .text.__utoa   0x00004464       0x78 c:/siliconlabs/simplicitystudio/v4/developer/toolchains/gnu_arm/4.9_2015q3/bin/../lib/gcc/arm-none-eabi/4.9.3/../../../../arm-none-eabi/lib/armv7e-m/softfp\libc_nano.a(lib_a-utoa.o)
                0x00004464                __utoa
 .text._cleanup_r
                0x000044dc        0xc c:/siliconlabs/simplicitystudio/v4/developer/toolchains/gnu_arm/4.9_2015q3/bin/../lib/gcc/arm-none-eabi/4.9.3/../../../../arm-none-eabi/lib/armv7e-m/softfp\libc_nano.a(lib_a-findfp.o)
                0x000044dc                _cleanup_r
 .text.std.isra.0
                0x000044e8       0x48 c:/siliconlabs/simplicitystudio/v4/developer/toolchains/gnu_arm/4.9_2015q3/bin/../lib/gcc/arm-none-eabi/4.9.3/../../../../arm-none-eabi/lib/armv7e-m/softfp\libc_nano.a(lib_a-findfp.o)
 .text.__sfmoreglue
                0x00004530       0x2c c:/siliconlabs/simplicitystudio/v4/developer/toolchains/gnu_arm/4.9_2015q3/bin/../lib/gcc/arm-none-eabi/4.9.3/../../../../arm-none-eabi/lib/armv7e-m/softfp\libc_nano.a(lib_a-findfp.o)
                0x00004530                __sfmoreglue
 .text.__sinit  0x0000455c       0x60 c:/siliconlabs/simplicitystudio/v4/developer/toolchains/gnu_arm/4.9_2015q3/bin/../lib/gcc/arm-none-eabi/4.9.3/../../../../arm-none-eabi/lib/armv7e-m/softfp\libc_nano.a(lib_a-findfp.o)
                0x0000455c                __sinit
 .text.__sfp    0x000045bc       0x74 c:/siliconlabs/simplicitystudio/v4/developer/toolchains/gnu_arm/4.9_2015q3/bin/../lib/gcc/arm-none-eabi/4.9.3/../../../../arm-none-eabi/lib/armv7e-m/softfp\libc_nano.a(lib_a-findfp.o)
                0x000045bc                __sfp
 .text._fwalk_reent
                0x00004630       0x3c c:/siliconlabs/simplicitystudio/v4/developer/toolchains/gnu_arm/4.9_2015q3/bin/../lib/gcc/arm-none-eabi/4.9.3/../../../../arm-none-eabi/lib/armv7e-m/softfp\libc_nano.a(lib_a-fwalk.o)
                0x00004630                _fwalk_reent
 .text._malloc_r
                0x0000466c       0xac c:/siliconlabs/simplicitystudio/v4/developer/toolchains/gnu_arm/4.9_2015q3/bin/../lib/gcc/arm-none-eabi/4.9.3/../../../../arm-none-eabi/lib/armv7e-m/softfp\libc_nano.a(lib_a-nano-mallocr.o)
                0x0000466c                _malloc_r
 .text.__ssputs_r
                0x00004718       0xb2 c:/siliconlabs/simplicitystudio/v4/developer/toolchains/gnu_arm/4.9_2015q3/bin/../lib/gcc/arm-none-eabi/4.9.3/../../../../arm-none-eabi/lib/armv7e-m/softfp\libc_nano.a(lib_a-nano-svfprintf.o)
                0x00004718                __ssputs_r
 *fill*         0x000047ca        0x2 
 .text._svfprintf_r
                0x000047cc      0x1e4 c:/siliconlabs/simplicitystudio/v4/developer/toolchains/gnu_arm/4.9_2015q3/bin/../lib/gcc/arm-none-eabi/4.9.3/../../../../arm-none-eabi/lib/armv7e-m/softfp\libc_nano.a(lib_a-nano-svfprintf.o)
                0x000047cc                _svfiprintf_r
                0x000047cc                _svfprintf_r
 .text.__sfputc_r
                0x000049b0       0x2c c:/siliconlabs/simplicitystudio/v4/developer/toolchains/gnu_arm/4.9_2015q3/bin/../lib/gcc/arm-none-eabi/4.9.3/../../../../arm-none-eabi/lib/armv7e-m/softfp\libc_nano.a(lib_a-nano-vfprintf.o)
 .text.__sfputs_r
                0x000049dc       0x24 c:/siliconlabs/simplicitystudio/v4/developer/toolchains/gnu_arm/4.9_2015q3/bin/../lib/gcc/arm-none-eabi/4.9.3/../../../../arm-none-eabi/lib/armv7e-m/softfp\libc_nano.a(lib_a-nano-vfprintf.o)
                0x000049dc                __sfputs_r
 .text._vfprintf_r
                0x00004a00      0x210 c:/siliconlabs/simplicitystudio/v4/developer/toolchains/gnu_arm/4.9_2015q3/bin/../lib/gcc/arm-none-eabi/4.9.3/../../../../arm-none-eabi/lib/armv7e-m/softfp\libc_nano.a(lib_a-nano-vfprintf.o)
                0x00004a00                _vfprintf_r
                0x00004a00                _vfiprintf_r
 .text._printf_common
                0x00004c10       0xea c:/siliconlabs/simplicitystudio/v4/developer/toolchains/gnu_arm/4.9_2015q3/bin/../lib/gcc/arm-none-eabi/4.9.3/../../../../arm-none-eabi/lib/armv7e-m/softfp\libc_nano.a(lib_a-nano-vfprintf_i.o)
                0x00004c10                _printf_common
 *fill*         0x00004cfa        0x2 
 .text._printf_i
                0x00004cfc      0x240 c:/siliconlabs/simplicitystudio/v4/developer/toolchains/gnu_arm/4.9_2015q3/bin/../lib/gcc/arm-none-eabi/4.9.3/../../../../arm-none-eabi/lib/armv7e-m/softfp\libc_nano.a(lib_a-nano-vfprintf_i.o)
                0x00004cfc                _printf_i
 .text._sbrk_r  0x00004f3c       0x20 c:/siliconlabs/simplicitystudio/v4/developer/toolchains/gnu_arm/4.9_2015q3/bin/../lib/gcc/arm-none-eabi/4.9.3/../../../../arm-none-eabi/lib/armv7e-m/softfp\libc_nano.a(lib_a-sbrkr.o)
                0x00004f3c                _sbrk_r
 .text.__sread  0x00004f5c       0x22 c:/siliconlabs/simplicitystudio/v4/developer/toolchains/gnu_arm/4.9_2015q3/bin/../lib/gcc/arm-none-eabi/4.9.3/../../../../arm-none-eabi/lib/armv7e-m/softfp\libc_nano.a(lib_a-stdio.o)
                0x00004f5c                __sread
 .text.__swrite
                0x00004f7e       0x38 c:/siliconlabs/simplicitystudio/v4/developer/toolchains/gnu_arm/4.9_2015q3/bin/../lib/gcc/arm-none-eabi/4.9.3/../../../../arm-none-eabi/lib/armv7e-m/softfp\libc_nano.a(lib_a-stdio.o)
                0x00004f7e                __swrite
 .text.__sseek  0x00004fb6       0x24 c:/siliconlabs/simplicitystudio/v4/developer/toolchains/gnu_arm/4.9_2015q3/bin/../lib/gcc/arm-none-eabi/4.9.3/../../../../arm-none-eabi/lib/armv7e-m/softfp\libc_nano.a(lib_a-stdio.o)
                0x00004fb6                __sseek
 .text.__sclose
                0x00004fda        0x8 c:/siliconlabs/simplicitystudio/v4/developer/toolchains/gnu_arm/4.9_2015q3/bin/../lib/gcc/arm-none-eabi/4.9.3/../../../../arm-none-eabi/lib/armv7e-m/softfp\libc_nano.a(lib_a-stdio.o)
                0x00004fda                __sclose
 *fill*         0x00004fe2        0x2 
 .text.__swbuf_r
                0x00004fe4       0xa8 c:/siliconlabs/simplicitystudio/v4/developer/toolchains/gnu_arm/4.9_2015q3/bin/../lib/gcc/arm-none-eabi/4.9.3/../../../../arm-none-eabi/lib/armv7e-m/softfp\libc_nano.a(lib_a-wbuf.o)
                0x00004fe4                __swbuf_r
 .text._write_r
                0x0000508c       0x24 c:/siliconlabs/simplicitystudio/v4/developer/toolchains/gnu_arm/4.9_2015q3/bin/../lib/gcc/arm-none-eabi/4.9.3/../../../../arm-none-eabi/lib/armv7e-m/softfp\libc_nano.a(lib_a-writer.o)
                0x0000508c                _write_r
 .text.__swsetup_r
                0x000050b0       0xd8 c:/siliconlabs/simplicitystudio/v4/developer/toolchains/gnu_arm/4.9_2015q3/bin/../lib/gcc/arm-none-eabi/4.9.3/../../../../arm-none-eabi/lib/armv7e-m/softfp\libc_nano.a(lib_a-wsetup.o)
                0x000050b0                __swsetup_r
 .text._close_r
                0x00005188       0x20 c:/siliconlabs/simplicitystudio/v4/developer/toolchains/gnu_arm/4.9_2015q3/bin/../lib/gcc/arm-none-eabi/4.9.3/../../../../arm-none-eabi/lib/armv7e-m/softfp\libc_nano.a(lib_a-closer.o)
                0x00005188                _close_r
 .text.__sflush_r
                0x000051a8      0x108 c:/siliconlabs/simplicitystudio/v4/developer/toolchains/gnu_arm/4.9_2015q3/bin/../lib/gcc/arm-none-eabi/4.9.3/../../../../arm-none-eabi/lib/armv7e-m/softfp\libc_nano.a(lib_a-fflush.o)
                0x000051a8                __sflush_r
 .text._fflush_r
                0x000052b0       0x54 c:/siliconlabs/simplicitystudio/v4/developer/toolchains/gnu_arm/4.9_2015q3/bin/../lib/gcc/arm-none-eabi/4.9.3/../../../../arm-none-eabi/lib/armv7e-m/softfp\libc_nano.a(lib_a-fflush.o)
                0x000052b0                _fflush_r
 .text._lseek_r
                0x00005304       0x24 c:/siliconlabs/simplicitystudio/v4/developer/toolchains/gnu_arm/4.9_2015q3/bin/../lib/gcc/arm-none-eabi/4.9.3/../../../../arm-none-eabi/lib/armv7e-m/softfp\libc_nano.a(lib_a-lseekr.o)
                0x00005304                _lseek_r
 .text.__smakebuf_r
                0x00005328       0x9c c:/siliconlabs/simplicitystudio/v4/developer/toolchains/gnu_arm/4.9_2015q3/bin/../lib/gcc/arm-none-eabi/4.9.3/../../../../arm-none-eabi/lib/armv7e-m/softfp\libc_nano.a(lib_a-makebuf.o)
                0x00005328                __smakebuf_r
 .text.memchr   0x000053c4       0x1e c:/siliconlabs/simplicitystudio/v4/developer/toolchains/gnu_arm/4.9_2015q3/bin/../lib/gcc/arm-none-eabi/4.9.3/../../../../arm-none-eabi/lib/armv7e-m/softfp\libc_nano.a(lib_a-memchr.o)
                0x000053c4                memchr
 .text.memcpy   0x000053e2       0x16 c:/siliconlabs/simplicitystudio/v4/developer/toolchains/gnu_arm/4.9_2015q3/bin/../lib/gcc/arm-none-eabi/4.9.3/../../../../arm-none-eabi/lib/armv7e-m/softfp\libc_nano.a(lib_a-memcpy.o)
                0x000053e2                memcpy
 .text.memmove  0x000053f8       0x36 c:/siliconlabs/simplicitystudio/v4/developer/toolchains/gnu_arm/4.9_2015q3/bin/../lib/gcc/arm-none-eabi/4.9.3/../../../../arm-none-eabi/lib/armv7e-m/softfp\libc_nano.a(lib_a-memmove.o)
                0x000053f8                memmove
 *fill*         0x0000542e        0x2 
 .text._free_r  0x00005430       0x88 c:/siliconlabs/simplicitystudio/v4/developer/toolchains/gnu_arm/4.9_2015q3/bin/../lib/gcc/arm-none-eabi/4.9.3/../../../../arm-none-eabi/lib/armv7e-m/softfp\libc_nano.a(lib_a-nano-freer.o)
                0x00005430                _free_r
 .text._realloc_r
                0x000054b8       0x4c c:/siliconlabs/simplicitystudio/v4/developer/toolchains/gnu_arm/4.9_2015q3/bin/../lib/gcc/arm-none-eabi/4.9.3/../../../../arm-none-eabi/lib/armv7e-m/softfp\libc_nano.a(lib_a-nano-reallocr.o)
                0x000054b8                _realloc_r
 .text._read_r  0x00005504       0x24 c:/siliconlabs/simplicitystudio/v4/developer/toolchains/gnu_arm/4.9_2015q3/bin/../lib/gcc/arm-none-eabi/4.9.3/../../../../arm-none-eabi/lib/armv7e-m/softfp\libc_nano.a(lib_a-readr.o)
                0x00005504                _read_r
 .text._fstat_r
                0x00005528       0x24 c:/siliconlabs/simplicitystudio/v4/developer/toolchains/gnu_arm/4.9_2015q3/bin/../lib/gcc/arm-none-eabi/4.9.3/../../../../arm-none-eabi/lib/armv7e-m/softfp\libc_nano.a(lib_a-fstatr.o)
                0x00005528                _fstat_r
 .text._isatty_r
                0x0000554c       0x20 c:/siliconlabs/simplicitystudio/v4/developer/toolchains/gnu_arm/4.9_2015q3/bin/../lib/gcc/arm-none-eabi/4.9.3/../../../../arm-none-eabi/lib/armv7e-m/softfp\libc_nano.a(lib_a-isattyr.o)
                0x0000554c                _isatty_r
 .text._malloc_usable_size_r
                0x0000556c       0x14 c:/siliconlabs/simplicitystudio/v4/developer/toolchains/gnu_arm/4.9_2015q3/bin/../lib/gcc/arm-none-eabi/4.9.3/../../../../arm-none-eabi/lib/armv7e-m/softfp\libc_nano.a(lib_a-nano-msizer.o)
                0x0000556c                _malloc_usable_size_r
 .text._close   0x00005580       0x10 c:/siliconlabs/simplicitystudio/v4/developer/toolchains/gnu_arm/4.9_2015q3/bin/../lib/gcc/arm-none-eabi/4.9.3/../../../../arm-none-eabi/lib/armv7e-m/softfp\libnosys.a(close.o)
                0x00005580                _close
 .text._fstat   0x00005590       0x10 c:/siliconlabs/simplicitystudio/v4/developer/toolchains/gnu_arm/4.9_2015q3/bin/../lib/gcc/arm-none-eabi/4.9.3/../../../../arm-none-eabi/lib/armv7e-m/softfp\libnosys.a(fstat.o)
                0x00005590                _fstat
 .text._isatty  0x000055a0       0x10 c:/siliconlabs/simplicitystudio/v4/developer/toolchains/gnu_arm/4.9_2015q3/bin/../lib/gcc/arm-none-eabi/4.9.3/../../../../arm-none-eabi/lib/armv7e-m/softfp\libnosys.a(isatty.o)
                0x000055a0                _isatty
 .text._lseek   0x000055b0       0x10 c:/siliconlabs/simplicitystudio/v4/developer/toolchains/gnu_arm/4.9_2015q3/bin/../lib/gcc/arm-none-eabi/4.9.3/../../../../arm-none-eabi/lib/armv7e-m/softfp\libnosys.a(lseek.o)
                0x000055b0                _lseek
 .text._read    0x000055c0       0x10 c:/siliconlabs/simplicitystudio/v4/developer/toolchains/gnu_arm/4.9_2015q3/bin/../lib/gcc/arm-none-eabi/4.9.3/../../../../arm-none-eabi/lib/armv7e-m/softfp\libnosys.a(read.o)
                0x000055c0                _read
 .text._sbrk    0x000055d0       0x1c c:/siliconlabs/simplicitystudio/v4/developer/toolchains/gnu_arm/4.9_2015q3/bin/../lib/gcc/arm-none-eabi/4.9.3/../../../../arm-none-eabi/lib/armv7e-m/softfp\libnosys.a(sbrk.o)
                0x000055d0                _sbrk
 .text._write   0x000055ec       0x10 c:/siliconlabs/simplicitystudio/v4/developer/toolchains/gnu_arm/4.9_2015q3/bin/../lib/gcc/arm-none-eabi/4.9.3/../../../../arm-none-eabi/lib/armv7e-m/softfp\libnosys.a(write.o)
                0x000055ec                _write
 .text._exit    0x000055fc        0x4 c:/siliconlabs/simplicitystudio/v4/developer/toolchains/gnu_arm/4.9_2015q3/bin/../lib/gcc/arm-none-eabi/4.9.3/../../../../arm-none-eabi/lib/armv7e-m/softfp\libnosys.a(_exit.o)
                0x000055fc                _exit
 *(.init)
 .init          0x00005600        0x4 c:/siliconlabs/simplicitystudio/v4/developer/toolchains/gnu_arm/4.9_2015q3/bin/../lib/gcc/arm-none-eabi/4.9.3/armv7e-m/softfp/crti.o
                0x00005600                _init
 .init          0x00005604        0x8 c:/siliconlabs/simplicitystudio/v4/developer/toolchains/gnu_arm/4.9_2015q3/bin/../lib/gcc/arm-none-eabi/4.9.3/armv7e-m/softfp/crtn.o
 *(.fini)
 .fini          0x0000560c        0x4 c:/siliconlabs/simplicitystudio/v4/developer/toolchains/gnu_arm/4.9_2015q3/bin/../lib/gcc/arm-none-eabi/4.9.3/armv7e-m/softfp/crti.o
                0x0000560c                _fini
 .fini          0x00005610        0x8 c:/siliconlabs/simplicitystudio/v4/developer/toolchains/gnu_arm/4.9_2015q3/bin/../lib/gcc/arm-none-eabi/4.9.3/armv7e-m/softfp/crtn.o
 *crtbegin.o(.ctors)
 *crtbegin?.o(.ctors)
 *(EXCLUDE_FILE(*crtend.o *crtend?.o) .ctors)
 *(SORT(.ctors.*))
 *(.ctors)
 *crtbegin.o(.dtors)
 *crtbegin?.o(.dtors)
 *(EXCLUDE_FILE(*crtend.o *crtend?.o) .dtors)
 *(SORT(.dtors.*))
 *(.dtors)
 *(.rodata*)
 .rodata        0x00005618      0x12f ./emlib/em_cmu.o
 *fill*         0x00005747        0x1 
 .rodata.flashWsTable
                0x00005748       0x28 ./emlib/em_cmu.o
 .rodata        0x00005770       0x63 ./emlib/em_emu.o
 *fill*         0x000057d3        0x1 
 .rodata        0x000057d4       0xc8 ./emlib/em_gpio.o
 .rodata        0x0000589c       0x16 ./emlib/em_letimer.o
 *fill*         0x000058b2        0x2 
 .rodata        0x000058b4       0x66 ./emlib/em_leuart.o
 *fill*         0x0000591a        0x2 
 .rodata        0x0000591c       0x14 ./emlib/em_usart.o
 .rodata        0x00005930       0x4b ./src/ATCommandsLib.o
 *fill*         0x0000597b        0x1 
 .rodata        0x0000597c       0x28 ./src/My_CMU.o
 .rodata        0x000059a4       0x42 ./src/My_Logger.o
 *fill*         0x000059e6        0x2 
 .rodata        0x000059e8       0x24 ./src/My_Sleep.o
 .rodata        0x00005a0c       0x11 ./src/My_UART.o
 *fill*         0x00005a1d        0x3 
 .rodata        0x00005a20       0x4d ./src/main.o
 .rodata.str1.1
                0x00005a6d        0x2 c:/siliconlabs/simplicitystudio/v4/developer/toolchains/gnu_arm/4.9_2015q3/bin/../lib/gcc/arm-none-eabi/4.9.3/../../../../arm-none-eabi/lib/armv7e-m/softfp\libc_nano.a(lib_a-impure.o)
 *fill*         0x00005a6f        0x1 
 .rodata._global_impure_ptr
                0x00005a70        0x4 c:/siliconlabs/simplicitystudio/v4/developer/toolchains/gnu_arm/4.9_2015q3/bin/../lib/gcc/arm-none-eabi/4.9.3/../../../../arm-none-eabi/lib/armv7e-m/softfp\libc_nano.a(lib_a-impure.o)
                0x00005a70                _global_impure_ptr
 .rodata.str1.1
                0x00005a74       0x25 c:/siliconlabs/simplicitystudio/v4/developer/toolchains/gnu_arm/4.9_2015q3/bin/../lib/gcc/arm-none-eabi/4.9.3/../../../../arm-none-eabi/lib/armv7e-m/softfp\libc_nano.a(lib_a-utoa.o)
 *fill*         0x00005a99        0x3 
 .rodata.__sf_fake_stdin
                0x00005a9c       0x20 c:/siliconlabs/simplicitystudio/v4/developer/toolchains/gnu_arm/4.9_2015q3/bin/../lib/gcc/arm-none-eabi/4.9.3/../../../../arm-none-eabi/lib/armv7e-m/softfp\libc_nano.a(lib_a-findfp.o)
                0x00005a9c                __sf_fake_stdin
 .rodata.__sf_fake_stdout
                0x00005abc       0x20 c:/siliconlabs/simplicitystudio/v4/developer/toolchains/gnu_arm/4.9_2015q3/bin/../lib/gcc/arm-none-eabi/4.9.3/../../../../arm-none-eabi/lib/armv7e-m/softfp\libc_nano.a(lib_a-findfp.o)
                0x00005abc                __sf_fake_stdout
 .rodata.__sf_fake_stderr
                0x00005adc       0x20 c:/siliconlabs/simplicitystudio/v4/developer/toolchains/gnu_arm/4.9_2015q3/bin/../lib/gcc/arm-none-eabi/4.9.3/../../../../arm-none-eabi/lib/armv7e-m/softfp\libc_nano.a(lib_a-findfp.o)
                0x00005adc                __sf_fake_stderr
 .rodata.str1.1
                0x00005afc       0x11 c:/siliconlabs/simplicitystudio/v4/developer/toolchains/gnu_arm/4.9_2015q3/bin/../lib/gcc/arm-none-eabi/4.9.3/../../../../arm-none-eabi/lib/armv7e-m/softfp\libc_nano.a(lib_a-nano-svfprintf.o)
 .rodata.str1.1
                0x00000000       0x11 c:/siliconlabs/simplicitystudio/v4/developer/toolchains/gnu_arm/4.9_2015q3/bin/../lib/gcc/arm-none-eabi/4.9.3/../../../../arm-none-eabi/lib/armv7e-m/softfp\libc_nano.a(lib_a-nano-vfprintf.o)
 .rodata.str1.1
                0x00005b0d       0x22 c:/siliconlabs/simplicitystudio/v4/developer/toolchains/gnu_arm/4.9_2015q3/bin/../lib/gcc/arm-none-eabi/4.9.3/../../../../arm-none-eabi/lib/armv7e-m/softfp\libc_nano.a(lib_a-nano-vfprintf_i.o)
 *(.eh_frame*)
 *fill*         0x00005b2f        0x1 
 .eh_frame      0x00005b30        0x0 c:/siliconlabs/simplicitystudio/v4/developer/toolchains/gnu_arm/4.9_2015q3/bin/../lib/gcc/arm-none-eabi/4.9.3/armv7e-m/softfp/crtbegin.o
 .eh_frame      0x00005b30       0x28 c:/siliconlabs/simplicitystudio/v4/developer/toolchains/gnu_arm/4.9_2015q3/bin/../lib/gcc/arm-none-eabi/4.9.3/../../../../arm-none-eabi/lib/armv7e-m/softfp\libc_nano.a(lib_a-strcmp.o)
 .eh_frame      0x00005b58        0x4 c:/siliconlabs/simplicitystudio/v4/developer/toolchains/gnu_arm/4.9_2015q3/bin/../lib/gcc/arm-none-eabi/4.9.3/armv7e-m/softfp/crtend.o

.glue_7         0x00005b5c        0x0
 .glue_7        0x00000000        0x0 linker stubs

.glue_7t        0x00005b5c        0x0
 .glue_7t       0x00000000        0x0 linker stubs

.vfp11_veneer   0x00005b5c        0x0
 .vfp11_veneer  0x00000000        0x0 linker stubs

.v4_bx          0x00005b5c        0x0
 .v4_bx         0x00000000        0x0 linker stubs

.iplt           0x00005b5c        0x0
 .iplt          0x00000000        0x0 c:/siliconlabs/simplicitystudio/v4/developer/toolchains/gnu_arm/4.9_2015q3/bin/../lib/gcc/arm-none-eabi/4.9.3/armv7e-m/softfp/crtbegin.o

.ARM.extab
 *(.ARM.extab* .gnu.linkonce.armextab.*)
                0x00005b5c                __exidx_start = .

.ARM.exidx      0x00005b5c        0x8
 *(.ARM.exidx* .gnu.linkonce.armexidx.*)
 .ARM.exidx     0x00005b5c        0x8 c:/siliconlabs/simplicitystudio/v4/developer/toolchains/gnu_arm/4.9_2015q3/bin/../lib/gcc/arm-none-eabi/4.9.3/../../../../arm-none-eabi/lib/armv7e-m/softfp/crt0.o
                0x00005b64                __exidx_end = .
                0x00005b64                __etext = .

.rel.dyn        0x00005b64        0x0
 .rel.iplt      0x00000000        0x0 c:/siliconlabs/simplicitystudio/v4/developer/toolchains/gnu_arm/4.9_2015q3/bin/../lib/gcc/arm-none-eabi/4.9.3/armv7e-m/softfp/crtbegin.o

.data           0x20000000       0xdc load address 0x00005b64
                0x20000000                __data_start__ = .
 *(vtable)
 *(.data*)
 .data.SystemHFXOClock
                0x20000000        0x4 ./CMSIS/EFM32PG12B/system_efm32pg12b.o
 .data.SystemLFXOClock
                0x20000004        0x4 ./CMSIS/EFM32PG12B/system_efm32pg12b.o
 .data.SystemCoreClock
                0x20000008        0x4 ./CMSIS/EFM32PG12B/system_efm32pg12b.o
                0x20000008                SystemCoreClock
 .data.SystemHfrcoFreq
                0x2000000c        0x4 ./CMSIS/EFM32PG12B/system_efm32pg12b.o
                0x2000000c                SystemHfrcoFreq
 .data.auxHfrcoFreq
                0x20000010        0x4 ./emlib/em_cmu.o
 .data.BT_LoggerUART
                0x20000014       0x24 ./src/My_Logger.o
                0x20000014                BT_LoggerUART
 .data.LogLevel_Str
                0x20000038       0x32 ./src/My_Logger.o
                0x20000038                LogLevel_Str
 *fill*         0x2000006a        0x2 
 .data.impure_data
                0x2000006c       0x60 c:/siliconlabs/simplicitystudio/v4/developer/toolchains/gnu_arm/4.9_2015q3/bin/../lib/gcc/arm-none-eabi/4.9.3/../../../../arm-none-eabi/lib/armv7e-m/softfp\libc_nano.a(lib_a-impure.o)
 .data._impure_ptr
                0x200000cc        0x4 c:/siliconlabs/simplicitystudio/v4/developer/toolchains/gnu_arm/4.9_2015q3/bin/../lib/gcc/arm-none-eabi/4.9.3/../../../../arm-none-eabi/lib/armv7e-m/softfp\libc_nano.a(lib_a-impure.o)
                0x200000cc                _impure_ptr
                0x200000d0                . = ALIGN (0x4)
                0x200000d0                PROVIDE (__ram_func_section_start, .)
 *(.ram)
                0x200000d0                PROVIDE (__ram_func_section_end, .)
                0x200000d0                . = ALIGN (0x4)
                0x200000d0                PROVIDE (__preinit_array_start, .)
 *(.preinit_array)
                0x200000d0                PROVIDE (__preinit_array_end, .)
                0x200000d0                . = ALIGN (0x4)
                0x200000d0                PROVIDE (__init_array_start, .)
 *(SORT(.init_array.*))
 *(.init_array)
 .init_array    0x200000d0        0x4 c:/siliconlabs/simplicitystudio/v4/developer/toolchains/gnu_arm/4.9_2015q3/bin/../lib/gcc/arm-none-eabi/4.9.3/armv7e-m/softfp/crtbegin.o
                0x200000d4                PROVIDE (__init_array_end, .)
                0x200000d4                . = ALIGN (0x4)
                0x200000d4                PROVIDE (__fini_array_start, .)
 *(SORT(.fini_array.*))
 *(.fini_array)
 .fini_array    0x200000d4        0x4 c:/siliconlabs/simplicitystudio/v4/developer/toolchains/gnu_arm/4.9_2015q3/bin/../lib/gcc/arm-none-eabi/4.9.3/armv7e-m/softfp/crtbegin.o
                0x200000d8                PROVIDE (__fini_array_end, .)
 *(.jcr*)
 .jcr           0x200000d8        0x0 c:/siliconlabs/simplicitystudio/v4/developer/toolchains/gnu_arm/4.9_2015q3/bin/../lib/gcc/arm-none-eabi/4.9.3/armv7e-m/softfp/crtbegin.o
 .jcr           0x200000d8        0x4 c:/siliconlabs/simplicitystudio/v4/developer/toolchains/gnu_arm/4.9_2015q3/bin/../lib/gcc/arm-none-eabi/4.9.3/armv7e-m/softfp/crtend.o
                0x200000dc                . = ALIGN (0x4)
                0x200000dc                __data_end__ = .

.igot.plt       0x200000dc        0x0 load address 0x00005c40
 .igot.plt      0x00000000        0x0 c:/siliconlabs/simplicitystudio/v4/developer/toolchains/gnu_arm/4.9_2015q3/bin/../lib/gcc/arm-none-eabi/4.9.3/armv7e-m/softfp/crtbegin.o

.bss            0x200000dc       0xd4 load address 0x00005c40
                0x200000dc                . = ALIGN (0x4)
                0x200000dc                __bss_start__ = .
 *(.bss*)
 .bss           0x200000dc       0x1c c:/siliconlabs/simplicitystudio/v4/developer/toolchains/gnu_arm/4.9_2015q3/bin/../lib/gcc/arm-none-eabi/4.9.3/armv7e-m/softfp/crtbegin.o
 .bss.dcdcMaxCurrent_mA
                0x200000f8        0x2 ./emlib/em_emu.o
 .bss.dcdcEm01LoadCurrent_mA
                0x200000fa        0x2 ./emlib/em_emu.o
 .bss.dcdcReverseCurrentControl
                0x200000fc        0x2 ./emlib/em_emu.o
 *fill*         0x200000fe        0x2 
 .bss.vScaleEM01Config
                0x20000100        0x1 ./emlib/em_emu.o
 *fill*         0x20000101        0x3 
 .bss.cmuStatus.6464
                0x20000104        0x4 ./emlib/em_emu.o
 .bss.hfClock.6465
                0x20000108        0x1 ./emlib/em_emu.o
 .bss.vScaleStatus.6466
                0x20000109        0x1 ./emlib/em_emu.o
 *fill*         0x2000010a        0x2 
 .bss.hfrcoCtrl.6467
                0x2000010c        0x4 ./emlib/em_emu.o
 .bss.Ticks     0x20000110        0x4 ./src/My_Logger.o
                0x20000110                Ticks
 .bss.Secs      0x20000114        0x4 ./src/My_Logger.o
                0x20000114                Secs
 .bss.UART0_TXC_Flag
                0x20000118        0x1 ./src/My_UART.o
                0x20000118                UART0_TXC_Flag
 .bss.UART0_StartFrame
                0x20000119        0x1 ./src/My_UART.o
                0x20000119                UART0_StartFrame
 .bss.UART0_EndFrame
                0x2000011a        0x1 ./src/My_UART.o
                0x2000011a                UART0_EndFrame
 *fill*         0x2000011b        0x1 
 .bss.UART0_RX_Buffer
                0x2000011c        0xa ./src/My_UART.o
                0x2000011c                UART0_RX_Buffer
 .bss.UART1_TXC_Flag
                0x20000126        0x1 ./src/My_UART.o
                0x20000126                UART1_TXC_Flag
 .bss.UART1_StartFrame
                0x20000127        0x1 ./src/My_UART.o
                0x20000127                UART1_StartFrame
 .bss.UART1_EndFrame
                0x20000128        0x1 ./src/My_UART.o
                0x20000128                UART1_EndFrame
 *fill*         0x20000129        0x3 
 .bss.UART1_RX_Buffer
                0x2000012c        0x1 ./src/My_UART.o
                0x2000012c                UART1_RX_Buffer
 .bss.UART2_TXC_Flag
                0x2000012d        0x1 ./src/My_UART.o
                0x2000012d                UART2_TXC_Flag
 .bss.UART2_StartFrame
                0x2000012e        0x1 ./src/My_UART.o
                0x2000012e                UART2_StartFrame
 .bss.UART2_EndFrame
                0x2000012f        0x1 ./src/My_UART.o
                0x2000012f                UART2_EndFrame
 .bss.UART2_RX_Buffer
                0x20000130        0x1 ./src/My_UART.o
                0x20000130                UART2_RX_Buffer
 .bss.UART3_TXC_Flag
                0x20000131        0x1 ./src/My_UART.o
                0x20000131                UART3_TXC_Flag
 .bss.UART3_StartFrame
                0x20000132        0x1 ./src/My_UART.o
                0x20000132                UART3_StartFrame
 .bss.UART3_EndFrame
                0x20000133        0x1 ./src/My_UART.o
                0x20000133                UART3_EndFrame
 .bss.UART3_RX_Buffer
                0x20000134        0x1 ./src/My_UART.o
                0x20000134                UART3_RX_Buffer
 .bss.RX_Enabled.6993
                0x20000135        0x1 ./src/My_UART.o
 .bss.RX_Buff_Index.6994
                0x20000136        0x1 ./src/My_UART.o
 .bss.RX_Enabled.7002
                0x20000137        0x1 ./src/My_UART.o
 .bss.RX_Buff_Index.7003
                0x20000138        0x1 ./src/My_UART.o
 .bss.RX_Enabled.7011
                0x20000139        0x1 ./src/My_UART.o
 .bss.RX_Buff_Index.7012
                0x2000013a        0x1 ./src/My_UART.o
 .bss.RX_Enabled.7020
                0x2000013b        0x1 ./src/My_UART.o
 .bss.RX_Buff_Index.7021
                0x2000013c        0x1 ./src/My_UART.o
 *fill*         0x2000013d        0x3 
 .bss.rolloverCount
                0x20000140        0x4 ./src/letimer.o
                0x20000140                rolloverCount
 .bss.TimerPeriod
                0x20000144        0x4 ./src/letimer.o
                0x20000144                TimerPeriod
 .bss.TXC_Flag  0x20000148        0x1 ./src/main.o
                0x20000148                TXC_Flag
 .bss.RX_Index  0x20000149        0x1 ./src/main.o
                0x20000149                RX_Index
 .bss.waitForResp
                0x2000014a        0x1 ./src/main.o
                0x2000014a                waitForResp
 .bss.SchedulerEvent
                0x2000014b        0x1 ./src/main.o
                0x2000014b                SchedulerEvent
 .bss.__malloc_sbrk_start
                0x2000014c        0x4 c:/siliconlabs/simplicitystudio/v4/developer/toolchains/gnu_arm/4.9_2015q3/bin/../lib/gcc/arm-none-eabi/4.9.3/../../../../arm-none-eabi/lib/armv7e-m/softfp\libc_nano.a(lib_a-nano-mallocr.o)
                0x2000014c                __malloc_sbrk_start
 .bss.__malloc_free_list
                0x20000150        0x4 c:/siliconlabs/simplicitystudio/v4/developer/toolchains/gnu_arm/4.9_2015q3/bin/../lib/gcc/arm-none-eabi/4.9.3/../../../../arm-none-eabi/lib/armv7e-m/softfp\libc_nano.a(lib_a-nano-mallocr.o)
                0x20000150                __malloc_free_list
 .bss.heap_end.4079
                0x20000154        0x4 c:/siliconlabs/simplicitystudio/v4/developer/toolchains/gnu_arm/4.9_2015q3/bin/../lib/gcc/arm-none-eabi/4.9.3/../../../../arm-none-eabi/lib/armv7e-m/softfp\libnosys.a(sbrk.o)
 *(COMMON)
 COMMON         0x20000158       0x18 ./src/letimer.o
                0x20000158                letimerInit
                0x20000168                currentClock
 COMMON         0x20000170       0x39 ./src/main.o
                0x20000170                RX_Buffer
                0x200001a4                EnergyMode_Counter
 *fill*         0x200001a9        0x3 
 COMMON         0x200001ac        0x4 c:/siliconlabs/simplicitystudio/v4/developer/toolchains/gnu_arm/4.9_2015q3/bin/../lib/gcc/arm-none-eabi/4.9.3/../../../../arm-none-eabi/lib/armv7e-m/softfp\libc_nano.a(lib_a-reent.o)
                0x200001ac                errno
                0x200001b0                . = ALIGN (0x4)
                0x200001b0                __bss_end__ = .

.heap           0x200001b0      0xc00
                0x200001b0                __HeapBase = .
                0x200001b0                __end__ = .
                0x200001b0                end = __end__
                0x200001b0                _end = __end__
 *(.heap*)
 .heap          0x200001b0      0xc00 ./CMSIS/EFM32PG12B/startup_efm32pg12b.o
                0x20000db0                __HeapLimit = .

.stack_dummy    0x200001b0      0x400
 *(.stack*)
 .stack         0x200001b0      0x400 ./CMSIS/EFM32PG12B/startup_efm32pg12b.o
                0x20040000                __StackTop = (ORIGIN (RAM) + 0x40000)
                0x2003fc00                __StackLimit = (__StackTop - SIZEOF (.stack_dummy))
                0x20040000                PROVIDE (__stack, __StackTop)
                0x00000001                ASSERT ((__StackLimit >= __HeapLimit), region RAM overflowed with stack)
                0x00000001                ASSERT ((0x100000 >= (__etext + SIZEOF (.data))), FLASH memory overflowed !)
OUTPUT(PatientTracker_Xbee2.axf elf32-littlearm)

.ARM.attributes
                0x00000000       0x2e
 .ARM.attributes
                0x00000000       0x22 c:/siliconlabs/simplicitystudio/v4/developer/toolchains/gnu_arm/4.9_2015q3/bin/../lib/gcc/arm-none-eabi/4.9.3/armv7e-m/softfp/crti.o
 .ARM.attributes
                0x00000022       0x32 c:/siliconlabs/simplicitystudio/v4/developer/toolchains/gnu_arm/4.9_2015q3/bin/../lib/gcc/arm-none-eabi/4.9.3/armv7e-m/softfp/crtbegin.o
 .ARM.attributes
                0x00000054       0x20 c:/siliconlabs/simplicitystudio/v4/developer/toolchains/gnu_arm/4.9_2015q3/bin/../lib/gcc/arm-none-eabi/4.9.3/../../../../arm-none-eabi/lib/armv7e-m/softfp/crt0.o
 .ARM.attributes
                0x00000074       0x1f ./CMSIS/EFM32PG12B/startup_efm32pg12b.o
 .ARM.attributes
                0x00000093       0x37 ./CMSIS/EFM32PG12B/system_efm32pg12b.o
 .ARM.attributes
                0x000000ca       0x37 ./emlib/em_assert.o
 .ARM.attributes
                0x00000101       0x37 ./emlib/em_cmu.o
 .ARM.attributes
                0x00000138       0x37 ./emlib/em_core.o
 .ARM.attributes
                0x0000016f       0x37 ./emlib/em_emu.o
 .ARM.attributes
                0x000001a6       0x37 ./emlib/em_gpio.o
 .ARM.attributes
                0x000001dd       0x37 ./emlib/em_letimer.o
 .ARM.attributes
                0x00000214       0x37 ./emlib/em_leuart.o
 .ARM.attributes
                0x0000024b       0x37 ./emlib/em_usart.o
 .ARM.attributes
                0x00000282       0x37 ./src/ATCommandsLib.o
 .ARM.attributes
                0x000002b9       0x37 ./src/My_CMU.o
 .ARM.attributes
                0x000002f0       0x37 ./src/My_LEUART.o
 .ARM.attributes
                0x00000327       0x37 ./src/My_Logger.o
 .ARM.attributes
                0x0000035e       0x37 ./src/My_Sleep.o
 .ARM.attributes
                0x00000395       0x37 ./src/My_UART.o
 .ARM.attributes
                0x000003cc       0x37 ./src/letimer.o
 .ARM.attributes
                0x00000403       0x37 ./src/main.o
 .ARM.attributes
                0x0000043a       0x32 c:/siliconlabs/simplicitystudio/v4/developer/toolchains/gnu_arm/4.9_2015q3/bin/../lib/gcc/arm-none-eabi/4.9.3/../../../../arm-none-eabi/lib/armv7e-m/softfp\libc_nano.a(lib_a-exit.o)
 .ARM.attributes
                0x0000046c       0x32 c:/siliconlabs/simplicitystudio/v4/developer/toolchains/gnu_arm/4.9_2015q3/bin/../lib/gcc/arm-none-eabi/4.9.3/../../../../arm-none-eabi/lib/armv7e-m/softfp\libc_nano.a(lib_a-impure.o)
 .ARM.attributes
                0x0000049e       0x32 c:/siliconlabs/simplicitystudio/v4/developer/toolchains/gnu_arm/4.9_2015q3/bin/../lib/gcc/arm-none-eabi/4.9.3/../../../../arm-none-eabi/lib/armv7e-m/softfp\libc_nano.a(lib_a-init.o)
 .ARM.attributes
                0x000004d0       0x32 c:/siliconlabs/simplicitystudio/v4/developer/toolchains/gnu_arm/4.9_2015q3/bin/../lib/gcc/arm-none-eabi/4.9.3/../../../../arm-none-eabi/lib/armv7e-m/softfp\libc_nano.a(lib_a-itoa.o)
 .ARM.attributes
                0x00000502       0x32 c:/siliconlabs/simplicitystudio/v4/developer/toolchains/gnu_arm/4.9_2015q3/bin/../lib/gcc/arm-none-eabi/4.9.3/../../../../arm-none-eabi/lib/armv7e-m/softfp\libc_nano.a(lib_a-memset.o)
 .ARM.attributes
                0x00000534       0x32 c:/siliconlabs/simplicitystudio/v4/developer/toolchains/gnu_arm/4.9_2015q3/bin/../lib/gcc/arm-none-eabi/4.9.3/../../../../arm-none-eabi/lib/armv7e-m/softfp\libc_nano.a(lib_a-printf.o)
 .ARM.attributes
                0x00000566       0x32 c:/siliconlabs/simplicitystudio/v4/developer/toolchains/gnu_arm/4.9_2015q3/bin/../lib/gcc/arm-none-eabi/4.9.3/../../../../arm-none-eabi/lib/armv7e-m/softfp\libc_nano.a(lib_a-snprintf.o)
 .ARM.attributes
                0x00000598       0x20 c:/siliconlabs/simplicitystudio/v4/developer/toolchains/gnu_arm/4.9_2015q3/bin/../lib/gcc/arm-none-eabi/4.9.3/../../../../arm-none-eabi/lib/armv7e-m/softfp\libc_nano.a(lib_a-strcmp.o)
 .ARM.attributes
                0x000005b8       0x32 c:/siliconlabs/simplicitystudio/v4/developer/toolchains/gnu_arm/4.9_2015q3/bin/../lib/gcc/arm-none-eabi/4.9.3/../../../../arm-none-eabi/lib/armv7e-m/softfp\libc_nano.a(lib_a-strlen.o)
 .ARM.attributes
                0x000005ea       0x32 c:/siliconlabs/simplicitystudio/v4/developer/toolchains/gnu_arm/4.9_2015q3/bin/../lib/gcc/arm-none-eabi/4.9.3/../../../../arm-none-eabi/lib/armv7e-m/softfp\libc_nano.a(lib_a-utoa.o)
 .ARM.attributes
                0x0000061c       0x32 c:/siliconlabs/simplicitystudio/v4/developer/toolchains/gnu_arm/4.9_2015q3/bin/../lib/gcc/arm-none-eabi/4.9.3/../../../../arm-none-eabi/lib/armv7e-m/softfp\libc_nano.a(lib_a-findfp.o)
 .ARM.attributes
                0x0000064e       0x32 c:/siliconlabs/simplicitystudio/v4/developer/toolchains/gnu_arm/4.9_2015q3/bin/../lib/gcc/arm-none-eabi/4.9.3/../../../../arm-none-eabi/lib/armv7e-m/softfp\libc_nano.a(lib_a-fwalk.o)
 .ARM.attributes
                0x00000680       0x32 c:/siliconlabs/simplicitystudio/v4/developer/toolchains/gnu_arm/4.9_2015q3/bin/../lib/gcc/arm-none-eabi/4.9.3/../../../../arm-none-eabi/lib/armv7e-m/softfp\libc_nano.a(lib_a-nano-mallocr.o)
 .ARM.attributes
                0x000006b2       0x32 c:/siliconlabs/simplicitystudio/v4/developer/toolchains/gnu_arm/4.9_2015q3/bin/../lib/gcc/arm-none-eabi/4.9.3/../../../../arm-none-eabi/lib/armv7e-m/softfp\libc_nano.a(lib_a-nano-svfprintf.o)
 .ARM.attributes
                0x000006e4       0x32 c:/siliconlabs/simplicitystudio/v4/developer/toolchains/gnu_arm/4.9_2015q3/bin/../lib/gcc/arm-none-eabi/4.9.3/../../../../arm-none-eabi/lib/armv7e-m/softfp\libc_nano.a(lib_a-nano-vfprintf.o)
 .ARM.attributes
                0x00000716       0x32 c:/siliconlabs/simplicitystudio/v4/developer/toolchains/gnu_arm/4.9_2015q3/bin/../lib/gcc/arm-none-eabi/4.9.3/../../../../arm-none-eabi/lib/armv7e-m/softfp\libc_nano.a(lib_a-nano-vfprintf_i.o)
 .ARM.attributes
                0x00000748       0x32 c:/siliconlabs/simplicitystudio/v4/developer/toolchains/gnu_arm/4.9_2015q3/bin/../lib/gcc/arm-none-eabi/4.9.3/../../../../arm-none-eabi/lib/armv7e-m/softfp\libc_nano.a(lib_a-sbrkr.o)
 .ARM.attributes
                0x0000077a       0x32 c:/siliconlabs/simplicitystudio/v4/developer/toolchains/gnu_arm/4.9_2015q3/bin/../lib/gcc/arm-none-eabi/4.9.3/../../../../arm-none-eabi/lib/armv7e-m/softfp\libc_nano.a(lib_a-stdio.o)
 .ARM.attributes
                0x000007ac       0x32 c:/siliconlabs/simplicitystudio/v4/developer/toolchains/gnu_arm/4.9_2015q3/bin/../lib/gcc/arm-none-eabi/4.9.3/../../../../arm-none-eabi/lib/armv7e-m/softfp\libc_nano.a(lib_a-wbuf.o)
 .ARM.attributes
                0x000007de       0x32 c:/siliconlabs/simplicitystudio/v4/developer/toolchains/gnu_arm/4.9_2015q3/bin/../lib/gcc/arm-none-eabi/4.9.3/../../../../arm-none-eabi/lib/armv7e-m/softfp\libc_nano.a(lib_a-writer.o)
 .ARM.attributes
                0x00000810       0x32 c:/siliconlabs/simplicitystudio/v4/developer/toolchains/gnu_arm/4.9_2015q3/bin/../lib/gcc/arm-none-eabi/4.9.3/../../../../arm-none-eabi/lib/armv7e-m/softfp\libc_nano.a(lib_a-wsetup.o)
 .ARM.attributes
                0x00000842       0x32 c:/siliconlabs/simplicitystudio/v4/developer/toolchains/gnu_arm/4.9_2015q3/bin/../lib/gcc/arm-none-eabi/4.9.3/../../../../arm-none-eabi/lib/armv7e-m/softfp\libc_nano.a(lib_a-closer.o)
 .ARM.attributes
                0x00000874       0x32 c:/siliconlabs/simplicitystudio/v4/developer/toolchains/gnu_arm/4.9_2015q3/bin/../lib/gcc/arm-none-eabi/4.9.3/../../../../arm-none-eabi/lib/armv7e-m/softfp\libc_nano.a(lib_a-fflush.o)
 .ARM.attributes
                0x000008a6       0x32 c:/siliconlabs/simplicitystudio/v4/developer/toolchains/gnu_arm/4.9_2015q3/bin/../lib/gcc/arm-none-eabi/4.9.3/../../../../arm-none-eabi/lib/armv7e-m/softfp\libc_nano.a(lib_a-lseekr.o)
 .ARM.attributes
                0x000008d8       0x32 c:/siliconlabs/simplicitystudio/v4/developer/toolchains/gnu_arm/4.9_2015q3/bin/../lib/gcc/arm-none-eabi/4.9.3/../../../../arm-none-eabi/lib/armv7e-m/softfp\libc_nano.a(lib_a-makebuf.o)
 .ARM.attributes
                0x0000090a       0x32 c:/siliconlabs/simplicitystudio/v4/developer/toolchains/gnu_arm/4.9_2015q3/bin/../lib/gcc/arm-none-eabi/4.9.3/../../../../arm-none-eabi/lib/armv7e-m/softfp\libc_nano.a(lib_a-memchr.o)
 .ARM.attributes
                0x0000093c       0x32 c:/siliconlabs/simplicitystudio/v4/developer/toolchains/gnu_arm/4.9_2015q3/bin/../lib/gcc/arm-none-eabi/4.9.3/../../../../arm-none-eabi/lib/armv7e-m/softfp\libc_nano.a(lib_a-memcpy.o)
 .ARM.attributes
                0x0000096e       0x32 c:/siliconlabs/simplicitystudio/v4/developer/toolchains/gnu_arm/4.9_2015q3/bin/../lib/gcc/arm-none-eabi/4.9.3/../../../../arm-none-eabi/lib/armv7e-m/softfp\libc_nano.a(lib_a-memmove.o)
 .ARM.attributes
                0x000009a0       0x32 c:/siliconlabs/simplicitystudio/v4/developer/toolchains/gnu_arm/4.9_2015q3/bin/../lib/gcc/arm-none-eabi/4.9.3/../../../../arm-none-eabi/lib/armv7e-m/softfp\libc_nano.a(lib_a-nano-freer.o)
 .ARM.attributes
                0x000009d2       0x32 c:/siliconlabs/simplicitystudio/v4/developer/toolchains/gnu_arm/4.9_2015q3/bin/../lib/gcc/arm-none-eabi/4.9.3/../../../../arm-none-eabi/lib/armv7e-m/softfp\libc_nano.a(lib_a-nano-reallocr.o)
 .ARM.attributes
                0x00000a04       0x32 c:/siliconlabs/simplicitystudio/v4/developer/toolchains/gnu_arm/4.9_2015q3/bin/../lib/gcc/arm-none-eabi/4.9.3/../../../../arm-none-eabi/lib/armv7e-m/softfp\libc_nano.a(lib_a-readr.o)
 .ARM.attributes
                0x00000a36       0x32 c:/siliconlabs/simplicitystudio/v4/developer/toolchains/gnu_arm/4.9_2015q3/bin/../lib/gcc/arm-none-eabi/4.9.3/../../../../arm-none-eabi/lib/armv7e-m/softfp\libc_nano.a(lib_a-reent.o)
 .ARM.attributes
                0x00000a68       0x32 c:/siliconlabs/simplicitystudio/v4/developer/toolchains/gnu_arm/4.9_2015q3/bin/../lib/gcc/arm-none-eabi/4.9.3/../../../../arm-none-eabi/lib/armv7e-m/softfp\libc_nano.a(lib_a-fstatr.o)
 .ARM.attributes
                0x00000a9a       0x32 c:/siliconlabs/simplicitystudio/v4/developer/toolchains/gnu_arm/4.9_2015q3/bin/../lib/gcc/arm-none-eabi/4.9.3/../../../../arm-none-eabi/lib/armv7e-m/softfp\libc_nano.a(lib_a-isattyr.o)
 .ARM.attributes
                0x00000acc       0x32 c:/siliconlabs/simplicitystudio/v4/developer/toolchains/gnu_arm/4.9_2015q3/bin/../lib/gcc/arm-none-eabi/4.9.3/../../../../arm-none-eabi/lib/armv7e-m/softfp\libc_nano.a(lib_a-nano-msizer.o)
 .ARM.attributes
                0x00000afe       0x32 c:/siliconlabs/simplicitystudio/v4/developer/toolchains/gnu_arm/4.9_2015q3/bin/../lib/gcc/arm-none-eabi/4.9.3/../../../../arm-none-eabi/lib/armv7e-m/softfp\libnosys.a(close.o)
 .ARM.attributes
                0x00000b30       0x32 c:/siliconlabs/simplicitystudio/v4/developer/toolchains/gnu_arm/4.9_2015q3/bin/../lib/gcc/arm-none-eabi/4.9.3/../../../../arm-none-eabi/lib/armv7e-m/softfp\libnosys.a(fstat.o)
 .ARM.attributes
                0x00000b62       0x32 c:/siliconlabs/simplicitystudio/v4/developer/toolchains/gnu_arm/4.9_2015q3/bin/../lib/gcc/arm-none-eabi/4.9.3/../../../../arm-none-eabi/lib/armv7e-m/softfp\libnosys.a(isatty.o)
 .ARM.attributes
                0x00000b94       0x32 c:/siliconlabs/simplicitystudio/v4/developer/toolchains/gnu_arm/4.9_2015q3/bin/../lib/gcc/arm-none-eabi/4.9.3/../../../../arm-none-eabi/lib/armv7e-m/softfp\libnosys.a(lseek.o)
 .ARM.attributes
                0x00000bc6       0x32 c:/siliconlabs/simplicitystudio/v4/developer/toolchains/gnu_arm/4.9_2015q3/bin/../lib/gcc/arm-none-eabi/4.9.3/../../../../arm-none-eabi/lib/armv7e-m/softfp\libnosys.a(read.o)
 .ARM.attributes
                0x00000bf8       0x32 c:/siliconlabs/simplicitystudio/v4/developer/toolchains/gnu_arm/4.9_2015q3/bin/../lib/gcc/arm-none-eabi/4.9.3/../../../../arm-none-eabi/lib/armv7e-m/softfp\libnosys.a(sbrk.o)
 .ARM.attributes
                0x00000c2a       0x32 c:/siliconlabs/simplicitystudio/v4/developer/toolchains/gnu_arm/4.9_2015q3/bin/../lib/gcc/arm-none-eabi/4.9.3/../../../../arm-none-eabi/lib/armv7e-m/softfp\libnosys.a(write.o)
 .ARM.attributes
                0x00000c5c       0x32 c:/siliconlabs/simplicitystudio/v4/developer/toolchains/gnu_arm/4.9_2015q3/bin/../lib/gcc/arm-none-eabi/4.9.3/../../../../arm-none-eabi/lib/armv7e-m/softfp\libnosys.a(_exit.o)
 .ARM.attributes
                0x00000c8e       0x32 c:/siliconlabs/simplicitystudio/v4/developer/toolchains/gnu_arm/4.9_2015q3/bin/../lib/gcc/arm-none-eabi/4.9.3/armv7e-m/softfp/crtend.o
 .ARM.attributes
                0x00000cc0       0x22 c:/siliconlabs/simplicitystudio/v4/developer/toolchains/gnu_arm/4.9_2015q3/bin/../lib/gcc/arm-none-eabi/4.9.3/armv7e-m/softfp/crtn.o

.comment        0x00000000       0x70
 .comment       0x00000000       0x70 ./CMSIS/EFM32PG12B/system_efm32pg12b.o
                                 0x71 (size before relaxing)
 .comment       0x00000000       0x71 ./emlib/em_assert.o
 .comment       0x00000000       0x71 ./emlib/em_cmu.o
 .comment       0x00000000       0x71 ./emlib/em_core.o
 .comment       0x00000000       0x71 ./emlib/em_emu.o
 .comment       0x00000000       0x71 ./emlib/em_gpio.o
 .comment       0x00000000       0x71 ./emlib/em_letimer.o
 .comment       0x00000000       0x71 ./emlib/em_leuart.o
 .comment       0x00000000       0x71 ./emlib/em_usart.o
 .comment       0x00000000       0x71 ./src/ATCommandsLib.o
 .comment       0x00000000       0x71 ./src/My_CMU.o
 .comment       0x00000000       0x71 ./src/My_LEUART.o
 .comment       0x00000000       0x71 ./src/My_Logger.o
 .comment       0x00000000       0x71 ./src/My_Sleep.o
 .comment       0x00000000       0x71 ./src/My_UART.o
 .comment       0x00000000       0x71 ./src/letimer.o
 .comment       0x00000000       0x71 ./src/main.o

.debug_line     0x00000000     0xbeeb
 .debug_line    0x00000000       0xd9 ./CMSIS/EFM32PG12B/startup_efm32pg12b.o
 .debug_line    0x000000d9      0x8eb ./CMSIS/EFM32PG12B/system_efm32pg12b.o
 .debug_line    0x000009c4      0x180 ./emlib/em_assert.o
 .debug_line    0x00000b44     0x141e ./emlib/em_cmu.o
 .debug_line    0x00001f62      0xc20 ./emlib/em_core.o
 .debug_line    0x00002b82     0x13f5 ./emlib/em_emu.o
 .debug_line    0x00003f77      0xcaf ./emlib/em_gpio.o
 .debug_line    0x00004c26      0xa3f ./emlib/em_letimer.o
 .debug_line    0x00005665      0xa58 ./emlib/em_leuart.o
 .debug_line    0x000060bd      0xc73 ./emlib/em_usart.o
 .debug_line    0x00006d30      0xa85 ./src/ATCommandsLib.o
 .debug_line    0x000077b5      0x889 ./src/My_CMU.o
 .debug_line    0x0000803e      0x9ea ./src/My_LEUART.o
 .debug_line    0x00008a28      0xa0c ./src/My_Logger.o
 .debug_line    0x00009434      0x971 ./src/My_Sleep.o
 .debug_line    0x00009da5      0xae8 ./src/My_UART.o
 .debug_line    0x0000a88d      0xa27 ./src/letimer.o
 .debug_line    0x0000b2b4      0xc37 ./src/main.o

.debug_info     0x00000000     0xd87e
 .debug_info    0x00000000      0x115 ./CMSIS/EFM32PG12B/startup_efm32pg12b.o
 .debug_info    0x00000115      0x8b8 ./CMSIS/EFM32PG12B/system_efm32pg12b.o
 .debug_info    0x000009cd       0x7a ./emlib/em_assert.o
 .debug_info    0x00000a47     0x23a1 ./emlib/em_cmu.o
 .debug_info    0x00002de8      0xd32 ./emlib/em_core.o
 .debug_info    0x00003b1a     0x23c9 ./emlib/em_emu.o
 .debug_info    0x00005ee3      0xa56 ./emlib/em_gpio.o
 .debug_info    0x00006939      0x680 ./emlib/em_letimer.o
 .debug_info    0x00006fb9      0x887 ./emlib/em_leuart.o
 .debug_info    0x00007840      0xfcd ./emlib/em_usart.o
 .debug_info    0x0000880d      0x256 ./src/ATCommandsLib.o
 .debug_info    0x00008a63      0x642 ./src/My_CMU.o
 .debug_info    0x000090a5      0x9dc ./src/My_LEUART.o
 .debug_info    0x00009a81      0xc70 ./src/My_Logger.o
 .debug_info    0x0000a6f1      0x362 ./src/My_Sleep.o
 .debug_info    0x0000aa53      0xf3f ./src/My_UART.o
 .debug_info    0x0000b992      0xf2c ./src/letimer.o
 .debug_info    0x0000c8be      0xfc0 ./src/main.o

.debug_abbrev   0x00000000     0x1e91
 .debug_abbrev  0x00000000       0x14 ./CMSIS/EFM32PG12B/startup_efm32pg12b.o
 .debug_abbrev  0x00000014      0x1bb ./CMSIS/EFM32PG12B/system_efm32pg12b.o
 .debug_abbrev  0x000001cf       0x66 ./emlib/em_assert.o
 .debug_abbrev  0x00000235      0x311 ./emlib/em_cmu.o
 .debug_abbrev  0x00000546      0x249 ./emlib/em_core.o
 .debug_abbrev  0x0000078f      0x310 ./emlib/em_emu.o
 .debug_abbrev  0x00000a9f      0x1d0 ./emlib/em_gpio.o
 .debug_abbrev  0x00000c6f      0x210 ./emlib/em_letimer.o
 .debug_abbrev  0x00000e7f      0x1e3 ./emlib/em_leuart.o
 .debug_abbrev  0x00001062      0x1cb ./emlib/em_usart.o
 .debug_abbrev  0x0000122d      0x127 ./src/ATCommandsLib.o
 .debug_abbrev  0x00001354       0xc7 ./src/My_CMU.o
 .debug_abbrev  0x0000141b      0x1ce ./src/My_LEUART.o
 .debug_abbrev  0x000015e9      0x1e8 ./src/My_Logger.o
 .debug_abbrev  0x000017d1      0x123 ./src/My_Sleep.o
 .debug_abbrev  0x000018f4      0x1ff ./src/My_UART.o
 .debug_abbrev  0x00001af3      0x217 ./src/letimer.o
 .debug_abbrev  0x00001d0a      0x187 ./src/main.o

.debug_aranges  0x00000000      0x9c0
 .debug_aranges
                0x00000000       0x20 ./CMSIS/EFM32PG12B/startup_efm32pg12b.o
 .debug_aranges
                0x00000020       0x68 ./CMSIS/EFM32PG12B/system_efm32pg12b.o
 .debug_aranges
                0x00000088       0x20 ./emlib/em_assert.o
 .debug_aranges
                0x000000a8      0x1b8 ./emlib/em_cmu.o
 .debug_aranges
                0x00000260       0xe8 ./emlib/em_core.o
 .debug_aranges
                0x00000348      0x1c8 ./emlib/em_emu.o
 .debug_aranges
                0x00000510       0x88 ./emlib/em_gpio.o
 .debug_aranges
                0x00000598       0x88 ./emlib/em_letimer.o
 .debug_aranges
                0x00000620       0x88 ./emlib/em_leuart.o
 .debug_aranges
                0x000006a8       0xd0 ./emlib/em_usart.o
 .debug_aranges
                0x00000778       0x58 ./src/ATCommandsLib.o
 .debug_aranges
                0x000007d0       0x20 ./src/My_CMU.o
 .debug_aranges
                0x000007f0       0x40 ./src/My_LEUART.o
 .debug_aranges
                0x00000830       0x40 ./src/My_Logger.o
 .debug_aranges
                0x00000870       0x38 ./src/My_Sleep.o
 .debug_aranges
                0x000008a8       0x80 ./src/My_UART.o
 .debug_aranges
                0x00000928       0x68 ./src/letimer.o
 .debug_aranges
                0x00000990       0x30 ./src/main.o

.debug_loc      0x00000000     0x5034
 .debug_loc     0x00000000      0x2e4 ./CMSIS/EFM32PG12B/system_efm32pg12b.o
 .debug_loc     0x000002e4       0x38 ./emlib/em_assert.o
 .debug_loc     0x0000031c     0x1010 ./emlib/em_cmu.o
 .debug_loc     0x0000132c      0x844 ./emlib/em_core.o
 .debug_loc     0x00001b70      0xfb6 ./emlib/em_emu.o
 .debug_loc     0x00002b26      0x49c ./emlib/em_gpio.o
 .debug_loc     0x00002fc2      0x4a8 ./emlib/em_letimer.o
 .debug_loc     0x0000346a      0x49c ./emlib/em_leuart.o
 .debug_loc     0x00003906      0x7c2 ./emlib/em_usart.o
 .debug_loc     0x000040c8      0x238 ./src/ATCommandsLib.o
 .debug_loc     0x00004300       0x52 ./src/My_CMU.o
 .debug_loc     0x00004352      0x1a8 ./src/My_LEUART.o
 .debug_loc     0x000044fa      0x16c ./src/My_Logger.o
 .debug_loc     0x00004666      0x110 ./src/My_Sleep.o
 .debug_loc     0x00004776      0x47c ./src/My_UART.o
 .debug_loc     0x00004bf2      0x374 ./src/letimer.o
 .debug_loc     0x00004f66       0xce ./src/main.o

.debug_ranges   0x00000000      0x890
 .debug_ranges  0x00000000       0x58 ./CMSIS/EFM32PG12B/system_efm32pg12b.o
 .debug_ranges  0x00000058       0x10 ./emlib/em_assert.o
 .debug_ranges  0x00000068      0x1a8 ./emlib/em_cmu.o
 .debug_ranges  0x00000210       0xd8 ./emlib/em_core.o
 .debug_ranges  0x000002e8      0x1b8 ./emlib/em_emu.o
 .debug_ranges  0x000004a0       0x78 ./emlib/em_gpio.o
 .debug_ranges  0x00000518       0x78 ./emlib/em_letimer.o
 .debug_ranges  0x00000590       0x78 ./emlib/em_leuart.o
 .debug_ranges  0x00000608       0xc0 ./emlib/em_usart.o
 .debug_ranges  0x000006c8       0x48 ./src/ATCommandsLib.o
 .debug_ranges  0x00000710       0x10 ./src/My_CMU.o
 .debug_ranges  0x00000720       0x30 ./src/My_LEUART.o
 .debug_ranges  0x00000750       0x30 ./src/My_Logger.o
 .debug_ranges  0x00000780       0x28 ./src/My_Sleep.o
 .debug_ranges  0x000007a8       0x70 ./src/My_UART.o
 .debug_ranges  0x00000818       0x58 ./src/letimer.o
 .debug_ranges  0x00000870       0x20 ./src/main.o

.debug_macro    0x00000000    0x34e63
 .debug_macro   0x00000000      0x273 ./CMSIS/EFM32PG12B/system_efm32pg12b.o
 .debug_macro   0x00000273      0x886 ./CMSIS/EFM32PG12B/system_efm32pg12b.o
 .debug_macro   0x00000af9       0x22 ./CMSIS/EFM32PG12B/system_efm32pg12b.o
 .debug_macro   0x00000b1b       0x44 ./CMSIS/EFM32PG12B/system_efm32pg12b.o
 .debug_macro   0x00000b5f       0xe3 ./CMSIS/EFM32PG12B/system_efm32pg12b.o
 .debug_macro   0x00000c42       0x22 ./CMSIS/EFM32PG12B/system_efm32pg12b.o
 .debug_macro   0x00000c64      0x1df ./CMSIS/EFM32PG12B/system_efm32pg12b.o
 .debug_macro   0x00000e43      0x4b1 ./CMSIS/EFM32PG12B/system_efm32pg12b.o
 .debug_macro   0x000012f4       0x1c ./CMSIS/EFM32PG12B/system_efm32pg12b.o
 .debug_macro   0x00001310       0x22 ./CMSIS/EFM32PG12B/system_efm32pg12b.o
 .debug_macro   0x00001332       0xdf ./CMSIS/EFM32PG12B/system_efm32pg12b.o
 .debug_macro   0x00001411      0xff5 ./CMSIS/EFM32PG12B/system_efm32pg12b.o
 .debug_macro   0x00002406       0xe2 ./CMSIS/EFM32PG12B/system_efm32pg12b.o
 .debug_macro   0x000024e8      0xe1d ./CMSIS/EFM32PG12B/system_efm32pg12b.o
 .debug_macro   0x00003305     0x2276 ./CMSIS/EFM32PG12B/system_efm32pg12b.o
 .debug_macro   0x0000557b      0x32a ./CMSIS/EFM32PG12B/system_efm32pg12b.o
 .debug_macro   0x000058a5     0x3119 ./CMSIS/EFM32PG12B/system_efm32pg12b.o
 .debug_macro   0x000089be     0x1bbb ./CMSIS/EFM32PG12B/system_efm32pg12b.o
 .debug_macro   0x0000a579     0x2675 ./CMSIS/EFM32PG12B/system_efm32pg12b.o
 .debug_macro   0x0000cbee     0x1b1a ./CMSIS/EFM32PG12B/system_efm32pg12b.o
 .debug_macro   0x0000e708      0xe2c ./CMSIS/EFM32PG12B/system_efm32pg12b.o
 .debug_macro   0x0000f534      0x345 ./CMSIS/EFM32PG12B/system_efm32pg12b.o
 .debug_macro   0x0000f879      0x29e ./CMSIS/EFM32PG12B/system_efm32pg12b.o
 .debug_macro   0x0000fb17     0x2764 ./CMSIS/EFM32PG12B/system_efm32pg12b.o
 .debug_macro   0x0001227b     0x31cd ./CMSIS/EFM32PG12B/system_efm32pg12b.o
 .debug_macro   0x00015448     0x136c ./CMSIS/EFM32PG12B/system_efm32pg12b.o
 .debug_macro   0x000167b4      0xde3 ./CMSIS/EFM32PG12B/system_efm32pg12b.o
 .debug_macro   0x00017597      0x249 ./CMSIS/EFM32PG12B/system_efm32pg12b.o
 .debug_macro   0x000177e0     0x1043 ./CMSIS/EFM32PG12B/system_efm32pg12b.o
 .debug_macro   0x00018823     0x1606 ./CMSIS/EFM32PG12B/system_efm32pg12b.o
 .debug_macro   0x00019e29     0x3cb8 ./CMSIS/EFM32PG12B/system_efm32pg12b.o
 .debug_macro   0x0001dae1     0x23fd ./CMSIS/EFM32PG12B/system_efm32pg12b.o
 .debug_macro   0x0001fede      0x70d ./CMSIS/EFM32PG12B/system_efm32pg12b.o
 .debug_macro   0x000205eb     0x26f0 ./CMSIS/EFM32PG12B/system_efm32pg12b.o
 .debug_macro   0x00022cdb     0x1701 ./CMSIS/EFM32PG12B/system_efm32pg12b.o
 .debug_macro   0x000243dc     0x2efc ./CMSIS/EFM32PG12B/system_efm32pg12b.o
 .debug_macro   0x000272d8      0xfb0 ./CMSIS/EFM32PG12B/system_efm32pg12b.o
 .debug_macro   0x00028288      0x6c4 ./CMSIS/EFM32PG12B/system_efm32pg12b.o
 .debug_macro   0x0002894c     0x1022 ./CMSIS/EFM32PG12B/system_efm32pg12b.o
 .debug_macro   0x0002996e      0x889 ./CMSIS/EFM32PG12B/system_efm32pg12b.o
 .debug_macro   0x0002a1f7      0x500 ./CMSIS/EFM32PG12B/system_efm32pg12b.o
 .debug_macro   0x0002a6f7     0x1bc5 ./CMSIS/EFM32PG12B/system_efm32pg12b.o
 .debug_macro   0x0002c2bc       0x40 ./CMSIS/EFM32PG12B/system_efm32pg12b.o
 .debug_macro   0x0002c2fc      0x2ce ./CMSIS/EFM32PG12B/system_efm32pg12b.o
 .debug_macro   0x0002c5ca      0x382 ./CMSIS/EFM32PG12B/system_efm32pg12b.o
 .debug_macro   0x0002c94c      0x190 ./CMSIS/EFM32PG12B/system_efm32pg12b.o
 .debug_macro   0x0002cadc     0x27bf ./CMSIS/EFM32PG12B/system_efm32pg12b.o
 .debug_macro   0x0002f29b      0x304 ./CMSIS/EFM32PG12B/system_efm32pg12b.o
 .debug_macro   0x0002f59f      0x304 ./CMSIS/EFM32PG12B/system_efm32pg12b.o
 .debug_macro   0x0002f8a3       0x23 ./emlib/em_assert.o
 .debug_macro   0x0002f8c6       0x10 ./emlib/em_assert.o
 .debug_macro   0x0002f8d6       0x22 ./emlib/em_assert.o
 .debug_macro   0x0002f8f8      0x387 ./emlib/em_cmu.o
 .debug_macro   0x0002fc7f       0xea ./emlib/em_cmu.o
 .debug_macro   0x0002fd69       0x69 ./emlib/em_cmu.o
 .debug_macro   0x0002fdd2      0x33e ./emlib/em_cmu.o
 .debug_macro   0x00030110      0x166 ./emlib/em_cmu.o
 .debug_macro   0x00030276       0x58 ./emlib/em_cmu.o
 .debug_macro   0x000302ce       0x25 ./emlib/em_cmu.o
 .debug_macro   0x000302f3       0xee ./emlib/em_cmu.o
 .debug_macro   0x000303e1       0x80 ./emlib/em_cmu.o
 .debug_macro   0x00030461      0x29f ./emlib/em_core.o
 .debug_macro   0x00030700       0x63 ./emlib/em_core.o
 .debug_macro   0x00030763       0xba ./emlib/em_core.o
 .debug_macro   0x0003081d      0x36e ./emlib/em_emu.o
 .debug_macro   0x00030b8b       0x7a ./emlib/em_emu.o
 .debug_macro   0x00030c05      0x286 ./emlib/em_gpio.o
 .debug_macro   0x00030e8b       0xe4 ./emlib/em_gpio.o
 .debug_macro   0x00030f6f      0x2b2 ./emlib/em_letimer.o
 .debug_macro   0x00031221      0x2a6 ./emlib/em_leuart.o
 .debug_macro   0x000314c7      0x2ce ./emlib/em_usart.o
 .debug_macro   0x00031795       0xeb ./emlib/em_usart.o
 .debug_macro   0x00031880      0x43d ./src/ATCommandsLib.o
 .debug_macro   0x00031cbd       0x35 ./src/ATCommandsLib.o
 .debug_macro   0x00031cf2       0x9c ./src/ATCommandsLib.o
 .debug_macro   0x00031d8e       0x16 ./src/ATCommandsLib.o
 .debug_macro   0x00031da4       0x4a ./src/ATCommandsLib.o
 .debug_macro   0x00031dee       0x97 ./src/ATCommandsLib.o
 .debug_macro   0x00031e85      0x29d ./src/ATCommandsLib.o
 .debug_macro   0x00032122       0xef ./src/ATCommandsLib.o
 .debug_macro   0x00032211       0x10 ./src/ATCommandsLib.o
 .debug_macro   0x00032221       0x52 ./src/ATCommandsLib.o
 .debug_macro   0x00032273       0x16 ./src/ATCommandsLib.o
 .debug_macro   0x00032289       0x43 ./src/ATCommandsLib.o
 .debug_macro   0x000322cc      0x180 ./src/ATCommandsLib.o
 .debug_macro   0x0003244c       0x10 ./src/ATCommandsLib.o
 .debug_macro   0x0003245c       0x22 ./src/ATCommandsLib.o
 .debug_macro   0x0003247e       0xbe ./src/ATCommandsLib.o
 .debug_macro   0x0003253c       0x16 ./src/ATCommandsLib.o
 .debug_macro   0x00032552      0x166 ./src/ATCommandsLib.o
 .debug_macro   0x000326b8       0x16 ./src/ATCommandsLib.o
 .debug_macro   0x000326ce       0x35 ./src/ATCommandsLib.o
 .debug_macro   0x00032703       0x16 ./src/ATCommandsLib.o
 .debug_macro   0x00032719       0x22 ./src/ATCommandsLib.o
 .debug_macro   0x0003273b       0x2e ./src/ATCommandsLib.o
 .debug_macro   0x00032769      0x1e5 ./src/ATCommandsLib.o
 .debug_macro   0x0003294e      0x45d ./src/ATCommandsLib.o
 .debug_macro   0x00032dab       0x28 ./src/ATCommandsLib.o
 .debug_macro   0x00032dd3       0xd9 ./src/ATCommandsLib.o
 .debug_macro   0x00032eac       0xf1 ./src/ATCommandsLib.o
 .debug_macro   0x00032f9d       0x1c ./src/ATCommandsLib.o
 .debug_macro   0x00032fb9       0x28 ./src/ATCommandsLib.o
 .debug_macro   0x00032fe1      0x2a5 ./src/My_CMU.o
 .debug_macro   0x00033286      0x35c ./src/My_LEUART.o
 .debug_macro   0x000335e2       0x10 ./src/My_LEUART.o
 .debug_macro   0x000335f2       0x10 ./src/My_LEUART.o
 .debug_macro   0x00033602       0x4c ./src/My_LEUART.o
 .debug_macro   0x0003364e      0x3d9 ./src/My_Logger.o
 .debug_macro   0x00033a27      0x383 ./src/My_Sleep.o
 .debug_macro   0x00033daa      0x297 ./src/My_Sleep.o
 .debug_macro   0x00034041      0x374 ./src/My_UART.o
 .debug_macro   0x000343b5      0x10e ./src/My_UART.o
 .debug_macro   0x000344c3       0x7f ./src/My_UART.o
 .debug_macro   0x00034542      0x38a ./src/letimer.o
 .debug_macro   0x000348cc      0x4c7 ./src/main.o
 .debug_macro   0x00034d93       0x10 ./src/main.o
 .debug_macro   0x00034da3       0xc0 ./src/main.o

.debug_str      0x00000000   0x15c9d8
 .debug_str     0x00000000   0x14d7b8 ./CMSIS/EFM32PG12B/system_efm32pg12b.o
                             0x14e68f (size before relaxing)
 .debug_str     0x0014d7b8      0x10e ./emlib/em_assert.o
                               0x25ed (size before relaxing)
 .debug_str     0x0014d8c6     0x3973 ./emlib/em_cmu.o
                             0x151fcb (size before relaxing)
 .debug_str     0x00151239      0xc67 ./emlib/em_core.o
                             0x14f14b (size before relaxing)
 .debug_str     0x00151ea0     0x11eb ./emlib/em_emu.o
                             0x151f45 (size before relaxing)
 .debug_str     0x0015308b      0x50f ./emlib/em_gpio.o
                             0x14f0c0 (size before relaxing)
 .debug_str     0x0015359a      0x3b8 ./emlib/em_letimer.o
                             0x14fcc5 (size before relaxing)
 .debug_str     0x00153952      0x399 ./emlib/em_leuart.o
                             0x14ff95 (size before relaxing)
 .debug_str     0x00153ceb      0xe6b ./emlib/em_usart.o
                             0x150b1e (size before relaxing)
 .debug_str     0x00154b56     0x3fa4 ./src/ATCommandsLib.o
                             0x15484a (size before relaxing)
 .debug_str     0x00158afa       0x35 ./src/My_CMU.o
                             0x150538 (size before relaxing)
 .debug_str     0x00158b2f      0x1b6 ./src/My_LEUART.o
                             0x1530f7 (size before relaxing)
 .debug_str     0x00158ce5      0x14e ./src/My_Logger.o
                             0x153ef3 (size before relaxing)
 .debug_str     0x00158e33       0x64 ./src/My_Sleep.o
                             0x151e26 (size before relaxing)
 .debug_str     0x00158e97      0x228 ./src/My_UART.o
                             0x1537fa (size before relaxing)
 .debug_str     0x001590bf      0x239 ./src/letimer.o
                             0x153366 (size before relaxing)
 .debug_str     0x001592f8     0x36e0 ./src/main.o
                             0x158b0c (size before relaxing)

.debug_frame    0x00000000     0x2fe4
 .debug_frame   0x00000000      0x164 ./CMSIS/EFM32PG12B/system_efm32pg12b.o
 .debug_frame   0x00000164       0x2c ./emlib/em_assert.o
 .debug_frame   0x00000190      0x770 ./emlib/em_cmu.o
 .debug_frame   0x00000900      0x3c4 ./emlib/em_core.o
 .debug_frame   0x00000cc4      0x774 ./emlib/em_emu.o
 .debug_frame   0x00001438      0x220 ./emlib/em_gpio.o
 .debug_frame   0x00001658      0x220 ./emlib/em_letimer.o
 .debug_frame   0x00001878      0x21c ./emlib/em_leuart.o
 .debug_frame   0x00001a94      0x37c ./emlib/em_usart.o
 .debug_frame   0x00001e10      0x120 ./src/ATCommandsLib.o
 .debug_frame   0x00001f30       0x38 ./src/My_CMU.o
 .debug_frame   0x00001f68       0xcc ./src/My_LEUART.o
 .debug_frame   0x00002034       0xc0 ./src/My_Logger.o
 .debug_frame   0x000020f4       0x94 ./src/My_Sleep.o
 .debug_frame   0x00002188      0x208 ./src/My_UART.o
 .debug_frame   0x00002390      0x194 ./src/letimer.o
 .debug_frame   0x00002524       0x74 ./src/main.o
 .debug_frame   0x00002598       0x28 c:/siliconlabs/simplicitystudio/v4/developer/toolchains/gnu_arm/4.9_2015q3/bin/../lib/gcc/arm-none-eabi/4.9.3/../../../../arm-none-eabi/lib/armv7e-m/softfp\libc_nano.a(lib_a-exit.o)
 .debug_frame   0x000025c0       0x2c c:/siliconlabs/simplicitystudio/v4/developer/toolchains/gnu_arm/4.9_2015q3/bin/../lib/gcc/arm-none-eabi/4.9.3/../../../../arm-none-eabi/lib/armv7e-m/softfp\libc_nano.a(lib_a-init.o)
 .debug_frame   0x000025ec       0x38 c:/siliconlabs/simplicitystudio/v4/developer/toolchains/gnu_arm/4.9_2015q3/bin/../lib/gcc/arm-none-eabi/4.9.3/../../../../arm-none-eabi/lib/armv7e-m/softfp\libc_nano.a(lib_a-itoa.o)
 .debug_frame   0x00002624       0x20 c:/siliconlabs/simplicitystudio/v4/developer/toolchains/gnu_arm/4.9_2015q3/bin/../lib/gcc/arm-none-eabi/4.9.3/../../../../arm-none-eabi/lib/armv7e-m/softfp\libc_nano.a(lib_a-memset.o)
 .debug_frame   0x00002644       0x74 c:/siliconlabs/simplicitystudio/v4/developer/toolchains/gnu_arm/4.9_2015q3/bin/../lib/gcc/arm-none-eabi/4.9.3/../../../../arm-none-eabi/lib/armv7e-m/softfp\libc_nano.a(lib_a-printf.o)
 .debug_frame   0x000026b8       0x74 c:/siliconlabs/simplicitystudio/v4/developer/toolchains/gnu_arm/4.9_2015q3/bin/../lib/gcc/arm-none-eabi/4.9.3/../../../../arm-none-eabi/lib/armv7e-m/softfp\libc_nano.a(lib_a-snprintf.o)
 .debug_frame   0x0000272c       0x20 c:/siliconlabs/simplicitystudio/v4/developer/toolchains/gnu_arm/4.9_2015q3/bin/../lib/gcc/arm-none-eabi/4.9.3/../../../../arm-none-eabi/lib/armv7e-m/softfp\libc_nano.a(lib_a-strlen.o)
 .debug_frame   0x0000274c       0x44 c:/siliconlabs/simplicitystudio/v4/developer/toolchains/gnu_arm/4.9_2015q3/bin/../lib/gcc/arm-none-eabi/4.9.3/../../../../arm-none-eabi/lib/armv7e-m/softfp\libc_nano.a(lib_a-utoa.o)
 .debug_frame   0x00002790      0x11c c:/siliconlabs/simplicitystudio/v4/developer/toolchains/gnu_arm/4.9_2015q3/bin/../lib/gcc/arm-none-eabi/4.9.3/../../../../arm-none-eabi/lib/armv7e-m/softfp\libc_nano.a(lib_a-findfp.o)
 .debug_frame   0x000028ac       0x54 c:/siliconlabs/simplicitystudio/v4/developer/toolchains/gnu_arm/4.9_2015q3/bin/../lib/gcc/arm-none-eabi/4.9.3/../../../../arm-none-eabi/lib/armv7e-m/softfp\libc_nano.a(lib_a-fwalk.o)
 .debug_frame   0x00002900       0x2c c:/siliconlabs/simplicitystudio/v4/developer/toolchains/gnu_arm/4.9_2015q3/bin/../lib/gcc/arm-none-eabi/4.9.3/../../../../arm-none-eabi/lib/armv7e-m/softfp\libc_nano.a(lib_a-nano-mallocr.o)
 .debug_frame   0x0000292c       0x8c c:/siliconlabs/simplicitystudio/v4/developer/toolchains/gnu_arm/4.9_2015q3/bin/../lib/gcc/arm-none-eabi/4.9.3/../../../../arm-none-eabi/lib/armv7e-m/softfp\libc_nano.a(lib_a-nano-svfprintf.o)
 .debug_frame   0x000029b8       0xb8 c:/siliconlabs/simplicitystudio/v4/developer/toolchains/gnu_arm/4.9_2015q3/bin/../lib/gcc/arm-none-eabi/4.9.3/../../../../arm-none-eabi/lib/armv7e-m/softfp\libc_nano.a(lib_a-nano-vfprintf.o)
 .debug_frame   0x00002a70       0x58 c:/siliconlabs/simplicitystudio/v4/developer/toolchains/gnu_arm/4.9_2015q3/bin/../lib/gcc/arm-none-eabi/4.9.3/../../../../arm-none-eabi/lib/armv7e-m/softfp\libc_nano.a(lib_a-nano-vfprintf_i.o)
 .debug_frame   0x00002ac8       0x2c c:/siliconlabs/simplicitystudio/v4/developer/toolchains/gnu_arm/4.9_2015q3/bin/../lib/gcc/arm-none-eabi/4.9.3/../../../../arm-none-eabi/lib/armv7e-m/softfp\libc_nano.a(lib_a-sbrkr.o)
 .debug_frame   0x00002af4       0x88 c:/siliconlabs/simplicitystudio/v4/developer/toolchains/gnu_arm/4.9_2015q3/bin/../lib/gcc/arm-none-eabi/4.9.3/../../../../arm-none-eabi/lib/armv7e-m/softfp\libc_nano.a(lib_a-stdio.o)
 .debug_frame   0x00002b7c       0x3c c:/siliconlabs/simplicitystudio/v4/developer/toolchains/gnu_arm/4.9_2015q3/bin/../lib/gcc/arm-none-eabi/4.9.3/../../../../arm-none-eabi/lib/armv7e-m/softfp\libc_nano.a(lib_a-wbuf.o)
 .debug_frame   0x00002bb8       0x2c c:/siliconlabs/simplicitystudio/v4/developer/toolchains/gnu_arm/4.9_2015q3/bin/../lib/gcc/arm-none-eabi/4.9.3/../../../../arm-none-eabi/lib/armv7e-m/softfp\libc_nano.a(lib_a-writer.o)
 .debug_frame   0x00002be4       0x2c c:/siliconlabs/simplicitystudio/v4/developer/toolchains/gnu_arm/4.9_2015q3/bin/../lib/gcc/arm-none-eabi/4.9.3/../../../../arm-none-eabi/lib/armv7e-m/softfp\libc_nano.a(lib_a-wsetup.o)
 .debug_frame   0x00002c10       0x2c c:/siliconlabs/simplicitystudio/v4/developer/toolchains/gnu_arm/4.9_2015q3/bin/../lib/gcc/arm-none-eabi/4.9.3/../../../../arm-none-eabi/lib/armv7e-m/softfp\libc_nano.a(lib_a-closer.o)
 .debug_frame   0x00002c3c       0x68 c:/siliconlabs/simplicitystudio/v4/developer/toolchains/gnu_arm/4.9_2015q3/bin/../lib/gcc/arm-none-eabi/4.9.3/../../../../arm-none-eabi/lib/armv7e-m/softfp\libc_nano.a(lib_a-fflush.o)
 .debug_frame   0x00002ca4       0x2c c:/siliconlabs/simplicitystudio/v4/developer/toolchains/gnu_arm/4.9_2015q3/bin/../lib/gcc/arm-none-eabi/4.9.3/../../../../arm-none-eabi/lib/armv7e-m/softfp\libc_nano.a(lib_a-lseekr.o)
 .debug_frame   0x00002cd0       0x34 c:/siliconlabs/simplicitystudio/v4/developer/toolchains/gnu_arm/4.9_2015q3/bin/../lib/gcc/arm-none-eabi/4.9.3/../../../../arm-none-eabi/lib/armv7e-m/softfp\libc_nano.a(lib_a-makebuf.o)
 .debug_frame   0x00002d04       0x28 c:/siliconlabs/simplicitystudio/v4/developer/toolchains/gnu_arm/4.9_2015q3/bin/../lib/gcc/arm-none-eabi/4.9.3/../../../../arm-none-eabi/lib/armv7e-m/softfp\libc_nano.a(lib_a-memchr.o)
 .debug_frame   0x00002d2c       0x28 c:/siliconlabs/simplicitystudio/v4/developer/toolchains/gnu_arm/4.9_2015q3/bin/../lib/gcc/arm-none-eabi/4.9.3/../../../../arm-none-eabi/lib/armv7e-m/softfp\libc_nano.a(lib_a-memcpy.o)
 .debug_frame   0x00002d54       0x28 c:/siliconlabs/simplicitystudio/v4/developer/toolchains/gnu_arm/4.9_2015q3/bin/../lib/gcc/arm-none-eabi/4.9.3/../../../../arm-none-eabi/lib/armv7e-m/softfp\libc_nano.a(lib_a-memmove.o)
 .debug_frame   0x00002d7c       0x2c c:/siliconlabs/simplicitystudio/v4/developer/toolchains/gnu_arm/4.9_2015q3/bin/../lib/gcc/arm-none-eabi/4.9.3/../../../../arm-none-eabi/lib/armv7e-m/softfp\libc_nano.a(lib_a-nano-freer.o)
 .debug_frame   0x00002da8       0x3c c:/siliconlabs/simplicitystudio/v4/developer/toolchains/gnu_arm/4.9_2015q3/bin/../lib/gcc/arm-none-eabi/4.9.3/../../../../arm-none-eabi/lib/armv7e-m/softfp\libc_nano.a(lib_a-nano-reallocr.o)
 .debug_frame   0x00002de4       0x2c c:/siliconlabs/simplicitystudio/v4/developer/toolchains/gnu_arm/4.9_2015q3/bin/../lib/gcc/arm-none-eabi/4.9.3/../../../../arm-none-eabi/lib/armv7e-m/softfp\libc_nano.a(lib_a-readr.o)
 .debug_frame   0x00002e10       0x5c c:/siliconlabs/simplicitystudio/v4/developer/toolchains/gnu_arm/4.9_2015q3/bin/../lib/gcc/arm-none-eabi/4.9.3/../../../../arm-none-eabi/lib/armv7e-m/softfp\libc_nano.a(lib_a-reent.o)
 .debug_frame   0x00002e6c       0x2c c:/siliconlabs/simplicitystudio/v4/developer/toolchains/gnu_arm/4.9_2015q3/bin/../lib/gcc/arm-none-eabi/4.9.3/../../../../arm-none-eabi/lib/armv7e-m/softfp\libc_nano.a(lib_a-fstatr.o)
 .debug_frame   0x00002e98       0x2c c:/siliconlabs/simplicitystudio/v4/developer/toolchains/gnu_arm/4.9_2015q3/bin/../lib/gcc/arm-none-eabi/4.9.3/../../../../arm-none-eabi/lib/armv7e-m/softfp\libc_nano.a(lib_a-isattyr.o)
 .debug_frame   0x00002ec4       0x20 c:/siliconlabs/simplicitystudio/v4/developer/toolchains/gnu_arm/4.9_2015q3/bin/../lib/gcc/arm-none-eabi/4.9.3/../../../../arm-none-eabi/lib/armv7e-m/softfp\libc_nano.a(lib_a-nano-msizer.o)
 .debug_frame   0x00002ee4       0x20 c:/siliconlabs/simplicitystudio/v4/developer/toolchains/gnu_arm/4.9_2015q3/bin/../lib/gcc/arm-none-eabi/4.9.3/../../../../arm-none-eabi/lib/armv7e-m/softfp\libnosys.a(close.o)
 .debug_frame   0x00002f04       0x20 c:/siliconlabs/simplicitystudio/v4/developer/toolchains/gnu_arm/4.9_2015q3/bin/../lib/gcc/arm-none-eabi/4.9.3/../../../../arm-none-eabi/lib/armv7e-m/softfp\libnosys.a(fstat.o)
 .debug_frame   0x00002f24       0x20 c:/siliconlabs/simplicitystudio/v4/developer/toolchains/gnu_arm/4.9_2015q3/bin/../lib/gcc/arm-none-eabi/4.9.3/../../../../arm-none-eabi/lib/armv7e-m/softfp\libnosys.a(isatty.o)
 .debug_frame   0x00002f44       0x20 c:/siliconlabs/simplicitystudio/v4/developer/toolchains/gnu_arm/4.9_2015q3/bin/../lib/gcc/arm-none-eabi/4.9.3/../../../../arm-none-eabi/lib/armv7e-m/softfp\libnosys.a(lseek.o)
 .debug_frame   0x00002f64       0x20 c:/siliconlabs/simplicitystudio/v4/developer/toolchains/gnu_arm/4.9_2015q3/bin/../lib/gcc/arm-none-eabi/4.9.3/../../../../arm-none-eabi/lib/armv7e-m/softfp\libnosys.a(read.o)
 .debug_frame   0x00002f84       0x20 c:/siliconlabs/simplicitystudio/v4/developer/toolchains/gnu_arm/4.9_2015q3/bin/../lib/gcc/arm-none-eabi/4.9.3/../../../../arm-none-eabi/lib/armv7e-m/softfp\libnosys.a(sbrk.o)
 .debug_frame   0x00002fa4       0x20 c:/siliconlabs/simplicitystudio/v4/developer/toolchains/gnu_arm/4.9_2015q3/bin/../lib/gcc/arm-none-eabi/4.9.3/../../../../arm-none-eabi/lib/armv7e-m/softfp\libnosys.a(write.o)
 .debug_frame   0x00002fc4       0x20 c:/siliconlabs/simplicitystudio/v4/developer/toolchains/gnu_arm/4.9_2015q3/bin/../lib/gcc/arm-none-eabi/4.9.3/../../../../arm-none-eabi/lib/armv7e-m/softfp\libnosys.a(_exit.o)

.stab           0x00000000       0x9c
 .stab          0x00000000       0x24 c:/siliconlabs/simplicitystudio/v4/developer/toolchains/gnu_arm/4.9_2015q3/bin/../lib/gcc/arm-none-eabi/4.9.3/../../../../arm-none-eabi/lib/armv7e-m/softfp\libnosys.a(close.o)