Archive member included to satisfy reference by file (symbol)

c:/siliconlabs/simplicitystudio/v4/developer/toolchains/gnu_arm/7.2_2017q4/bin/../lib/gcc/arm-none-eabi/7.2.1/../../../../arm-none-eabi/lib/thumb/v7e-m/fpv4-sp/softfp\libc_nano.a(lib_a-exit.o)
                              c:/siliconlabs/simplicitystudio/v4/developer/toolchains/gnu_arm/7.2_2017q4/bin/../lib/gcc/arm-none-eabi/7.2.1/../../../../arm-none-eabi/lib/thumb/v7e-m/fpv4-sp/softfp/crt0.o (exit)
c:/siliconlabs/simplicitystudio/v4/developer/toolchains/gnu_arm/7.2_2017q4/bin/../lib/gcc/arm-none-eabi/7.2.1/../../../../arm-none-eabi/lib/thumb/v7e-m/fpv4-sp/softfp\libc_nano.a(lib_a-impure.o)
                              c:/siliconlabs/simplicitystudio/v4/developer/toolchains/gnu_arm/7.2_2017q4/bin/../lib/gcc/arm-none-eabi/7.2.1/../../../../arm-none-eabi/lib/thumb/v7e-m/fpv4-sp/softfp\libc_nano.a(lib_a-exit.o) (_global_impure_ptr)
c:/siliconlabs/simplicitystudio/v4/developer/toolchains/gnu_arm/7.2_2017q4/bin/../lib/gcc/arm-none-eabi/7.2.1/../../../../arm-none-eabi/lib/thumb/v7e-m/fpv4-sp/softfp\libc_nano.a(lib_a-init.o)
                              c:/siliconlabs/simplicitystudio/v4/developer/toolchains/gnu_arm/7.2_2017q4/bin/../lib/gcc/arm-none-eabi/7.2.1/../../../../arm-none-eabi/lib/thumb/v7e-m/fpv4-sp/softfp/crt0.o (__libc_init_array)
c:/siliconlabs/simplicitystudio/v4/developer/toolchains/gnu_arm/7.2_2017q4/bin/../lib/gcc/arm-none-eabi/7.2.1/../../../../arm-none-eabi/lib/thumb/v7e-m/fpv4-sp/softfp\libc_nano.a(lib_a-memset.o)
                              c:/siliconlabs/simplicitystudio/v4/developer/toolchains/gnu_arm/7.2_2017q4/bin/../lib/gcc/arm-none-eabi/7.2.1/../../../../arm-none-eabi/lib/thumb/v7e-m/fpv4-sp/softfp/crt0.o (memset)
c:/siliconlabs/simplicitystudio/v4/developer/toolchains/gnu_arm/7.2_2017q4/bin/../lib/gcc/arm-none-eabi/7.2.1/../../../../arm-none-eabi/lib/thumb/v7e-m/fpv4-sp/softfp\libc_nano.a(lib_a-printf.o)
                              ./src/My_Sleep.o (printf)
c:/siliconlabs/simplicitystudio/v4/developer/toolchains/gnu_arm/7.2_2017q4/bin/../lib/gcc/arm-none-eabi/7.2.1/../../../../arm-none-eabi/lib/thumb/v7e-m/fpv4-sp/softfp\libc_nano.a(lib_a-strcat.o)
                              ./src/ATCommandsLib.o (strcat)
c:/siliconlabs/simplicitystudio/v4/developer/toolchains/gnu_arm/7.2_2017q4/bin/../lib/gcc/arm-none-eabi/7.2.1/../../../../arm-none-eabi/lib/thumb/v7e-m/fpv4-sp/softfp\libc_nano.a(lib_a-strcmp.o)
                              ./src/main.o (strcmp)
c:/siliconlabs/simplicitystudio/v4/developer/toolchains/gnu_arm/7.2_2017q4/bin/../lib/gcc/arm-none-eabi/7.2.1/../../../../arm-none-eabi/lib/thumb/v7e-m/fpv4-sp/softfp\libc_nano.a(lib_a-strlen.o)
                              ./src/My_LEUART.o (strlen)
c:/siliconlabs/simplicitystudio/v4/developer/toolchains/gnu_arm/7.2_2017q4/bin/../lib/gcc/arm-none-eabi/7.2.1/../../../../arm-none-eabi/lib/thumb/v7e-m/fpv4-sp/softfp\libc_nano.a(lib_a-findfp.o)
                              c:/siliconlabs/simplicitystudio/v4/developer/toolchains/gnu_arm/7.2_2017q4/bin/../lib/gcc/arm-none-eabi/7.2.1/../../../../arm-none-eabi/lib/thumb/v7e-m/fpv4-sp/softfp\libc_nano.a(lib_a-printf.o) (__sinit)
c:/siliconlabs/simplicitystudio/v4/developer/toolchains/gnu_arm/7.2_2017q4/bin/../lib/gcc/arm-none-eabi/7.2.1/../../../../arm-none-eabi/lib/thumb/v7e-m/fpv4-sp/softfp\libc_nano.a(lib_a-fwalk.o)
                              c:/siliconlabs/simplicitystudio/v4/developer/toolchains/gnu_arm/7.2_2017q4/bin/../lib/gcc/arm-none-eabi/7.2.1/../../../../arm-none-eabi/lib/thumb/v7e-m/fpv4-sp/softfp\libc_nano.a(lib_a-findfp.o) (_fwalk)
c:/siliconlabs/simplicitystudio/v4/developer/toolchains/gnu_arm/7.2_2017q4/bin/../lib/gcc/arm-none-eabi/7.2.1/../../../../arm-none-eabi/lib/thumb/v7e-m/fpv4-sp/softfp\libc_nano.a(lib_a-nano-mallocr.o)
                              c:/siliconlabs/simplicitystudio/v4/developer/toolchains/gnu_arm/7.2_2017q4/bin/../lib/gcc/arm-none-eabi/7.2.1/../../../../arm-none-eabi/lib/thumb/v7e-m/fpv4-sp/softfp\libc_nano.a(lib_a-findfp.o) (_malloc_r)
c:/siliconlabs/simplicitystudio/v4/developer/toolchains/gnu_arm/7.2_2017q4/bin/../lib/gcc/arm-none-eabi/7.2.1/../../../../arm-none-eabi/lib/thumb/v7e-m/fpv4-sp/softfp\libc_nano.a(lib_a-nano-vfprintf.o)
                              c:/siliconlabs/simplicitystudio/v4/developer/toolchains/gnu_arm/7.2_2017q4/bin/../lib/gcc/arm-none-eabi/7.2.1/../../../../arm-none-eabi/lib/thumb/v7e-m/fpv4-sp/softfp\libc_nano.a(lib_a-printf.o) (_vfprintf_r)
c:/siliconlabs/simplicitystudio/v4/developer/toolchains/gnu_arm/7.2_2017q4/bin/../lib/gcc/arm-none-eabi/7.2.1/../../../../arm-none-eabi/lib/thumb/v7e-m/fpv4-sp/softfp\libc_nano.a(lib_a-nano-vfprintf_i.o)
                              c:/siliconlabs/simplicitystudio/v4/developer/toolchains/gnu_arm/7.2_2017q4/bin/../lib/gcc/arm-none-eabi/7.2.1/../../../../arm-none-eabi/lib/thumb/v7e-m/fpv4-sp/softfp\libc_nano.a(lib_a-nano-vfprintf.o) (_printf_i)
[...]
Memory Configuration

Name             Origin             Length             Attributes
FLASH            0x00000000         0x00100000         xr
RAM              0x20000000         0x00040000         xrw
*default*        0x00000000         0xffffffff

Linker script and memory map

LOAD c:/siliconlabs/simplicitystudio/v4/developer/toolchains/gnu_arm/7.2_2017q4/bin/../lib/gcc/arm-none-eabi/7.2.1/thumb/v7e-m/fpv4-sp/softfp/crti.o
LOAD c:/siliconlabs/simplicitystudio/v4/developer/toolchains/gnu_arm/7.2_2017q4/bin/../lib/gcc/arm-none-eabi/7.2.1/thumb/v7e-m/fpv4-sp/softfp/crtbegin.o
LOAD c:/siliconlabs/simplicitystudio/v4/developer/toolchains/gnu_arm/7.2_2017q4/bin/../lib/gcc/arm-none-eabi/7.2.1/../../../../arm-none-eabi/lib/thumb/v7e-m/fpv4-sp/softfp/crt0.o
LOAD ./CMSIS/EFM32PG12B/startup_efm32pg12b.o
LOAD ./CMSIS/EFM32PG12B/system_efm32pg12b.o
LOAD ./emlib/em_assert.o
LOAD ./emlib/em_cmu.o
LOAD ./emlib/em_core.o
LOAD ./emlib/em_emu.o
LOAD ./emlib/em_gpio.o
LOAD ./emlib/em_ldma.o
LOAD ./emlib/em_leuart.o
LOAD ./emlib/em_system.o
LOAD ./src/ATCommandsLib.o
LOAD ./src/My_CMU.o
LOAD ./src/My_LEUART.o
LOAD ./src/My_Sleep.o
LOAD ./src/letimer.o
LOAD ./src/log.o
LOAD ./src/main.o
START GROUP
LOAD c:/siliconlabs/simplicitystudio/v4/developer/toolchains/gnu_arm/7.2_2017q4/bin/../lib/gcc/arm-none-eabi/7.2.1/thumb/v7e-m/fpv4-sp/softfp\libgcc.a
LOAD c:/siliconlabs/simplicitystudio/v4/developer/toolchains/gnu_arm/7.2_2017q4/bin/../lib/gcc/arm-none-eabi/7.2.1/../../../../arm-none-eabi/lib/thumb/v7e-m/fpv4-sp/softfp\libc_nano.a
LOAD c:/siliconlabs/simplicitystudio/v4/developer/toolchains/gnu_arm/7.2_2017q4/bin/../lib/gcc/arm-none-eabi/7.2.1/../../../../arm-none-eabi/lib/thumb/v7e-m/fpv4-sp/softfp\libnosys.a
END GROUP
START GROUP
LOAD c:/siliconlabs/simplicitystudio/v4/developer/toolchains/gnu_arm/7.2_2017q4/bin/../lib/gcc/arm-none-eabi/7.2.1/thumb/v7e-m/fpv4-sp/softfp\libgcc.a
LOAD c:/siliconlabs/simplicitystudio/v4/developer/toolchains/gnu_arm/7.2_2017q4/bin/../lib/gcc/arm-none-eabi/7.2.1/../../../../arm-none-eabi/lib/thumb/v7e-m/fpv4-sp/softfp\libg_nano.a
LOAD c:/siliconlabs/simplicitystudio/v4/developer/toolchains/gnu_arm/7.2_2017q4/bin/../lib/gcc/arm-none-eabi/7.2.1/../../../../arm-none-eabi/lib/thumb/v7e-m/fpv4-sp/softfp\libc_nano.a
END GROUP
START GROUP
LOAD c:/siliconlabs/simplicitystudio/v4/developer/toolchains/gnu_arm/7.2_2017q4/bin/../lib/gcc/arm-none-eabi/7.2.1/thumb/v7e-m/fpv4-sp/softfp\libgcc.a
LOAD c:/siliconlabs/simplicitystudio/v4/developer/toolchains/gnu_arm/7.2_2017q4/bin/../lib/gcc/arm-none-eabi/7.2.1/../../../../arm-none-eabi/lib/thumb/v7e-m/fpv4-sp/softfp\libc_nano.a
END GROUP
LOAD c:/siliconlabs/simplicitystudio/v4/developer/toolchains/gnu_arm/7.2_2017q4/bin/../lib/gcc/arm-none-eabi/7.2.1/thumb/v7e-m/fpv4-sp/softfp/crtend.o
LOAD c:/siliconlabs/simplicitystudio/v4/developer/toolchains/gnu_arm/7.2_2017q4/bin/../lib/gcc/arm-none-eabi/7.2.1/thumb/v7e-m/fpv4-sp/softfp/crtn.o

.text           0x00000000     0x489c
 *(.vectors)
 .vectors       0x00000000      0x10c ./CMSIS/EFM32PG12B/startup_efm32pg12b.o
                0x00000000                __Vectors
                0x0000010c                __Vectors_End = .
                0x0000010c                __Vectors_Size = (__Vectors_End - __Vectors)
                0x0000010c                __end__ = .
 *(.text*)
 .text          0x0000010c       0x40 c:/siliconlabs/simplicitystudio/v4/developer/toolchains/gnu_arm/7.2_2017q4/bin/../lib/gcc/arm-none-eabi/7.2.1/thumb/v7e-m/fpv4-sp/softfp/crtbegin.o
 .text          0x0000014c       0x74 c:/siliconlabs/simplicitystudio/v4/developer/toolchains/gnu_arm/7.2_2017q4/bin/../lib/gcc/arm-none-eabi/7.2.1/../../../../arm-none-eabi/lib/thumb/v7e-m/fpv4-sp/softfp/crt0.o
                0x0000014c                _start
                0x0000014c                _mainCRTStartup
 .text          0x000001c0       0x30 ./CMSIS/EFM32PG12B/startup_efm32pg12b.o
                0x000001c0                Reset_Handler
                0x000001ec                USART0_TX_IRQHandler
                0x000001ec                I2C0_IRQHandler
                0x000001ec                HardFault_Handler
                0x000001ec                SysTick_Handler
                0x000001ec                USART1_RX_IRQHandler
                0x000001ec                PendSV_Handler
                0x000001ec                NMI_Handler
                0x000001ec                I2C1_IRQHandler
                0x000001ec                WTIMER0_IRQHandler
                0x000001ec                CRYPTO0_IRQHandler
                0x000001ec                WDOG0_IRQHandler
                0x000001ec                USART1_TX_IRQHandler
                0x000001ec                SMU_IRQHandler
                0x000001ec                MSC_IRQHandler
                0x000001ec                ADC0_IRQHandler
                0x000001ec                UsageFault_Handler
                0x000001ec                WDOG1_IRQHandler
                0x000001ec                FPUEH_IRQHandler
                0x000001ec                WTIMER1_IRQHandler
                0x000001ec                GPIO_EVEN_IRQHandler
                0x000001ec                VDAC0_IRQHandler
                0x000001ec                LDMA_IRQHandler
                0x000001ec                CSEN_IRQHandler
                0x000001ec                CRYPTO1_IRQHandler
                0x000001ec                TIMER0_IRQHandler
                0x000001ec                DebugMon_Handler
                0x000001ec                PCNT2_IRQHandler
                0x000001ec                TIMER1_IRQHandler
                0x000001ec                TRNG0_IRQHandler
                0x000001ec                USART2_RX_IRQHandler
                0x000001ec                Default_Handler
                0x000001ec                EMU_IRQHandler
                0x000001ec                CRYOTIMER_IRQHandler
                0x000001ec                PCNT0_IRQHandler
                0x000001ec                sl_app_properties
                0x000001ec                PCNT1_IRQHandler
                0x000001ec                ACMP0_IRQHandler
                0x000001ec                USART0_RX_IRQHandler
                0x000001ec                MemManage_Handler
                0x000001ec                SVC_Handler
                0x000001ec                USART3_RX_IRQHandler
                0x000001ec                RTCC_IRQHandler
                0x000001ec                CMU_IRQHandler
                0x000001ec                LESENSE_IRQHandler
                0x000001ec                GPIO_ODD_IRQHandler
                0x000001ec                USART3_TX_IRQHandler
                0x000001ec                BusFault_Handler
                0x000001ec                USART2_TX_IRQHandler
                0x000001ec                IDAC0_IRQHandler
 .text.SystemCoreClockGet
                0x000001f0       0x40 ./CMSIS/EFM32PG12B/system_efm32pg12b.o
                0x000001f0                SystemCoreClockGet
 .text.SystemMaxCoreClockGet
                0x00000230       0x14 ./CMSIS/EFM32PG12B/system_efm32pg12b.o
                0x00000230                SystemMaxCoreClockGet
 .text.SystemHFClockGet
                0x00000244       0x70 ./CMSIS/EFM32PG12B/system_efm32pg12b.o
                0x00000244                SystemHFClockGet
 .text.SystemHFXOClockGet
                0x000002b4       0x18 ./CMSIS/EFM32PG12B/system_efm32pg12b.o
                0x000002b4                SystemHFXOClockGet
 .text.SystemInit
                0x000002cc       0x2c ./CMSIS/EFM32PG12B/system_efm32pg12b.o
                0x000002cc                SystemInit
 .text.SystemLFRCOClockGet
                0x000002f8       0x12 ./CMSIS/EFM32PG12B/system_efm32pg12b.o
                0x000002f8                SystemLFRCOClockGet
 .text.SystemULFRCOClockGet
                0x0000030a       0x12 ./CMSIS/EFM32PG12B/system_efm32pg12b.o
                0x0000030a                SystemULFRCOClockGet
 .text.SystemLFXOClockGet
                0x0000031c       0x18 ./CMSIS/EFM32PG12B/system_efm32pg12b.o
                0x0000031c                SystemLFXOClockGet
 .text.assertEFM
                0x00000334        0xc ./emlib/em_assert.o
                0x00000334                assertEFM
 .text.BUS_RegBitWrite
                0x00000340       0x2e ./emlib/em_cmu.o
 .text.BUS_RegBitRead
                0x0000036e       0x2a ./emlib/em_cmu.o
 .text.SL_Log2ToDiv
                0x00000398       0x2c ./emlib/em_cmu.o
 .text.EMU_VScaleWait
                0x000003c4       0x1c ./emlib/em_cmu.o
 .text.EMU_VScaleGet
                0x000003e0       0x1c ./emlib/em_cmu.o
 .text.setHfLeConfig
                0x000003fc       0x64 ./emlib/em_cmu.o
 .text.auxClkGet
                0x00000460       0x20 ./emlib/em_cmu.o
 .text.hfSrcClkGet
                0x00000480       0x2c ./emlib/em_cmu.o
 .text.dbgClkGet
                0x000004ac       0x4c ./emlib/em_cmu.o
 .text.adcAsyncClkGet
                0x000004f8       0x98 ./emlib/em_cmu.o
 .text.flashWaitStateControl
                0x00000590       0x98 ./emlib/em_cmu.o
 .text.flashWaitStateMax
                0x00000628       0x44 ./emlib/em_cmu.o
 .text.CMU_UpdateWaitStates
                0x0000066c       0x40 ./emlib/em_cmu.o
                0x0000066c                CMU_UpdateWaitStates
 .text.getRegIshUpperVal
                0x000006ac       0x36 ./emlib/em_cmu.o
 *fill*         0x000006e2        0x2 
 .text.getHfxoTuningMode
                0x000006e4       0x1c ./emlib/em_cmu.o
 .text.setHfxoTuningMode
                0x00000700       0x2c ./emlib/em_cmu.o
 .text.lfClkGet
                0x0000072c      0x114 ./emlib/em_cmu.o
 .text.syncReg  0x00000840       0x38 ./emlib/em_cmu.o
 .text.hfperClkSafePrescaler
                0x00000878        0xe ./emlib/em_cmu.o
 .text.hfperClkOptimizedPrescaler
                0x00000886        0xe ./emlib/em_cmu.o
 .text.CMU_ClockEnable
                0x00000894       0xd8 ./emlib/em_cmu.o
                0x00000894                CMU_ClockEnable
 .text.CMU_ClockFreqGet
                0x0000096c      0x218 ./emlib/em_cmu.o
                0x0000096c                CMU_ClockFreqGet
 .text.CMU_ClockSelectGet
                0x00000b84      0x1c8 ./emlib/em_cmu.o
                0x00000b84                CMU_ClockSelectGet
 .text.CMU_ClockSelectSet
                0x00000d4c      0x350 ./emlib/em_cmu.o
                0x00000d4c                CMU_ClockSelectSet
 .text.CMU_HFRCOBandGet
                0x0000109c       0x18 ./emlib/em_cmu.o
                0x0000109c                CMU_HFRCOBandGet
 .text.CMU_HFXOInit
                0x000010b4      0x104 ./emlib/em_cmu.o
                0x000010b4                CMU_HFXOInit
 .text.CMU_LFXOInit
                0x000011b8       0x74 ./emlib/em_cmu.o
                0x000011b8                CMU_LFXOInit
 .text.CMU_OscillatorEnable
                0x0000122c      0x1bc ./emlib/em_cmu.o
                0x0000122c                CMU_OscillatorEnable
 .text.CMU_OscillatorTuningGet
                0x000013e8       0x7c ./emlib/em_cmu.o
                0x000013e8                CMU_OscillatorTuningGet
 .text.CMU_OscillatorTuningSet
                0x00001464      0x154 ./emlib/em_cmu.o
                0x00001464                CMU_OscillatorTuningSet
 .text.CMU_OscillatorTuningWait
                0x000015b8       0xb4 ./emlib/em_cmu.o
                0x000015b8                CMU_OscillatorTuningWait
 .text.CMU_OscillatorTuningOptimize
                0x0000166c       0x64 ./emlib/em_cmu.o
                0x0000166c                CMU_OscillatorTuningOptimize
 .text.CORE_EnterCritical
                0x000016d0       0x20 ./emlib/em_core.o
                0x000016d0                CORE_EnterCritical
 .text.CORE_ExitCritical
                0x000016f0       0x1c ./emlib/em_core.o
                0x000016f0                CORE_ExitCritical
 .text.CORE_AtomicDisableIrq
                0x0000170c       0x10 ./emlib/em_core.o
                0x0000170c                CORE_AtomicDisableIrq
 .text.CORE_AtomicEnableIrq
                0x0000171c       0x10 ./emlib/em_core.o
                0x0000171c                CORE_AtomicEnableIrq
 .text.SystemCoreClockUpdate
                0x0000172c        0xc ./emlib/em_emu.o
 .text.BUS_RegBitWrite
                0x00001738       0x2e ./emlib/em_emu.o
 .text.BUS_RegBitRead
                0x00001766       0x2a ./emlib/em_emu.o
 .text.EMU_VScaleWait
                0x00001790       0x1c ./emlib/em_emu.o
 .text.EMU_VScaleGet
                0x000017ac       0x1c ./emlib/em_emu.o
 .text.EMU_IntClear
                0x000017c8       0x20 ./emlib/em_emu.o
 .text.EMU_IntGet
                0x000017e8       0x18 ./emlib/em_emu.o
 .text.EMU_PowerLock
                0x00001800       0x18 ./emlib/em_emu.o
 .text.EMU_PowerUnlock
                0x00001818       0x1c ./emlib/em_emu.o
 .text.CMU_Lock
                0x00001834       0x1c ./emlib/em_emu.o
 .text.CMU_Unlock
                0x00001850       0x1c ./emlib/em_emu.o
 .text.vScaleEM01Cmd
                0x0000186c       0x22 ./emlib/em_emu.o
 *fill*         0x0000188e        0x2 
 .text.emState  0x00001890      0x150 ./emlib/em_emu.o
 .text.vScaleDownEM23Setup
                0x000019e0       0x50 ./emlib/em_emu.o
 .text.vScaleAfterWakeup
                0x00001a30       0x48 ./emlib/em_emu.o
 .text.EMU_EM23PresleepHook
                0x00001a78        0xe ./emlib/em_emu.o
                0x00001a78                EMU_EM23PresleepHook
 .text.EMU_EM23PostsleepHook
                0x00001a86        0xe ./emlib/em_emu.o
                0x00001a86                EMU_EM23PostsleepHook
 .text.EMU_EnterEM2
                0x00001a94       0x54 ./emlib/em_emu.o
                0x00001a94                EMU_EnterEM2
 .text.EMU_EnterEM3
                0x00001ae8       0x78 ./emlib/em_emu.o
                0x00001ae8                EMU_EnterEM3
 .text.EMU_VScaleEM01ByClock
                0x00001b60       0x70 ./emlib/em_emu.o
                0x00001b60                EMU_VScaleEM01ByClock
 .text.EMU_VScaleEM01
                0x00001bd0       0xa0 ./emlib/em_emu.o
                0x00001bd0                EMU_VScaleEM01
 .text.EMU_EM23Init
                0x00001c70       0x50 ./emlib/em_emu.o
                0x00001c70                EMU_EM23Init
 .text.dcdcConstCalibrationLoad
                0x00001cc0       0x10 ./emlib/em_emu.o
 .text.dcdcValidatedConfigSet
                0x00001cd0       0x40 ./emlib/em_emu.o
 .text.currentLimitersUpdate
                0x00001d10      0x124 ./emlib/em_emu.o
 .text.userCurrentLimitsSet
                0x00001e34       0x30 ./emlib/em_emu.o
 .text.compCtrlSet
                0x00001e64       0x4c ./emlib/em_emu.o
 .text.lpCmpHystCalibrationLoad
                0x00001eb0       0xec ./emlib/em_emu.o
 .text.lpGetDevinfoVrefLowHigh
                0x00001f9c      0x164 ./emlib/em_emu.o
 .text.EMU_DCDCModeSet
                0x00002100      0x10c ./emlib/em_emu.o
                0x00002100                EMU_DCDCModeSet
 .text.EMU_DCDCInit
                0x0000220c      0x1c8 ./emlib/em_emu.o
                0x0000220c                EMU_DCDCInit
 .text.EMU_DCDCOutputVoltageSet
                0x000023d4      0x2d8 ./emlib/em_emu.o
                0x000023d4                EMU_DCDCOutputVoltageSet
 .text.EMU_DCDCOptimizeSlice
                0x000026ac       0xe8 ./emlib/em_emu.o
                0x000026ac                EMU_DCDCOptimizeSlice
 .text.EMU_DCDCLnRcoBandSet
                0x00002794       0x64 ./emlib/em_emu.o
                0x00002794                EMU_DCDCLnRcoBandSet
 .text.BUS_RegMaskedSet
                0x000027f8       0x24 ./emlib/em_gpio.o
 .text.BUS_RegMaskedClear
                0x0000281c       0x24 ./emlib/em_gpio.o
 .text.GPIO_PinOutClear
                0x00002840       0xd0 ./emlib/em_gpio.o
 .text.GPIO_PinOutSet
                0x00002910       0xd0 ./emlib/em_gpio.o
 .text.GPIO_PinModeSet
                0x000029e0      0x18c ./emlib/em_gpio.o
                0x000029e0                GPIO_PinModeSet
 .text.LEUART_Sync
                0x00002b6c       0x32 ./emlib/em_leuart.o
 *fill*         0x00002b9e        0x2 
 .text.LEUART_BaudrateSet
                0x00002ba0       0x9c ./emlib/em_leuart.o
                0x00002ba0                LEUART_BaudrateSet
 .text.LEUART_Enable
                0x00002c3c       0x58 ./emlib/em_leuart.o
                0x00002c3c                LEUART_Enable
 .text.LEUART_FreezeEnable
                0x00002c94       0x36 ./emlib/em_leuart.o
                0x00002c94                LEUART_FreezeEnable
 *fill*         0x00002cca        0x2 
 .text.LEUART_Init
                0x00002ccc       0x84 ./emlib/em_leuart.o
                0x00002ccc                LEUART_Init
 .text.XbeeEnterCommandMode
                0x00002d50       0x14 ./src/ATCommandsLib.o
                0x00002d50                XbeeEnterCommandMode
 .text.CMU_Init
                0x00002d64       0x98 ./src/My_CMU.o
                0x00002d64                CMU_Init
 .text.__NVIC_EnableIRQ
                0x00002dfc       0x3c ./src/My_LEUART.o
 .text.LEUART0_Setup
                0x00002e38       0xe0 ./src/My_LEUART.o
                0x00002e38                LEUART0_Setup
 .text.LEUART0_Putchar
                0x00002f18       0x24 ./src/My_LEUART.o
                0x00002f18                LEUART0_Putchar
 .text.LEUART0_Putchar_n
                0x00002f3c       0x68 ./src/My_LEUART.o
                0x00002f3c                LEUART0_Putchar_n
 .text.LEUART0_IRQHandler
                0x00002fa4       0xbc ./src/My_LEUART.o
                0x00002fa4                LEUART0_IRQHandler
 .text.EMU_EnterEM1
                0x00003060       0x20 ./src/My_Sleep.o
 .text.Enter_Sleep
                0x00003080       0x48 ./src/My_Sleep.o
                0x00003080                Enter_Sleep
 .text.Block_Energy_Mode
                0x000030c8       0x40 ./src/My_Sleep.o
                0x000030c8                Block_Energy_Mode
 .text.Unblock_Energy_Mode
                0x00003108       0x48 ./src/My_Sleep.o
                0x00003108                Unblock_Energy_Mode
 .text.__NVIC_EnableIRQ
                0x00003150       0x3c ./src/letimer.o
 .text.LETIMER_IntClear
                0x0000318c       0x1c ./src/letimer.o
 .text.LETIMER_IntDisable
                0x000031a8       0x24 ./src/letimer.o
 .text.LETIMER_IntGetEnabled
                0x000031cc       0x22 ./src/letimer.o
 *fill*         0x000031ee        0x2 
 .text.LETIMER0_setup
                0x000031f0       0xe8 ./src/letimer.o
                0x000031f0                LETIMER0_setup
 .text.LETIMER0_IRQHandler
                0x000032d8       0x64 ./src/letimer.o
                0x000032d8                LETIMER0_IRQHandler
 .text.SYSTEM_GetProdRev
                0x0000333c       0x1c ./src/main.o
 .text.CHIP_Init
                0x00003358       0x74 ./src/main.o
 .text.main     0x000033cc      0x100 ./src/main.o
                0x000033cc                main
 .text.exit     0x000034cc       0x28 c:/siliconlabs/simplicitystudio/v4/developer/toolchains/gnu_arm/7.2_2017q4/bin/../lib/gcc/arm-none-eabi/7.2.1/../../../../arm-none-eabi/lib/thumb/v7e-m/fpv4-sp/softfp\libc_nano.a(lib_a-exit.o)
                0x000034cc                exit
 .text.__libc_init_array
                0x000034f4       0x48 c:/siliconlabs/simplicitystudio/v4/developer/toolchains/gnu_arm/7.2_2017q4/bin/../lib/gcc/arm-none-eabi/7.2.1/../../../../arm-none-eabi/lib/thumb/v7e-m/fpv4-sp/softfp\libc_nano.a(lib_a-init.o)
                0x000034f4                __libc_init_array
 .text.memset   0x0000353c       0x10 c:/siliconlabs/simplicitystudio/v4/developer/toolchains/gnu_arm/7.2_2017q4/bin/../lib/gcc/arm-none-eabi/7.2.1/../../../../arm-none-eabi/lib/thumb/v7e-m/fpv4-sp/softfp\libc_nano.a(lib_a-memset.o)
                0x0000353c                memset
 .text.printf   0x0000354c       0x30 c:/siliconlabs/simplicitystudio/v4/developer/toolchains/gnu_arm/7.2_2017q4/bin/../lib/gcc/arm-none-eabi/7.2.1/../../../../arm-none-eabi/lib/thumb/v7e-m/fpv4-sp/softfp\libc_nano.a(lib_a-printf.o)
                0x0000354c                iprintf
                0x0000354c                printf
 .text          0x0000357c       0x14 c:/siliconlabs/simplicitystudio/v4/developer/toolchains/gnu_arm/7.2_2017q4/bin/../lib/gcc/arm-none-eabi/7.2.1/../../../../arm-none-eabi/lib/thumb/v7e-m/fpv4-sp/softfp\libc_nano.a(lib_a-strcmp.o)
                0x0000357c                strcmp
 .text          0x00003590       0x10 c:/siliconlabs/simplicitystudio/v4/developer/toolchains/gnu_arm/7.2_2017q4/bin/../lib/gcc/arm-none-eabi/7.2.1/../../../../arm-none-eabi/lib/thumb/v7e-m/fpv4-sp/softfp\libc_nano.a(lib_a-strlen.o)
                0x00003590                strlen
 .text.std      0x000035a0       0x48 c:/siliconlabs/simplicitystudio/v4/developer/toolchains/gnu_arm/7.2_2017q4/bin/../lib/gcc/arm-none-eabi/7.2.1/../../../../arm-none-eabi/lib/thumb/v7e-m/fpv4-sp/softfp\libc_nano.a(lib_a-findfp.o)
 .text._cleanup_r
                0x000035e8        0xc c:/siliconlabs/simplicitystudio/v4/developer/toolchains/gnu_arm/7.2_2017q4/bin/../lib/gcc/arm-none-eabi/7.2.1/../../../../arm-none-eabi/lib/thumb/v7e-m/fpv4-sp/softfp\libc_nano.a(lib_a-findfp.o)
                0x000035e8                _cleanup_r
 .text.__sfmoreglue
                0x000035f4       0x2c c:/siliconlabs/simplicitystudio/v4/developer/toolchains/gnu_arm/7.2_2017q4/bin/../lib/gcc/arm-none-eabi/7.2.1/../../../../arm-none-eabi/lib/thumb/v7e-m/fpv4-sp/softfp\libc_nano.a(lib_a-findfp.o)
                0x000035f4                __sfmoreglue
 .text.__sinit  0x00003620       0x60 c:/siliconlabs/simplicitystudio/v4/developer/toolchains/gnu_arm/7.2_2017q4/bin/../lib/gcc/arm-none-eabi/7.2.1/../../../../arm-none-eabi/lib/thumb/v7e-m/fpv4-sp/softfp\libc_nano.a(lib_a-findfp.o)
                0x00003620                __sinit
 .text.__sfp    0x00003680       0x78 c:/siliconlabs/simplicitystudio/v4/developer/toolchains/gnu_arm/7.2_2017q4/bin/../lib/gcc/arm-none-eabi/7.2.1/../../../../arm-none-eabi/lib/thumb/v7e-m/fpv4-sp/softfp\libc_nano.a(lib_a-findfp.o)
                0x00003680                __sfp
 .text._fwalk_reent
                0x000036f8       0x3c c:/siliconlabs/simplicitystudio/v4/developer/toolchains/gnu_arm/7.2_2017q4/bin/../lib/gcc/arm-none-eabi/7.2.1/../../../../arm-none-eabi/lib/thumb/v7e-m/fpv4-sp/softfp\libc_nano.a(lib_a-fwalk.o)
                0x000036f8                _fwalk_reent
 .text._malloc_r
                0x00003734       0xb4 c:/siliconlabs/simplicitystudio/v4/developer/toolchains/gnu_arm/7.2_2017q4/bin/../lib/gcc/arm-none-eabi/7.2.1/../../../../arm-none-eabi/lib/thumb/v7e-m/fpv4-sp/softfp\libc_nano.a(lib_a-nano-mallocr.o)
                0x00003734                _malloc_r
 .text.__sfputc_r
                0x000037e8       0x2e c:/siliconlabs/simplicitystudio/v4/developer/toolchains/gnu_arm/7.2_2017q4/bin/../lib/gcc/arm-none-eabi/7.2.1/../../../../arm-none-eabi/lib/thumb/v7e-m/fpv4-sp/softfp\libc_nano.a(lib_a-nano-vfprintf.o)
 .text.__sfputs_r
                0x00003816       0x24 c:/siliconlabs/simplicitystudio/v4/developer/toolchains/gnu_arm/7.2_2017q4/bin/../lib/gcc/arm-none-eabi/7.2.1/../../../../arm-none-eabi/lib/thumb/v7e-m/fpv4-sp/softfp\libc_nano.a(lib_a-nano-vfprintf.o)
                0x00003816                __sfputs_r
 *fill*         0x0000383a        0x2 
 .text._vfprintf_r
                0x0000383c      0x228 c:/siliconlabs/simplicitystudio/v4/developer/toolchains/gnu_arm/7.2_2017q4/bin/../lib/gcc/arm-none-eabi/7.2.1/../../../../arm-none-eabi/lib/thumb/v7e-m/fpv4-sp/softfp\libc_nano.a(lib_a-nano-vfprintf.o)
                0x0000383c                _vfprintf_r
                0x0000383c                _vfiprintf_r
 .text._printf_common
                0x00003a64       0xea c:/siliconlabs/simplicitystudio/v4/developer/toolchains/gnu_arm/7.2_2017q4/bin/../lib/gcc/arm-none-eabi/7.2.1/../../../../arm-none-eabi/lib/thumb/v7e-m/fpv4-sp/softfp\libc_nano.a(lib_a-nano-vfprintf_i.o)
                0x00003a64                _printf_common
 *fill*         0x00003b4e        0x2 
 .text._printf_i
                0x00003b50      0x224 c:/siliconlabs/simplicitystudio/v4/developer/toolchains/gnu_arm/7.2_2017q4/bin/../lib/gcc/arm-none-eabi/7.2.1/../../../../arm-none-eabi/lib/thumb/v7e-m/fpv4-sp/softfp\libc_nano.a(lib_a-nano-vfprintf_i.o)
                0x00003b50                _printf_i
 .text._sbrk_r  0x00003d74       0x20 c:/siliconlabs/simplicitystudio/v4/developer/toolchains/gnu_arm/7.2_2017q4/bin/../lib/gcc/arm-none-eabi/7.2.1/../../../../arm-none-eabi/lib/thumb/v7e-m/fpv4-sp/softfp\libc_nano.a(lib_a-sbrkr.o)
                0x00003d74                _sbrk_r
 .text.__sread  0x00003d94       0x22 c:/siliconlabs/simplicitystudio/v4/developer/toolchains/gnu_arm/7.2_2017q4/bin/../lib/gcc/arm-none-eabi/7.2.1/../../../../arm-none-eabi/lib/thumb/v7e-m/fpv4-sp/softfp\libc_nano.a(lib_a-stdio.o)
                0x00003d94                __sread
 .text.__swrite
                0x00003db6       0x38 c:/siliconlabs/simplicitystudio/v4/developer/toolchains/gnu_arm/7.2_2017q4/bin/../lib/gcc/arm-none-eabi/7.2.1/../../../../arm-none-eabi/lib/thumb/v7e-m/fpv4-sp/softfp\libc_nano.a(lib_a-stdio.o)
                0x00003db6                __swrite
 .text.__sseek  0x00003dee       0x24 c:/siliconlabs/simplicitystudio/v4/developer/toolchains/gnu_arm/7.2_2017q4/bin/../lib/gcc/arm-none-eabi/7.2.1/../../../../arm-none-eabi/lib/thumb/v7e-m/fpv4-sp/softfp\libc_nano.a(lib_a-stdio.o)
                0x00003dee                __sseek
 .text.__sclose
                0x00003e12        0x8 c:/siliconlabs/simplicitystudio/v4/developer/toolchains/gnu_arm/7.2_2017q4/bin/../lib/gcc/arm-none-eabi/7.2.1/../../../../arm-none-eabi/lib/thumb/v7e-m/fpv4-sp/softfp\libc_nano.a(lib_a-stdio.o)
                0x00003e12                __sclose
 *fill*         0x00003e1a        0x2 
 .text.__swbuf_r
                0x00003e1c       0xa4 c:/siliconlabs/simplicitystudio/v4/developer/toolchains/gnu_arm/7.2_2017q4/bin/../lib/gcc/arm-none-eabi/7.2.1/../../../../arm-none-eabi/lib/thumb/v7e-m/fpv4-sp/softfp\libc_nano.a(lib_a-wbuf.o)
                0x00003e1c                __swbuf_r
 .text._write_r
                0x00003ec0       0x24 c:/siliconlabs/simplicitystudio/v4/developer/toolchains/gnu_arm/7.2_2017q4/bin/../lib/gcc/arm-none-eabi/7.2.1/../../../../arm-none-eabi/lib/thumb/v7e-m/fpv4-sp/softfp\libc_nano.a(lib_a-writer.o)
                0x00003ec0                _write_r
 .text.__swsetup_r
                0x00003ee4       0xdc c:/siliconlabs/simplicitystudio/v4/developer/toolchains/gnu_arm/7.2_2017q4/bin/../lib/gcc/arm-none-eabi/7.2.1/../../../../arm-none-eabi/lib/thumb/v7e-m/fpv4-sp/softfp\libc_nano.a(lib_a-wsetup.o)
                0x00003ee4                __swsetup_r
 .text._close_r
                0x00003fc0       0x20 c:/siliconlabs/simplicitystudio/v4/developer/toolchains/gnu_arm/7.2_2017q4/bin/../lib/gcc/arm-none-eabi/7.2.1/../../../../arm-none-eabi/lib/thumb/v7e-m/fpv4-sp/softfp\libc_nano.a(lib_a-closer.o)
                0x00003fc0                _close_r
 .text.__sflush_r
                0x00003fe0      0x10c c:/siliconlabs/simplicitystudio/v4/developer/toolchains/gnu_arm/7.2_2017q4/bin/../lib/gcc/arm-none-eabi/7.2.1/../../../../arm-none-eabi/lib/thumb/v7e-m/fpv4-sp/softfp\libc_nano.a(lib_a-fflush.o)
                0x00003fe0                __sflush_r
 .text._fflush_r
                0x000040ec       0x54 c:/siliconlabs/simplicitystudio/v4/developer/toolchains/gnu_arm/7.2_2017q4/bin/../lib/gcc/arm-none-eabi/7.2.1/../../../../arm-none-eabi/lib/thumb/v7e-m/fpv4-sp/softfp\libc_nano.a(lib_a-fflush.o)
                0x000040ec                _fflush_r
 .text._lseek_r
                0x00004140       0x24 c:/siliconlabs/simplicitystudio/v4/developer/toolchains/gnu_arm/7.2_2017q4/bin/../lib/gcc/arm-none-eabi/7.2.1/../../../../arm-none-eabi/lib/thumb/v7e-m/fpv4-sp/softfp\libc_nano.a(lib_a-lseekr.o)
                0x00004140                _lseek_r
 .text.__swhatbuf_r
                0x00004164       0x48 c:/siliconlabs/simplicitystudio/v4/developer/toolchains/gnu_arm/7.2_2017q4/bin/../lib/gcc/arm-none-eabi/7.2.1/../../../../arm-none-eabi/lib/thumb/v7e-m/fpv4-sp/softfp\libc_nano.a(lib_a-makebuf.o)
                0x00004164                __swhatbuf_r
 .text.__smakebuf_r
                0x000041ac       0x80 c:/siliconlabs/simplicitystudio/v4/developer/toolchains/gnu_arm/7.2_2017q4/bin/../lib/gcc/arm-none-eabi/7.2.1/../../../../arm-none-eabi/lib/thumb/v7e-m/fpv4-sp/softfp\libc_nano.a(lib_a-makebuf.o)
                0x000041ac                __smakebuf_r
 *fill*         0x0000422c        0x4 
 .text          0x00004230       0xa0 c:/siliconlabs/simplicitystudio/v4/developer/toolchains/gnu_arm/7.2_2017q4/bin/../lib/gcc/arm-none-eabi/7.2.1/../../../../arm-none-eabi/lib/thumb/v7e-m/fpv4-sp/softfp\libc_nano.a(lib_a-memchr.o)
                0x00004230                memchr
 .text.__malloc_lock
                0x000042d0        0x2 c:/siliconlabs/simplicitystudio/v4/developer/toolchains/gnu_arm/7.2_2017q4/bin/../lib/gcc/arm-none-eabi/7.2.1/../../../../arm-none-eabi/lib/thumb/v7e-m/fpv4-sp/softfp\libc_nano.a(lib_a-mlock.o)
                0x000042d0                __malloc_lock
 .text.__malloc_unlock
                0x000042d2        0x2 c:/siliconlabs/simplicitystudio/v4/developer/toolchains/gnu_arm/7.2_2017q4/bin/../lib/gcc/arm-none-eabi/7.2.1/../../../../arm-none-eabi/lib/thumb/v7e-m/fpv4-sp/softfp\libc_nano.a(lib_a-mlock.o)
                0x000042d2                __malloc_unlock
 .text._free_r  0x000042d4       0x9c c:/siliconlabs/simplicitystudio/v4/developer/toolchains/gnu_arm/7.2_2017q4/bin/../lib/gcc/arm-none-eabi/7.2.1/../../../../arm-none-eabi/lib/thumb/v7e-m/fpv4-sp/softfp\libc_nano.a(lib_a-nano-freer.o)
                0x000042d4                _free_r
 .text._read_r  0x00004370       0x24 c:/siliconlabs/simplicitystudio/v4/developer/toolchains/gnu_arm/7.2_2017q4/bin/../lib/gcc/arm-none-eabi/7.2.1/../../../../arm-none-eabi/lib/thumb/v7e-m/fpv4-sp/softfp\libc_nano.a(lib_a-readr.o)
                0x00004370                _read_r
 .text._fstat_r
                0x00004394       0x24 c:/siliconlabs/simplicitystudio/v4/developer/toolchains/gnu_arm/7.2_2017q4/bin/../lib/gcc/arm-none-eabi/7.2.1/../../../../arm-none-eabi/lib/thumb/v7e-m/fpv4-sp/softfp\libc_nano.a(lib_a-fstatr.o)
                0x00004394                _fstat_r
 .text._isatty_r
                0x000043b8       0x20 c:/siliconlabs/simplicitystudio/v4/developer/toolchains/gnu_arm/7.2_2017q4/bin/../lib/gcc/arm-none-eabi/7.2.1/../../../../arm-none-eabi/lib/thumb/v7e-m/fpv4-sp/softfp\libc_nano.a(lib_a-isattyr.o)
                0x000043b8                _isatty_r
 .text._close   0x000043d8       0x10 c:/siliconlabs/simplicitystudio/v4/developer/toolchains/gnu_arm/7.2_2017q4/bin/../lib/gcc/arm-none-eabi/7.2.1/../../../../arm-none-eabi/lib/thumb/v7e-m/fpv4-sp/softfp\libnosys.a(close.o)
                0x000043d8                _close
 .text._fstat   0x000043e8       0x10 c:/siliconlabs/simplicitystudio/v4/developer/toolchains/gnu_arm/7.2_2017q4/bin/../lib/gcc/arm-none-eabi/7.2.1/../../../../arm-none-eabi/lib/thumb/v7e-m/fpv4-sp/softfp\libnosys.a(fstat.o)
                0x000043e8                _fstat
 .text._isatty  0x000043f8       0x10 c:/siliconlabs/simplicitystudio/v4/developer/toolchains/gnu_arm/7.2_2017q4/bin/../lib/gcc/arm-none-eabi/7.2.1/../../../../arm-none-eabi/lib/thumb/v7e-m/fpv4-sp/softfp\libnosys.a(isatty.o)
                0x000043f8                _isatty
 .text._lseek   0x00004408       0x10 c:/siliconlabs/simplicitystudio/v4/developer/toolchains/gnu_arm/7.2_2017q4/bin/../lib/gcc/arm-none-eabi/7.2.1/../../../../arm-none-eabi/lib/thumb/v7e-m/fpv4-sp/softfp\libnosys.a(lseek.o)
                0x00004408                _lseek
 .text._read    0x00004418       0x10 c:/siliconlabs/simplicitystudio/v4/developer/toolchains/gnu_arm/7.2_2017q4/bin/../lib/gcc/arm-none-eabi/7.2.1/../../../../arm-none-eabi/lib/thumb/v7e-m/fpv4-sp/softfp\libnosys.a(read.o)
                0x00004418                _read
 .text._sbrk    0x00004428       0x1c c:/siliconlabs/simplicitystudio/v4/developer/toolchains/gnu_arm/7.2_2017q4/bin/../lib/gcc/arm-none-eabi/7.2.1/../../../../arm-none-eabi/lib/thumb/v7e-m/fpv4-sp/softfp\libnosys.a(sbrk.o)
                0x00004428                _sbrk
 .text._write   0x00004444       0x10 c:/siliconlabs/simplicitystudio/v4/developer/toolchains/gnu_arm/7.2_2017q4/bin/../lib/gcc/arm-none-eabi/7.2.1/../../../../arm-none-eabi/lib/thumb/v7e-m/fpv4-sp/softfp\libnosys.a(write.o)
                0x00004444                _write
 .text._exit    0x00004454        0x4 c:/siliconlabs/simplicitystudio/v4/developer/toolchains/gnu_arm/7.2_2017q4/bin/../lib/gcc/arm-none-eabi/7.2.1/../../../../arm-none-eabi/lib/thumb/v7e-m/fpv4-sp/softfp\libnosys.a(_exit.o)
                0x00004454                _exit
 *(.init)
 .init          0x00004458        0x4 c:/siliconlabs/simplicitystudio/v4/developer/toolchains/gnu_arm/7.2_2017q4/bin/../lib/gcc/arm-none-eabi/7.2.1/thumb/v7e-m/fpv4-sp/softfp/crti.o
                0x00004458                _init
 .init          0x0000445c        0x8 c:/siliconlabs/simplicitystudio/v4/developer/toolchains/gnu_arm/7.2_2017q4/bin/../lib/gcc/arm-none-eabi/7.2.1/thumb/v7e-m/fpv4-sp/softfp/crtn.o
 *(.fini)
 .fini          0x00004464        0x4 c:/siliconlabs/simplicitystudio/v4/developer/toolchains/gnu_arm/7.2_2017q4/bin/../lib/gcc/arm-none-eabi/7.2.1/thumb/v7e-m/fpv4-sp/softfp/crti.o
                0x00004464                _fini
 .fini          0x00004468        0x8 c:/siliconlabs/simplicitystudio/v4/developer/toolchains/gnu_arm/7.2_2017q4/bin/../lib/gcc/arm-none-eabi/7.2.1/thumb/v7e-m/fpv4-sp/softfp/crtn.o
 *crtbegin.o(.ctors)
 *crtbegin?.o(.ctors)
 *(EXCLUDE_FILE(*crtend.o *crtend?.o) .ctors)
 *(SORT_BY_NAME(.ctors.*))
 *(.ctors)
 *crtbegin.o(.dtors)
 *crtbegin?.o(.dtors)
 *(EXCLUDE_FILE(*crtend.o *crtend?.o) .dtors)
 *(SORT_BY_NAME(.dtors.*))
 *(.dtors)
 *(.rodata*)
 .rodata        0x00004470      0x12f ./emlib/em_cmu.o
 *fill*         0x0000459f        0x1 
 .rodata.flashWsTable
                0x000045a0       0x28 ./emlib/em_cmu.o
 .rodata        0x000045c8       0x63 ./emlib/em_emu.o
 *fill*         0x0000462b        0x1 
 .rodata        0x0000462c       0xc8 ./emlib/em_gpio.o
 .rodata        0x000046f4       0x66 ./emlib/em_leuart.o
 *fill*         0x0000475a        0x2 
 .rodata        0x0000475c       0x43 ./src/ATCommandsLib.o
 *fill*         0x0000479f        0x1 
 .rodata        0x000047a0       0x28 ./src/My_CMU.o
 .rodata        0x000047c8       0x24 ./src/My_Sleep.o
 .rodata        0x000047ec       0x11 ./src/main.o
 *fill*         0x000047fd        0x3 
 .rodata._global_impure_ptr
                0x00004800        0x4 c:/siliconlabs/simplicitystudio/v4/developer/toolchains/gnu_arm/7.2_2017q4/bin/../lib/gcc/arm-none-eabi/7.2.1/../../../../arm-none-eabi/lib/thumb/v7e-m/fpv4-sp/softfp\libc_nano.a(lib_a-impure.o)
                0x00004800                _global_impure_ptr
 .rodata.__sf_fake_stderr
                0x00004804       0x20 c:/siliconlabs/simplicitystudio/v4/developer/toolchains/gnu_arm/7.2_2017q4/bin/../lib/gcc/arm-none-eabi/7.2.1/../../../../arm-none-eabi/lib/thumb/v7e-m/fpv4-sp/softfp\libc_nano.a(lib_a-findfp.o)
                0x00004804                __sf_fake_stderr
 .rodata.__sf_fake_stdin
                0x00004824       0x20 c:/siliconlabs/simplicitystudio/v4/developer/toolchains/gnu_arm/7.2_2017q4/bin/../lib/gcc/arm-none-eabi/7.2.1/../../../../arm-none-eabi/lib/thumb/v7e-m/fpv4-sp/softfp\libc_nano.a(lib_a-findfp.o)
                0x00004824                __sf_fake_stdin
 .rodata.__sf_fake_stdout
                0x00004844       0x20 c:/siliconlabs/simplicitystudio/v4/developer/toolchains/gnu_arm/7.2_2017q4/bin/../lib/gcc/arm-none-eabi/7.2.1/../../../../arm-none-eabi/lib/thumb/v7e-m/fpv4-sp/softfp\libc_nano.a(lib_a-findfp.o)
                0x00004844                __sf_fake_stdout
 .rodata._vfprintf_r.str1.1
                0x00004864       0x11 c:/siliconlabs/simplicitystudio/v4/developer/toolchains/gnu_arm/7.2_2017q4/bin/../lib/gcc/arm-none-eabi/7.2.1/../../../../arm-none-eabi/lib/thumb/v7e-m/fpv4-sp/softfp\libc_nano.a(lib_a-nano-vfprintf.o)
 .rodata._printf_i.str1.1
                0x00004875       0x22 c:/siliconlabs/simplicitystudio/v4/developer/toolchains/gnu_arm/7.2_2017q4/bin/../lib/gcc/arm-none-eabi/7.2.1/../../../../arm-none-eabi/lib/thumb/v7e-m/fpv4-sp/softfp\libc_nano.a(lib_a-nano-vfprintf_i.o)
 *(.eh_frame*)
 *fill*         0x00004897        0x1 
 .eh_frame      0x00004898        0x0 c:/siliconlabs/simplicitystudio/v4/developer/toolchains/gnu_arm/7.2_2017q4/bin/../lib/gcc/arm-none-eabi/7.2.1/thumb/v7e-m/fpv4-sp/softfp/crtbegin.o
 .eh_frame      0x00004898        0x4 c:/siliconlabs/simplicitystudio/v4/developer/toolchains/gnu_arm/7.2_2017q4/bin/../lib/gcc/arm-none-eabi/7.2.1/thumb/v7e-m/fpv4-sp/softfp/crtend.o

.glue_7         0x0000489c        0x0
 .glue_7        0x0000489c        0x0 linker stubs

.glue_7t        0x0000489c        0x0
 .glue_7t       0x0000489c        0x0 linker stubs

.vfp11_veneer   0x0000489c        0x0
 .vfp11_veneer  0x0000489c        0x0 linker stubs

.v4_bx          0x0000489c        0x0
 .v4_bx         0x0000489c        0x0 linker stubs

.iplt           0x0000489c        0x0
 .iplt          0x0000489c        0x0 c:/siliconlabs/simplicitystudio/v4/developer/toolchains/gnu_arm/7.2_2017q4/bin/../lib/gcc/arm-none-eabi/7.2.1/thumb/v7e-m/fpv4-sp/softfp/crtbegin.o

.ARM.extab
 *(.ARM.extab* .gnu.linkonce.armextab.*)
                0x0000489c                __exidx_start = .

.ARM.exidx      0x0000489c        0x8
 *(.ARM.exidx* .gnu.linkonce.armexidx.*)
 .ARM.exidx     0x0000489c        0x8 c:/siliconlabs/simplicitystudio/v4/developer/toolchains/gnu_arm/7.2_2017q4/bin/../lib/gcc/arm-none-eabi/7.2.1/../../../../arm-none-eabi/lib/thumb/v7e-m/fpv4-sp/softfp/crt0.o
                0x000048a4                __exidx_end = .
                0x000048a4                __etext = .

.rel.dyn        0x000048a4        0x0
 .rel.iplt      0x000048a4        0x0 c:/siliconlabs/simplicitystudio/v4/developer/toolchains/gnu_arm/7.2_2017q4/bin/../lib/gcc/arm-none-eabi/7.2.1/thumb/v7e-m/fpv4-sp/softfp/crtbegin.o

.data           0x20000000       0x80 load address 0x000048a4
                0x20000000                __data_start__ = .
 *(vtable)
 *(.data*)
 .data.SystemHFXOClock
                0x20000000        0x4 ./CMSIS/EFM32PG12B/system_efm32pg12b.o
 .data.SystemLFXOClock
                0x20000004        0x4 ./CMSIS/EFM32PG12B/system_efm32pg12b.o
 .data.SystemCoreClock
                0x20000008        0x4 ./CMSIS/EFM32PG12B/system_efm32pg12b.o
                0x20000008                SystemCoreClock
 .data.SystemHfrcoFreq
                0x2000000c        0x4 ./CMSIS/EFM32PG12B/system_efm32pg12b.o
                0x2000000c                SystemHfrcoFreq
 .data.auxHfrcoFreq
                0x20000010        0x4 ./emlib/em_cmu.o
 .data._impure_ptr
                0x20000014        0x4 c:/siliconlabs/simplicitystudio/v4/developer/toolchains/gnu_arm/7.2_2017q4/bin/../lib/gcc/arm-none-eabi/7.2.1/../../../../arm-none-eabi/lib/thumb/v7e-m/fpv4-sp/softfp\libc_nano.a(lib_a-impure.o)
                0x20000014                _impure_ptr
 .data.impure_data
                0x20000018       0x60 c:/siliconlabs/simplicitystudio/v4/developer/toolchains/gnu_arm/7.2_2017q4/bin/../lib/gcc/arm-none-eabi/7.2.1/../../../../arm-none-eabi/lib/thumb/v7e-m/fpv4-sp/softfp\libc_nano.a(lib_a-impure.o)
                0x20000078                . = ALIGN (0x4)
                [!provide]                PROVIDE (__ram_func_section_start, .)
 *(.ram)
                [!provide]                PROVIDE (__ram_func_section_end, .)
                0x20000078                . = ALIGN (0x4)
                0x20000078                PROVIDE (__preinit_array_start, .)
 *(.preinit_array)
                0x20000078                PROVIDE (__preinit_array_end, .)
                0x20000078                . = ALIGN (0x4)
                0x20000078                PROVIDE (__init_array_start, .)
 *(SORT_BY_NAME(.init_array.*))
 *(.init_array)
 .init_array    0x20000078        0x4 c:/siliconlabs/simplicitystudio/v4/developer/toolchains/gnu_arm/7.2_2017q4/bin/../lib/gcc/arm-none-eabi/7.2.1/thumb/v7e-m/fpv4-sp/softfp/crtbegin.o
                0x2000007c                PROVIDE (__init_array_end, .)
                0x2000007c                . = ALIGN (0x4)
                [!provide]                PROVIDE (__fini_array_start, .)
 *(SORT_BY_NAME(.fini_array.*))
 *(.fini_array)
 .fini_array    0x2000007c        0x4 c:/siliconlabs/simplicitystudio/v4/developer/toolchains/gnu_arm/7.2_2017q4/bin/../lib/gcc/arm-none-eabi/7.2.1/thumb/v7e-m/fpv4-sp/softfp/crtbegin.o
                [!provide]                PROVIDE (__fini_array_end, .)
 *(.jcr*)
                0x20000080                . = ALIGN (0x4)
                0x20000080                __data_end__ = .

.igot.plt       0x20000080        0x0 load address 0x00004924
 .igot.plt      0x20000080        0x0 c:/siliconlabs/simplicitystudio/v4/developer/toolchains/gnu_arm/7.2_2017q4/bin/../lib/gcc/arm-none-eabi/7.2.1/thumb/v7e-m/fpv4-sp/softfp/crtbegin.o

.bss            0x20000080       0x8c load address 0x00004924
                0x20000080                . = ALIGN (0x4)
                0x20000080                __bss_start__ = .
 *(.bss*)
 .bss           0x20000080       0x1c c:/siliconlabs/simplicitystudio/v4/developer/toolchains/gnu_arm/7.2_2017q4/bin/../lib/gcc/arm-none-eabi/7.2.1/thumb/v7e-m/fpv4-sp/softfp/crtbegin.o
 .bss.dcdcMaxCurrent_mA
                0x2000009c        0x2 ./emlib/em_emu.o
 .bss.dcdcEm01LoadCurrent_mA
                0x2000009e        0x2 ./emlib/em_emu.o
 .bss.dcdcReverseCurrentControl
                0x200000a0        0x2 ./emlib/em_emu.o
 *fill*         0x200000a2        0x2 
 .bss.vScaleEM01Config
                0x200000a4        0x1 ./emlib/em_emu.o
 *fill*         0x200000a5        0x3 
 .bss.cmuStatus.7734
                0x200000a8        0x4 ./emlib/em_emu.o
 .bss.hfClock.7735
                0x200000ac        0x1 ./emlib/em_emu.o
 .bss.vScaleStatus.7736
                0x200000ad        0x1 ./emlib/em_emu.o
 *fill*         0x200000ae        0x2 
 .bss.hfrcoCtrl.7737
                0x200000b0        0x4 ./emlib/em_emu.o
 .bss.rolloverCount
                0x200000b4        0x4 ./src/letimer.o
                0x200000b4                rolloverCount
 .bss.TimerPeriod
                0x200000b8        0x4 ./src/letimer.o
                0x200000b8                TimerPeriod
 .bss.TXC_Flag  0x200000bc        0x1 ./src/main.o
                0x200000bc                TXC_Flag
 .bss.RX_Index  0x200000bd        0x1 ./src/main.o
                0x200000bd                RX_Index
 .bss.waitForResp
                0x200000be        0x1 ./src/main.o
                0x200000be                waitForResp
 .bss.SchedulerEvent
                0x200000bf        0x1 ./src/main.o
                0x200000bf                SchedulerEvent
 .bss.__malloc_free_list
                0x200000c0        0x4 c:/siliconlabs/simplicitystudio/v4/developer/toolchains/gnu_arm/7.2_2017q4/bin/../lib/gcc/arm-none-eabi/7.2.1/../../../../arm-none-eabi/lib/thumb/v7e-m/fpv4-sp/softfp\libc_nano.a(lib_a-nano-mallocr.o)
                0x200000c0                __malloc_free_list
 .bss.__malloc_sbrk_start
                0x200000c4        0x4 c:/siliconlabs/simplicitystudio/v4/developer/toolchains/gnu_arm/7.2_2017q4/bin/../lib/gcc/arm-none-eabi/7.2.1/../../../../arm-none-eabi/lib/thumb/v7e-m/fpv4-sp/softfp\libc_nano.a(lib_a-nano-mallocr.o)
                0x200000c4                __malloc_sbrk_start
 .bss.heap_end.5377
                0x200000c8        0x4 c:/siliconlabs/simplicitystudio/v4/developer/toolchains/gnu_arm/7.2_2017q4/bin/../lib/gcc/arm-none-eabi/7.2.1/../../../../arm-none-eabi/lib/thumb/v7e-m/fpv4-sp/softfp\libnosys.a(sbrk.o)
 *(COMMON)
 COMMON         0x200000cc       0x18 ./src/letimer.o
                0x200000cc                letimerInit
                0x200000dc                currentClock
 COMMON         0x200000e4       0x21 ./src/main.o
                0x200000e4                RX_Buffer
                0x20000100                EnergyMode_Counter
 *fill*         0x20000105        0x3 
 COMMON         0x20000108        0x4 c:/siliconlabs/simplicitystudio/v4/developer/toolchains/gnu_arm/7.2_2017q4/bin/../lib/gcc/arm-none-eabi/7.2.1/../../../../arm-none-eabi/lib/thumb/v7e-m/fpv4-sp/softfp\libc_nano.a(lib_a-reent.o)
                0x20000108                errno
                0x2000010c                . = ALIGN (0x4)
                0x2000010c                __bss_end__ = .

.heap           0x20000110      0xc00
                0x20000110                __HeapBase = .
                0x20000110                __end__ = .
                0x20000110                end = __end__
                0x20000110                _end = __end__
 *(.heap*)
 .heap          0x20000110      0xc00 ./CMSIS/EFM32PG12B/startup_efm32pg12b.o
                0x20000d10                __HeapLimit = .

.stack_dummy    0x20000110      0x400
 *(.stack*)
 .stack         0x20000110      0x400 ./CMSIS/EFM32PG12B/startup_efm32pg12b.o
                0x20040000                __StackTop = (ORIGIN (RAM) + LENGTH (RAM))
                0x2003fc00                __StackLimit = (__StackTop - SIZEOF (.stack_dummy))
                0x20040000                PROVIDE (__stack, __StackTop)
                0x00000001                ASSERT ((__StackLimit >= __HeapLimit), region RAM overflowed with stack)
                0x00000001                ASSERT ((LENGTH (FLASH) >= (__etext + SIZEOF (.data))), FLASH memory overflowed !)
OUTPUT(PatientTracker_Xbee2.axf elf32-littlearm)

.ARM.attributes
                0x00000000       0x2e
 .ARM.attributes
                0x00000000       0x22 c:/siliconlabs/simplicitystudio/v4/developer/toolchains/gnu_arm/7.2_2017q4/bin/../lib/gcc/arm-none-eabi/7.2.1/thumb/v7e-m/fpv4-sp/softfp/crti.o
 .ARM.attributes
                0x00000022       0x32 c:/siliconlabs/simplicitystudio/v4/developer/toolchains/gnu_arm/7.2_2017q4/bin/../lib/gcc/arm-none-eabi/7.2.1/thumb/v7e-m/fpv4-sp/softfp/crtbegin.o
 .ARM.attributes
                0x00000054       0x20 c:/siliconlabs/simplicitystudio/v4/developer/toolchains/gnu_arm/7.2_2017q4/bin/../lib/gcc/arm-none-eabi/7.2.1/../../../../arm-none-eabi/lib/thumb/v7e-m/fpv4-sp/softfp/crt0.o
 .ARM.attributes
                0x00000074       0x1f ./CMSIS/EFM32PG12B/startup_efm32pg12b.o
 .ARM.attributes
                0x00000093       0x37 ./CMSIS/EFM32PG12B/system_efm32pg12b.o
 .ARM.attributes
                0x000000ca       0x37 ./emlib/em_assert.o
 .ARM.attributes
                0x00000101       0x37 ./emlib/em_cmu.o
 .ARM.attributes
                0x00000138       0x37 ./emlib/em_core.o
 .ARM.attributes
                0x0000016f       0x37 ./emlib/em_emu.o
 .ARM.attributes
                0x000001a6       0x37 ./emlib/em_gpio.o
 .ARM.attributes
                0x000001dd       0x37 ./emlib/em_leuart.o
 .ARM.attributes
                0x00000214       0x37 ./src/ATCommandsLib.o
 .ARM.attributes
                0x0000024b       0x37 ./src/My_CMU.o
 .ARM.attributes
                0x00000282       0x37 ./src/My_LEUART.o
 .ARM.attributes
                0x000002b9       0x37 ./src/My_Sleep.o
 .ARM.attributes
                0x000002f0       0x37 ./src/letimer.o
 .ARM.attributes
                0x00000327       0x37 ./src/main.o
 .ARM.attributes
                0x0000035e       0x32 c:/siliconlabs/simplicitystudio/v4/developer/toolchains/gnu_arm/7.2_2017q4/bin/../lib/gcc/arm-none-eabi/7.2.1/../../../../arm-none-eabi/lib/thumb/v7e-m/fpv4-sp/softfp\libc_nano.a(lib_a-exit.o)
 .ARM.attributes
                0x00000390       0x32 c:/siliconlabs/simplicitystudio/v4/developer/toolchains/gnu_arm/7.2_2017q4/bin/../lib/gcc/arm-none-eabi/7.2.1/../../../../arm-none-eabi/lib/thumb/v7e-m/fpv4-sp/softfp\libc_nano.a(lib_a-impure.o)
 .ARM.attributes
                0x000003c2       0x32 c:/siliconlabs/simplicitystudio/v4/developer/toolchains/gnu_arm/7.2_2017q4/bin/../lib/gcc/arm-none-eabi/7.2.1/../../../../arm-none-eabi/lib/thumb/v7e-m/fpv4-sp/softfp\libc_nano.a(lib_a-init.o)
 .ARM.attributes
                0x000003f4       0x32 c:/siliconlabs/simplicitystudio/v4/developer/toolchains/gnu_arm/7.2_2017q4/bin/../lib/gcc/arm-none-eabi/7.2.1/../../../../arm-none-eabi/lib/thumb/v7e-m/fpv4-sp/softfp\libc_nano.a(lib_a-memset.o)
 .ARM.attributes
                0x00000426       0x32 c:/siliconlabs/simplicitystudio/v4/developer/toolchains/gnu_arm/7.2_2017q4/bin/../lib/gcc/arm-none-eabi/7.2.1/../../../../arm-none-eabi/lib/thumb/v7e-m/fpv4-sp/softfp\libc_nano.a(lib_a-printf.o)
 .ARM.attributes
                0x00000458       0x20 c:/siliconlabs/simplicitystudio/v4/developer/toolchains/gnu_arm/7.2_2017q4/bin/../lib/gcc/arm-none-eabi/7.2.1/../../../../arm-none-eabi/lib/thumb/v7e-m/fpv4-sp/softfp\libc_nano.a(lib_a-strcmp.o)
 .ARM.attributes
                0x00000478       0x1b c:/siliconlabs/simplicitystudio/v4/developer/toolchains/gnu_arm/7.2_2017q4/bin/../lib/gcc/arm-none-eabi/7.2.1/../../../../arm-none-eabi/lib/thumb/v7e-m/fpv4-sp/softfp\libc_nano.a(lib_a-strlen.o)
 .ARM.attributes
                0x00000493       0x32 c:/siliconlabs/simplicitystudio/v4/developer/toolchains/gnu_arm/7.2_2017q4/bin/../lib/gcc/arm-none-eabi/7.2.1/../../../../arm-none-eabi/lib/thumb/v7e-m/fpv4-sp/softfp\libc_nano.a(lib_a-findfp.o)
 .ARM.attributes
                0x000004c5       0x32 c:/siliconlabs/simplicitystudio/v4/developer/toolchains/gnu_arm/7.2_2017q4/bin/../lib/gcc/arm-none-eabi/7.2.1/../../../../arm-none-eabi/lib/thumb/v7e-m/fpv4-sp/softfp\libc_nano.a(lib_a-fwalk.o)
 .ARM.attributes
                0x000004f7       0x32 c:/siliconlabs/simplicitystudio/v4/developer/toolchains/gnu_arm/7.2_2017q4/bin/../lib/gcc/arm-none-eabi/7.2.1/../../../../arm-none-eabi/lib/thumb/v7e-m/fpv4-sp/softfp\libc_nano.a(lib_a-nano-mallocr.o)
 .ARM.attributes
                0x00000529       0x32 c:/siliconlabs/simplicitystudio/v4/developer/toolchains/gnu_arm/7.2_2017q4/bin/../lib/gcc/arm-none-eabi/7.2.1/../../../../arm-none-eabi/lib/thumb/v7e-m/fpv4-sp/softfp\libc_nano.a(lib_a-nano-vfprintf.o)
 .ARM.attributes
                0x0000055b       0x32 c:/siliconlabs/simplicitystudio/v4/developer/toolchains/gnu_arm/7.2_2017q4/bin/../lib/gcc/arm-none-eabi/7.2.1/../../../../arm-none-eabi/lib/thumb/v7e-m/fpv4-sp/softfp\libc_nano.a(lib_a-nano-vfprintf_i.o)
 .ARM.attributes
                0x0000058d       0x32 c:/siliconlabs/simplicitystudio/v4/developer/toolchains/gnu_arm/7.2_2017q4/bin/../lib/gcc/arm-none-eabi/7.2.1/../../../../arm-none-eabi/lib/thumb/v7e-m/fpv4-sp/softfp\libc_nano.a(lib_a-sbrkr.o)
 .ARM.attributes
                0x000005bf       0x32 c:/siliconlabs/simplicitystudio/v4/developer/toolchains/gnu_arm/7.2_2017q4/bin/../lib/gcc/arm-none-eabi/7.2.1/../../../../arm-none-eabi/lib/thumb/v7e-m/fpv4-sp/softfp\libc_nano.a(lib_a-stdio.o)
 .ARM.attributes
                0x000005f1       0x32 c:/siliconlabs/simplicitystudio/v4/developer/toolchains/gnu_arm/7.2_2017q4/bin/../lib/gcc/arm-none-eabi/7.2.1/../../../../arm-none-eabi/lib/thumb/v7e-m/fpv4-sp/softfp\libc_nano.a(lib_a-wbuf.o)
 .ARM.attributes
                0x00000623       0x32 c:/siliconlabs/simplicitystudio/v4/developer/toolchains/gnu_arm/7.2_2017q4/bin/../lib/gcc/arm-none-eabi/7.2.1/../../../../arm-none-eabi/lib/thumb/v7e-m/fpv4-sp/softfp\libc_nano.a(lib_a-writer.o)
 .ARM.attributes
                0x00000655       0x32 c:/siliconlabs/simplicitystudio/v4/developer/toolchains/gnu_arm/7.2_2017q4/bin/../lib/gcc/arm-none-eabi/7.2.1/../../../../arm-none-eabi/lib/thumb/v7e-m/fpv4-sp/softfp\libc_nano.a(lib_a-wsetup.o)
 .ARM.attributes
                0x00000687       0x32 c:/siliconlabs/simplicitystudio/v4/developer/toolchains/gnu_arm/7.2_2017q4/bin/../lib/gcc/arm-none-eabi/7.2.1/../../../../arm-none-eabi/lib/thumb/v7e-m/fpv4-sp/softfp\libc_nano.a(lib_a-closer.o)
 .ARM.attributes
                0x000006b9       0x32 c:/siliconlabs/simplicitystudio/v4/developer/toolchains/gnu_arm/7.2_2017q4/bin/../lib/gcc/arm-none-eabi/7.2.1/../../../../arm-none-eabi/lib/thumb/v7e-m/fpv4-sp/softfp\libc_nano.a(lib_a-fflush.o)
 .ARM.attributes
                0x000006eb       0x32 c:/siliconlabs/simplicitystudio/v4/developer/toolchains/gnu_arm/7.2_2017q4/bin/../lib/gcc/arm-none-eabi/7.2.1/../../../../arm-none-eabi/lib/thumb/v7e-m/fpv4-sp/softfp\libc_nano.a(lib_a-lseekr.o)
 .ARM.attributes
                0x0000071d       0x32 c:/siliconlabs/simplicitystudio/v4/developer/toolchains/gnu_arm/7.2_2017q4/bin/../lib/gcc/arm-none-eabi/7.2.1/../../../../arm-none-eabi/lib/thumb/v7e-m/fpv4-sp/softfp\libc_nano.a(lib_a-makebuf.o)
 .ARM.attributes
                0x0000074f       0x20 c:/siliconlabs/simplicitystudio/v4/developer/toolchains/gnu_arm/7.2_2017q4/bin/../lib/gcc/arm-none-eabi/7.2.1/../../../../arm-none-eabi/lib/thumb/v7e-m/fpv4-sp/softfp\libc_nano.a(lib_a-memchr.o)
 .ARM.attributes
                0x0000076f       0x32 c:/siliconlabs/simplicitystudio/v4/developer/toolchains/gnu_arm/7.2_2017q4/bin/../lib/gcc/arm-none-eabi/7.2.1/../../../../arm-none-eabi/lib/thumb/v7e-m/fpv4-sp/softfp\libc_nano.a(lib_a-mlock.o)
 .ARM.attributes
                0x000007a1       0x32 c:/siliconlabs/simplicitystudio/v4/developer/toolchains/gnu_arm/7.2_2017q4/bin/../lib/gcc/arm-none-eabi/7.2.1/../../../../arm-none-eabi/lib/thumb/v7e-m/fpv4-sp/softfp\libc_nano.a(lib_a-nano-freer.o)
 .ARM.attributes
                0x000007d3       0x32 c:/siliconlabs/simplicitystudio/v4/developer/toolchains/gnu_arm/7.2_2017q4/bin/../lib/gcc/arm-none-eabi/7.2.1/../../../../arm-none-eabi/lib/thumb/v7e-m/fpv4-sp/softfp\libc_nano.a(lib_a-readr.o)
 .ARM.attributes
                0x00000805       0x32 c:/siliconlabs/simplicitystudio/v4/developer/toolchains/gnu_arm/7.2_2017q4/bin/../lib/gcc/arm-none-eabi/7.2.1/../../../../arm-none-eabi/lib/thumb/v7e-m/fpv4-sp/softfp\libc_nano.a(lib_a-reent.o)
 .ARM.attributes
                0x00000837       0x32 c:/siliconlabs/simplicitystudio/v4/developer/toolchains/gnu_arm/7.2_2017q4/bin/../lib/gcc/arm-none-eabi/7.2.1/../../../../arm-none-eabi/lib/thumb/v7e-m/fpv4-sp/softfp\libc_nano.a(lib_a-fstatr.o)
 .ARM.attributes
                0x00000869       0x32 c:/siliconlabs/simplicitystudio/v4/developer/toolchains/gnu_arm/7.2_2017q4/bin/../lib/gcc/arm-none-eabi/7.2.1/../../../../arm-none-eabi/lib/thumb/v7e-m/fpv4-sp/softfp\libc_nano.a(lib_a-isattyr.o)
 .ARM.attributes
                0x0000089b       0x32 c:/siliconlabs/simplicitystudio/v4/developer/toolchains/gnu_arm/7.2_2017q4/bin/../lib/gcc/arm-none-eabi/7.2.1/../../../../arm-none-eabi/lib/thumb/v7e-m/fpv4-sp/softfp\libnosys.a(close.o)
 .ARM.attributes
                0x000008cd       0x32 c:/siliconlabs/simplicitystudio/v4/developer/toolchains/gnu_arm/7.2_2017q4/bin/../lib/gcc/arm-none-eabi/7.2.1/../../../../arm-none-eabi/lib/thumb/v7e-m/fpv4-sp/softfp\libnosys.a(fstat.o)
 .ARM.attributes
                0x000008ff       0x32 c:/siliconlabs/simplicitystudio/v4/developer/toolchains/gnu_arm/7.2_2017q4/bin/../lib/gcc/arm-none-eabi/7.2.1/../../../../arm-none-eabi/lib/thumb/v7e-m/fpv4-sp/softfp\libnosys.a(isatty.o)
 .ARM.attributes
                0x00000931       0x32 c:/siliconlabs/simplicitystudio/v4/developer/toolchains/gnu_arm/7.2_2017q4/bin/../lib/gcc/arm-none-eabi/7.2.1/../../../../arm-none-eabi/lib/thumb/v7e-m/fpv4-sp/softfp\libnosys.a(lseek.o)
 .ARM.attributes
                0x00000963       0x32 c:/siliconlabs/simplicitystudio/v4/developer/toolchains/gnu_arm/7.2_2017q4/bin/../lib/gcc/arm-none-eabi/7.2.1/../../../../arm-none-eabi/lib/thumb/v7e-m/fpv4-sp/softfp\libnosys.a(read.o)
 .ARM.attributes
                0x00000995       0x32 c:/siliconlabs/simplicitystudio/v4/developer/toolchains/gnu_arm/7.2_2017q4/bin/../lib/gcc/arm-none-eabi/7.2.1/../../../../arm-none-eabi/lib/thumb/v7e-m/fpv4-sp/softfp\libnosys.a(sbrk.o)
 .ARM.attributes
                0x000009c7       0x32 c:/siliconlabs/simplicitystudio/v4/developer/toolchains/gnu_arm/7.2_2017q4/bin/../lib/gcc/arm-none-eabi/7.2.1/../../../../arm-none-eabi/lib/thumb/v7e-m/fpv4-sp/softfp\libnosys.a(write.o)
 .ARM.attributes
                0x000009f9       0x32 c:/siliconlabs/simplicitystudio/v4/developer/toolchains/gnu_arm/7.2_2017q4/bin/../lib/gcc/arm-none-eabi/7.2.1/../../../../arm-none-eabi/lib/thumb/v7e-m/fpv4-sp/softfp\libnosys.a(_exit.o)
 .ARM.attributes
                0x00000a2b       0x32 c:/siliconlabs/simplicitystudio/v4/developer/toolchains/gnu_arm/7.2_2017q4/bin/../lib/gcc/arm-none-eabi/7.2.1/thumb/v7e-m/fpv4-sp/softfp/crtend.o
 .ARM.attributes
                0x00000a5d       0x22 c:/siliconlabs/simplicitystudio/v4/developer/toolchains/gnu_arm/7.2_2017q4/bin/../lib/gcc/arm-none-eabi/7.2.1/thumb/v7e-m/fpv4-sp/softfp/crtn.o

.comment        0x00000000       0x7e
 .comment       0x00000000       0x7e ./CMSIS/EFM32PG12B/system_efm32pg12b.o
                                 0x7f (size before relaxing)
 .comment       0x0000007e       0x7f ./emlib/em_assert.o
 .comment       0x0000007e       0x7f ./emlib/em_cmu.o
 .comment       0x0000007e       0x7f ./emlib/em_core.o
 .comment       0x0000007e       0x7f ./emlib/em_emu.o
 .comment       0x0000007e       0x7f ./emlib/em_gpio.o
 .comment       0x0000007e       0x7f ./emlib/em_leuart.o
 .comment       0x0000007e       0x7f ./src/ATCommandsLib.o
 .comment       0x0000007e       0x7f ./src/My_CMU.o
 .comment       0x0000007e       0x7f ./src/My_LEUART.o
 .comment       0x0000007e       0x7f ./src/My_Sleep.o
 .comment       0x0000007e       0x7f ./src/letimer.o
 .comment       0x0000007e       0x7f ./src/main.o

.debug_line     0x00000000     0x8d42
 .debug_line    0x00000000       0xd9 ./CMSIS/EFM32PG12B/startup_efm32pg12b.o
 .debug_line    0x000000d9      0x902 ./CMSIS/EFM32PG12B/system_efm32pg12b.o
 .debug_line    0x000009db      0x180 ./emlib/em_assert.o
 .debug_line    0x00000b5b     0x1478 ./emlib/em_cmu.o
 .debug_line    0x00001fd3      0xc3d ./emlib/em_core.o
 .debug_line    0x00002c10     0x1412 ./emlib/em_emu.o
 .debug_line    0x00004022      0xccd ./emlib/em_gpio.o
 .debug_line    0x00004cef      0xa70 ./emlib/em_leuart.o
 .debug_line    0x0000575f      0x3c1 ./src/ATCommandsLib.o
 .debug_line    0x00005b20      0x89e ./src/My_CMU.o
 .debug_line    0x000063be      0x9fe ./src/My_LEUART.o
 .debug_line    0x00006dbc      0x999 ./src/My_Sleep.o
 .debug_line    0x00007755      0x9b7 ./src/letimer.o
 .debug_line    0x0000810c      0xc36 ./src/main.o

.debug_info     0x00000000     0xca69
 .debug_info    0x00000000       0x26 ./CMSIS/EFM32PG12B/startup_efm32pg12b.o
 .debug_info    0x00000026      0x8f6 ./CMSIS/EFM32PG12B/system_efm32pg12b.o
 .debug_info    0x0000091c       0x7e ./emlib/em_assert.o
 .debug_info    0x0000099a     0x2409 ./emlib/em_cmu.o
 .debug_info    0x00002da3      0xd5f ./emlib/em_core.o
 .debug_info    0x00003b02     0x2474 ./emlib/em_emu.o
 .debug_info    0x00005f76      0xa7a ./emlib/em_gpio.o
 .debug_info    0x000069f0      0x8d2 ./emlib/em_leuart.o
 .debug_info    0x000072c2      0xa69 ./src/ATCommandsLib.o
 .debug_info    0x00007d2b      0x6b3 ./src/My_CMU.o
 .debug_info    0x000083de     0x1312 ./src/My_LEUART.o
 .debug_info    0x000096f0      0xc8a ./src/My_Sleep.o
 .debug_info    0x0000a37a      0xf6f ./src/letimer.o
 .debug_info    0x0000b2e9     0x1780 ./src/main.o

.debug_abbrev   0x00000000     0x1b16
 .debug_abbrev  0x00000000       0x14 ./CMSIS/EFM32PG12B/startup_efm32pg12b.o
 .debug_abbrev  0x00000014      0x1b7 ./CMSIS/EFM32PG12B/system_efm32pg12b.o
 .debug_abbrev  0x000001cb       0x68 ./emlib/em_assert.o
 .debug_abbrev  0x00000233      0x31e ./emlib/em_cmu.o
 .debug_abbrev  0x00000551      0x269 ./emlib/em_core.o
 .debug_abbrev  0x000007ba      0x32c ./emlib/em_emu.o
 .debug_abbrev  0x00000ae6      0x206 ./emlib/em_gpio.o
 .debug_abbrev  0x00000cec      0x205 ./emlib/em_leuart.o
 .debug_abbrev  0x00000ef1      0x217 ./src/ATCommandsLib.o
 .debug_abbrev  0x00001108       0xe7 ./src/My_CMU.o
 .debug_abbrev  0x000011ef      0x299 ./src/My_LEUART.o
 .debug_abbrev  0x00001488      0x1fd ./src/My_Sleep.o
 .debug_abbrev  0x00001685      0x233 ./src/letimer.o
 .debug_abbrev  0x000018b8      0x25e ./src/main.o

.debug_aranges  0x00000000      0x788
 .debug_aranges
                0x00000000       0x20 ./CMSIS/EFM32PG12B/startup_efm32pg12b.o
 .debug_aranges
                0x00000020       0x68 ./CMSIS/EFM32PG12B/system_efm32pg12b.o
 .debug_aranges
                0x00000088       0x20 ./emlib/em_assert.o
 .debug_aranges
                0x000000a8      0x1b8 ./emlib/em_cmu.o
 .debug_aranges
                0x00000260       0xe8 ./emlib/em_core.o
 .debug_aranges
                0x00000348      0x1c8 ./emlib/em_emu.o
 .debug_aranges
                0x00000510       0x88 ./emlib/em_gpio.o
 .debug_aranges
                0x00000598       0x88 ./emlib/em_leuart.o
 .debug_aranges
                0x00000620       0x38 ./src/ATCommandsLib.o
 .debug_aranges
                0x00000658       0x20 ./src/My_CMU.o
 .debug_aranges
                0x00000678       0x40 ./src/My_LEUART.o
 .debug_aranges
                0x000006b8       0x38 ./src/My_Sleep.o
 .debug_aranges
                0x000006f0       0x68 ./src/letimer.o
 .debug_aranges
                0x00000758       0x30 ./src/main.o

.debug_str      0x00000000   0x15ccf8
 .debug_str     0x00000000       0xfc ./CMSIS/EFM32PG12B/startup_efm32pg12b.o
 .debug_str     0x000000fc   0x14e19c ./CMSIS/EFM32PG12B/system_efm32pg12b.o
                             0x14f0d2 (size before relaxing)
 .debug_str     0x0014e298      0x109 ./emlib/em_assert.o
                               0x2e42 (size before relaxing)
 .debug_str     0x0014e3a1     0x4e12 ./emlib/em_cmu.o
                             0x153eb5 (size before relaxing)
 .debug_str     0x001531b3      0xc60 ./emlib/em_core.o
                             0x14fbcc (size before relaxing)
 .debug_str     0x00153e13     0x11f8 ./emlib/em_emu.o
                             0x154112 (size before relaxing)
 .debug_str     0x0015500b      0x50f ./emlib/em_gpio.o
                             0x14fb23 (size before relaxing)
 .debug_str     0x0015551a      0x394 ./emlib/em_leuart.o
                             0x150a16 (size before relaxing)
 .debug_str     0x001558ae     0x31b7 ./src/ATCommandsLib.o
                               0x8678 (size before relaxing)
 .debug_str     0x00158a65       0x35 ./src/My_CMU.o
                             0x150f6e (size before relaxing)
 .debug_str     0x00158a9a      0x1d3 ./src/My_LEUART.o
                             0x1546eb (size before relaxing)
 .debug_str     0x00158c6d       0x64 ./src/My_Sleep.o
                             0x1530ac (size before relaxing)
 .debug_str     0x00158cd1      0x448 ./src/letimer.o
                             0x151877 (size before relaxing)
 .debug_str     0x00159119     0x3bdf ./src/main.o
                             0x159621 (size before relaxing)

.debug_loc      0x00000000     0x3ca0
 .debug_loc     0x00000000      0x2e4 ./CMSIS/EFM32PG12B/system_efm32pg12b.o
 .debug_loc     0x000002e4       0x38 ./emlib/em_assert.o
 .debug_loc     0x0000031c     0x1010 ./emlib/em_cmu.o
 .debug_loc     0x0000132c      0x844 ./emlib/em_core.o
 .debug_loc     0x00001b70      0xfb6 ./emlib/em_emu.o
 .debug_loc     0x00002b26      0x49c ./emlib/em_gpio.o
 .debug_loc     0x00002fc2      0x49c ./emlib/em_leuart.o
 .debug_loc     0x0000345e       0xf8 ./src/ATCommandsLib.o
 .debug_loc     0x00003556       0x52 ./src/My_CMU.o
 .debug_loc     0x000035a8      0x1a8 ./src/My_LEUART.o
 .debug_loc     0x00003750      0x110 ./src/My_Sleep.o
 .debug_loc     0x00003860      0x374 ./src/letimer.o
 .debug_loc     0x00003bd4       0xcc ./src/main.o

.debug_ranges   0x00000000      0x698
 .debug_ranges  0x00000000       0x58 ./CMSIS/EFM32PG12B/system_efm32pg12b.o
 .debug_ranges  0x00000058       0x10 ./emlib/em_assert.o
 .debug_ranges  0x00000068      0x1a8 ./emlib/em_cmu.o
 .debug_ranges  0x00000210       0xd8 ./emlib/em_core.o
 .debug_ranges  0x000002e8      0x1b8 ./emlib/em_emu.o
 .debug_ranges  0x000004a0       0x78 ./emlib/em_gpio.o
 .debug_ranges  0x00000518       0x78 ./emlib/em_leuart.o
 .debug_ranges  0x00000590       0x28 ./src/ATCommandsLib.o
 .debug_ranges  0x000005b8       0x10 ./src/My_CMU.o
 .debug_ranges  0x000005c8       0x30 ./src/My_LEUART.o
 .debug_ranges  0x000005f8       0x28 ./src/My_Sleep.o
 .debug_ranges  0x00000620       0x58 ./src/letimer.o
 .debug_ranges  0x00000678       0x20 ./src/main.o

.debug_macro    0x00000000    0x34121
 .debug_macro   0x00000000      0x282 ./CMSIS/EFM32PG12B/system_efm32pg12b.o
 .debug_macro   0x00000282      0xa54 ./CMSIS/EFM32PG12B/system_efm32pg12b.o
 .debug_macro   0x00000cd6       0x22 ./CMSIS/EFM32PG12B/system_efm32pg12b.o
 .debug_macro   0x00000cf8       0x4f ./CMSIS/EFM32PG12B/system_efm32pg12b.o
 .debug_macro   0x00000d47       0x51 ./CMSIS/EFM32PG12B/system_efm32pg12b.o
 .debug_macro   0x00000d98       0xef ./CMSIS/EFM32PG12B/system_efm32pg12b.o
 .debug_macro   0x00000e87       0x6a ./CMSIS/EFM32PG12B/system_efm32pg12b.o
 .debug_macro   0x00000ef1      0x1df ./CMSIS/EFM32PG12B/system_efm32pg12b.o
 .debug_macro   0x000010d0      0x4b1 ./CMSIS/EFM32PG12B/system_efm32pg12b.o
 .debug_macro   0x00001581       0x1c ./CMSIS/EFM32PG12B/system_efm32pg12b.o
 .debug_macro   0x0000159d       0x22 ./CMSIS/EFM32PG12B/system_efm32pg12b.o
 .debug_macro   0x000015bf       0xdf ./CMSIS/EFM32PG12B/system_efm32pg12b.o
 .debug_macro   0x0000169e      0xff5 ./CMSIS/EFM32PG12B/system_efm32pg12b.o
 .debug_macro   0x00002693       0xe2 ./CMSIS/EFM32PG12B/system_efm32pg12b.o
 .debug_macro   0x00002775      0xe1d ./CMSIS/EFM32PG12B/system_efm32pg12b.o
 .debug_macro   0x00003592     0x2276 ./CMSIS/EFM32PG12B/system_efm32pg12b.o
 .debug_macro   0x00005808      0x32a ./CMSIS/EFM32PG12B/system_efm32pg12b.o
 .debug_macro   0x00005b32     0x3119 ./CMSIS/EFM32PG12B/system_efm32pg12b.o
 .debug_macro   0x00008c4b     0x1bbb ./CMSIS/EFM32PG12B/system_efm32pg12b.o
 .debug_macro   0x0000a806     0x2675 ./CMSIS/EFM32PG12B/system_efm32pg12b.o
 .debug_macro   0x0000ce7b     0x1b1a ./CMSIS/EFM32PG12B/system_efm32pg12b.o
 .debug_macro   0x0000e995      0xe2c ./CMSIS/EFM32PG12B/system_efm32pg12b.o
 .debug_macro   0x0000f7c1      0x345 ./CMSIS/EFM32PG12B/system_efm32pg12b.o
 .debug_macro   0x0000fb06      0x29e ./CMSIS/EFM32PG12B/system_efm32pg12b.o
 .debug_macro   0x0000fda4     0x2764 ./CMSIS/EFM32PG12B/system_efm32pg12b.o
 .debug_macro   0x00012508     0x31cd ./CMSIS/EFM32PG12B/system_efm32pg12b.o
 .debug_macro   0x000156d5     0x136c ./CMSIS/EFM32PG12B/system_efm32pg12b.o
 .debug_macro   0x00016a41      0xde3 ./CMSIS/EFM32PG12B/system_efm32pg12b.o
 .debug_macro   0x00017824      0x249 ./CMSIS/EFM32PG12B/system_efm32pg12b.o
 .debug_macro   0x00017a6d     0x1043 ./CMSIS/EFM32PG12B/system_efm32pg12b.o
 .debug_macro   0x00018ab0     0x1606 ./CMSIS/EFM32PG12B/system_efm32pg12b.o
 .debug_macro   0x0001a0b6     0x3cb8 ./CMSIS/EFM32PG12B/system_efm32pg12b.o
 .debug_macro   0x0001dd6e     0x23fd ./CMSIS/EFM32PG12B/system_efm32pg12b.o
 .debug_macro   0x0002016b      0x70d ./CMSIS/EFM32PG12B/system_efm32pg12b.o
 .debug_macro   0x00020878     0x26f0 ./CMSIS/EFM32PG12B/system_efm32pg12b.o
 .debug_macro   0x00022f68     0x1701 ./CMSIS/EFM32PG12B/system_efm32pg12b.o
 .debug_macro   0x00024669     0x2efc ./CMSIS/EFM32PG12B/system_efm32pg12b.o
 .debug_macro   0x00027565      0xfb0 ./CMSIS/EFM32PG12B/system_efm32pg12b.o
 .debug_macro   0x00028515      0x6c4 ./CMSIS/EFM32PG12B/system_efm32pg12b.o
 .debug_macro   0x00028bd9     0x1022 ./CMSIS/EFM32PG12B/system_efm32pg12b.o
 .debug_macro   0x00029bfb      0x889 ./CMSIS/EFM32PG12B/system_efm32pg12b.o
 .debug_macro   0x0002a484      0x500 ./CMSIS/EFM32PG12B/system_efm32pg12b.o
 .debug_macro   0x0002a984     0x1bc5 ./CMSIS/EFM32PG12B/system_efm32pg12b.o
 .debug_macro   0x0002c549       0x40 ./CMSIS/EFM32PG12B/system_efm32pg12b.o
 .debug_macro   0x0002c589      0x2ce ./CMSIS/EFM32PG12B/system_efm32pg12b.o
 .debug_macro   0x0002c857      0x382 ./CMSIS/EFM32PG12B/system_efm32pg12b.o
 .debug_macro   0x0002cbd9      0x190 ./CMSIS/EFM32PG12B/system_efm32pg12b.o
 .debug_macro   0x0002cd69     0x27bf ./CMSIS/EFM32PG12B/system_efm32pg12b.o
 .debug_macro   0x0002f528      0x304 ./CMSIS/EFM32PG12B/system_efm32pg12b.o
 .debug_macro   0x0002f82c      0x304 ./CMSIS/EFM32PG12B/system_efm32pg12b.o
 .debug_macro   0x0002fb30       0x23 ./emlib/em_assert.o
 .debug_macro   0x0002fb53       0x10 ./emlib/em_assert.o
 .debug_macro   0x0002fb63       0x22 ./emlib/em_assert.o
 .debug_macro   0x0002fb85      0x3a9 ./emlib/em_cmu.o
 .debug_macro   0x0002ff2e       0xea ./emlib/em_cmu.o
 .debug_macro   0x00030018       0x69 ./emlib/em_cmu.o
 .debug_macro   0x00030081      0x33e ./emlib/em_cmu.o
 .debug_macro   0x000303bf      0x16d ./emlib/em_cmu.o
 .debug_macro   0x0003052c       0x58 ./emlib/em_cmu.o
 .debug_macro   0x00030584      0x34d ./emlib/em_cmu.o
 .debug_macro   0x000308d1       0x25 ./emlib/em_cmu.o
 .debug_macro   0x000308f6       0xee ./emlib/em_cmu.o
 .debug_macro   0x000309e4       0x80 ./emlib/em_cmu.o
 .debug_macro   0x00030a64      0x2ae ./emlib/em_core.o
 .debug_macro   0x00030d12       0x63 ./emlib/em_core.o
 .debug_macro   0x00030d75       0xba ./emlib/em_core.o
 .debug_macro   0x00030e2f      0x395 ./emlib/em_emu.o
 .debug_macro   0x000311c4       0x52 ./emlib/em_emu.o
 .debug_macro   0x00031216       0x55 ./emlib/em_emu.o
 .debug_macro   0x0003126b      0x353 ./emlib/em_emu.o
 .debug_macro   0x000315be       0xd9 ./emlib/em_emu.o
 .debug_macro   0x00031697       0x7a ./emlib/em_emu.o
 .debug_macro   0x00031711      0x295 ./emlib/em_gpio.o
 .debug_macro   0x000319a6       0xe4 ./emlib/em_gpio.o
 .debug_macro   0x00031a8a      0x2b5 ./emlib/em_leuart.o
 .debug_macro   0x00031d3f      0x1d6 ./src/ATCommandsLib.o
 .debug_macro   0x00031f15       0x17 ./src/ATCommandsLib.o
 .debug_macro   0x00031f2c       0x35 ./src/ATCommandsLib.o
 .debug_macro   0x00031f61       0x9c ./src/ATCommandsLib.o
 .debug_macro   0x00031ffd       0x16 ./src/ATCommandsLib.o
 .debug_macro   0x00032013       0x57 ./src/ATCommandsLib.o
 .debug_macro   0x0003206a       0x97 ./src/ATCommandsLib.o
 .debug_macro   0x00032101       0xf6 ./src/ATCommandsLib.o
 .debug_macro   0x000321f7       0x10 ./src/ATCommandsLib.o
 .debug_macro   0x00032207       0x58 ./src/ATCommandsLib.o
 .debug_macro   0x0003225f       0x1f ./src/ATCommandsLib.o
 .debug_macro   0x0003227e       0x43 ./src/ATCommandsLib.o
 .debug_macro   0x000322c1       0x20 ./src/ATCommandsLib.o
 .debug_macro   0x000322e1      0x18e ./src/ATCommandsLib.o
 .debug_macro   0x0003246f       0x10 ./src/ATCommandsLib.o
 .debug_macro   0x0003247f       0xb6 ./src/ATCommandsLib.o
 .debug_macro   0x00032535       0x16 ./src/ATCommandsLib.o
 .debug_macro   0x0003254b      0x129 ./src/ATCommandsLib.o
 .debug_macro   0x00032674       0x16 ./src/ATCommandsLib.o
 .debug_macro   0x0003268a       0x35 ./src/ATCommandsLib.o
 .debug_macro   0x000326bf       0x16 ./src/ATCommandsLib.o
 .debug_macro   0x000326d5       0x22 ./src/ATCommandsLib.o
 .debug_macro   0x000326f7       0x2e ./src/ATCommandsLib.o
 .debug_macro   0x00032725      0x1e5 ./src/ATCommandsLib.o
 .debug_macro   0x0003290a      0x460 ./src/ATCommandsLib.o
 .debug_macro   0x00032d6a       0x28 ./src/ATCommandsLib.o
 .debug_macro   0x00032d92      0x2b4 ./src/My_CMU.o
 .debug_macro   0x00033046      0x370 ./src/My_LEUART.o
 .debug_macro   0x000333b6       0x10 ./src/My_LEUART.o
 .debug_macro   0x000333c6       0x10 ./src/My_LEUART.o
 .debug_macro   0x000333d6       0x46 ./src/My_LEUART.o
 .debug_macro   0x0003341c      0x3a5 ./src/My_Sleep.o
 .debug_macro   0x000337c1      0x2e3 ./src/letimer.o
 .debug_macro   0x00033aa4      0x4bc ./src/main.o
 .debug_macro   0x00033f60       0x10 ./src/main.o
 .debug_macro   0x00033f70       0xc0 ./src/main.o
 .debug_macro   0x00034030       0xf1 ./src/main.o

.debug_frame    0x00000000     0x24f8
 .debug_frame   0x00000000      0x164 ./CMSIS/EFM32PG12B/system_efm32pg12b.o
 .debug_frame   0x00000164       0x2c ./emlib/em_assert.o
 .debug_frame   0x00000190      0x770 ./emlib/em_cmu.o
 .debug_frame   0x00000900      0x3c4 ./emlib/em_core.o
 .debug_frame   0x00000cc4      0x770 ./emlib/em_emu.o
 .debug_frame   0x00001434      0x21c ./emlib/em_gpio.o
 .debug_frame   0x00001650      0x21c ./emlib/em_leuart.o
 .debug_frame   0x0000186c       0x90 ./src/ATCommandsLib.o
 .debug_frame   0x000018fc       0x38 ./src/My_CMU.o
 .debug_frame   0x00001934       0xcc ./src/My_LEUART.o
 .debug_frame   0x00001a00       0x94 ./src/My_Sleep.o
 .debug_frame   0x00001a94      0x194 ./src/letimer.o
 .debug_frame   0x00001c28       0x74 ./src/main.o
 .debug_frame   0x00001c9c       0x28 c:/siliconlabs/simplicitystudio/v4/developer/toolchains/gnu_arm/7.2_2017q4/bin/../lib/gcc/arm-none-eabi/7.2.1/../../../../arm-none-eabi/lib/thumb/v7e-m/fpv4-sp/softfp\libc_nano.a(lib_a-exit.o)
 .debug_frame   0x00001cc4       0x2c c:/siliconlabs/simplicitystudio/v4/developer/toolchains/gnu_arm/7.2_2017q4/bin/../lib/gcc/arm-none-eabi/7.2.1/../../../../arm-none-eabi/lib/thumb/v7e-m/fpv4-sp/softfp\libc_nano.a(lib_a-init.o)
 .debug_frame   0x00001cf0       0x20 c:/siliconlabs/simplicitystudio/v4/developer/toolchains/gnu_arm/7.2_2017q4/bin/../lib/gcc/arm-none-eabi/7.2.1/../../../../arm-none-eabi/lib/thumb/v7e-m/fpv4-sp/softfp\libc_nano.a(lib_a-memset.o)
 .debug_frame   0x00001d10       0x74 c:/siliconlabs/simplicitystudio/v4/developer/toolchains/gnu_arm/7.2_2017q4/bin/../lib/gcc/arm-none-eabi/7.2.1/../../../../arm-none-eabi/lib/thumb/v7e-m/fpv4-sp/softfp\libc_nano.a(lib_a-printf.o)
 .debug_frame   0x00001d84       0x20 c:/siliconlabs/simplicitystudio/v4/developer/toolchains/gnu_arm/7.2_2017q4/bin/../lib/gcc/arm-none-eabi/7.2.1/../../../../arm-none-eabi/lib/thumb/v7e-m/fpv4-sp/softfp\libc_nano.a(lib_a-strcmp.o)
 .debug_frame   0x00001da4      0x11c c:/siliconlabs/simplicitystudio/v4/developer/toolchains/gnu_arm/7.2_2017q4/bin/../lib/gcc/arm-none-eabi/7.2.1/../../../../arm-none-eabi/lib/thumb/v7e-m/fpv4-sp/softfp\libc_nano.a(lib_a-findfp.o)
 .debug_frame   0x00001ec0       0x54 c:/siliconlabs/simplicitystudio/v4/developer/toolchains/gnu_arm/7.2_2017q4/bin/../lib/gcc/arm-none-eabi/7.2.1/../../../../arm-none-eabi/lib/thumb/v7e-m/fpv4-sp/softfp\libc_nano.a(lib_a-fwalk.o)
 .debug_frame   0x00001f14       0x2c c:/siliconlabs/simplicitystudio/v4/developer/toolchains/gnu_arm/7.2_2017q4/bin/../lib/gcc/arm-none-eabi/7.2.1/../../../../arm-none-eabi/lib/thumb/v7e-m/fpv4-sp/softfp\libc_nano.a(lib_a-nano-mallocr.o)
 .debug_frame   0x00001f40       0xac c:/siliconlabs/simplicitystudio/v4/developer/toolchains/gnu_arm/7.2_2017q4/bin/../lib/gcc/arm-none-eabi/7.2.1/../../../../arm-none-eabi/lib/thumb/v7e-m/fpv4-sp/softfp\libc_nano.a(lib_a-nano-vfprintf.o)
 .debug_frame   0x00001fec       0x60 c:/siliconlabs/simplicitystudio/v4/developer/toolchains/gnu_arm/7.2_2017q4/bin/../lib/gcc/arm-none-eabi/7.2.1/../../../../arm-none-eabi/lib/thumb/v7e-m/fpv4-sp/softfp\libc_nano.a(lib_a-nano-vfprintf_i.o)
 .debug_frame   0x0000204c       0x2c c:/siliconlabs/simplicitystudio/v4/developer/toolchains/gnu_arm/7.2_2017q4/bin/../lib/gcc/arm-none-eabi/7.2.1/../../../../arm-none-eabi/lib/thumb/v7e-m/fpv4-sp/softfp\libc_nano.a(lib_a-sbrkr.o)
 .debug_frame   0x00002078       0x88 c:/siliconlabs/simplicitystudio/v4/developer/toolchains/gnu_arm/7.2_2017q4/bin/../lib/gcc/arm-none-eabi/7.2.1/../../../../arm-none-eabi/lib/thumb/v7e-m/fpv4-sp/softfp\libc_nano.a(lib_a-stdio.o)
 .debug_frame   0x00002100       0x40 c:/siliconlabs/simplicitystudio/v4/developer/toolchains/gnu_arm/7.2_2017q4/bin/../lib/gcc/arm-none-eabi/7.2.1/../../../../arm-none-eabi/lib/thumb/v7e-m/fpv4-sp/softfp\libc_nano.a(lib_a-wbuf.o)
 .debug_frame   0x00002140       0x2c c:/siliconlabs/simplicitystudio/v4/developer/toolchains/gnu_arm/7.2_2017q4/bin/../lib/gcc/arm-none-eabi/7.2.1/../../../../arm-none-eabi/lib/thumb/v7e-m/fpv4-sp/softfp\libc_nano.a(lib_a-writer.o)
 .debug_frame   0x0000216c       0x2c c:/siliconlabs/simplicitystudio/v4/developer/toolchains/gnu_arm/7.2_2017q4/bin/../lib/gcc/arm-none-eabi/7.2.1/../../../../arm-none-eabi/lib/thumb/v7e-m/fpv4-sp/softfp\libc_nano.a(lib_a-wsetup.o)
 .debug_frame   0x00002198       0x2c c:/siliconlabs/simplicitystudio/v4/developer/toolchains/gnu_arm/7.2_2017q4/bin/../lib/gcc/arm-none-eabi/7.2.1/../../../../arm-none-eabi/lib/thumb/v7e-m/fpv4-sp/softfp\libc_nano.a(lib_a-closer.o)
 .debug_frame   0x000021c4       0x68 c:/siliconlabs/simplicitystudio/v4/developer/toolchains/gnu_arm/7.2_2017q4/bin/../lib/gcc/arm-none-eabi/7.2.1/../../../../arm-none-eabi/lib/thumb/v7e-m/fpv4-sp/softfp\libc_nano.a(lib_a-fflush.o)
 .debug_frame   0x0000222c       0x2c c:/siliconlabs/simplicitystudio/v4/developer/toolchains/gnu_arm/7.2_2017q4/bin/../lib/gcc/arm-none-eabi/7.2.1/../../../../arm-none-eabi/lib/thumb/v7e-m/fpv4-sp/softfp\libc_nano.a(lib_a-lseekr.o)
 .debug_frame   0x00002258       0x58 c:/siliconlabs/simplicitystudio/v4/developer/toolchains/gnu_arm/7.2_2017q4/bin/../lib/gcc/arm-none-eabi/7.2.1/../../../../arm-none-eabi/lib/thumb/v7e-m/fpv4-sp/softfp\libc_nano.a(lib_a-makebuf.o)
 .debug_frame   0x000022b0       0x30 c:/siliconlabs/simplicitystudio/v4/developer/toolchains/gnu_arm/7.2_2017q4/bin/../lib/gcc/arm-none-eabi/7.2.1/../../../../arm-none-eabi/lib/thumb/v7e-m/fpv4-sp/softfp\libc_nano.a(lib_a-mlock.o)
 .debug_frame   0x000022e0       0x38 c:/siliconlabs/simplicitystudio/v4/developer/toolchains/gnu_arm/7.2_2017q4/bin/../lib/gcc/arm-none-eabi/7.2.1/../../../../arm-none-eabi/lib/thumb/v7e-m/fpv4-sp/softfp\libc_nano.a(lib_a-nano-freer.o)
 .debug_frame   0x00002318       0x2c c:/siliconlabs/simplicitystudio/v4/developer/toolchains/gnu_arm/7.2_2017q4/bin/../lib/gcc/arm-none-eabi/7.2.1/../../../../arm-none-eabi/lib/thumb/v7e-m/fpv4-sp/softfp\libc_nano.a(lib_a-readr.o)
 .debug_frame   0x00002344       0x5c c:/siliconlabs/simplicitystudio/v4/developer/toolchains/gnu_arm/7.2_2017q4/bin/../lib/gcc/arm-none-eabi/7.2.1/../../../../arm-none-eabi/lib/thumb/v7e-m/fpv4-sp/softfp\libc_nano.a(lib_a-reent.o)
 .debug_frame   0x000023a0       0x2c c:/siliconlabs/simplicitystudio/v4/developer/toolchains/gnu_arm/7.2_2017q4/bin/../lib/gcc/arm-none-eabi/7.2.1/../../../../arm-none-eabi/lib/thumb/v7e-m/fpv4-sp/softfp\libc_nano.a(lib_a-fstatr.o)
 .debug_frame   0x000023cc       0x2c c:/siliconlabs/simplicitystudio/v4/developer/toolchains/gnu_arm/7.2_2017q4/bin/../lib/gcc/arm-none-eabi/7.2.1/../../../../arm-none-eabi/lib/thumb/v7e-m/fpv4-sp/softfp\libc_nano.a(lib_a-isattyr.o)
 .debug_frame   0x000023f8       0x20 c:/siliconlabs/simplicitystudio/v4/developer/toolchains/gnu_arm/7.2_2017q4/bin/../lib/gcc/arm-none-eabi/7.2.1/../../../../arm-none-eabi/lib/thumb/v7e-m/fpv4-sp/softfp\libnosys.a(close.o)
 .debug_frame   0x00002418       0x20 c:/siliconlabs/simplicitystudio/v4/developer/toolchains/gnu_arm/7.2_2017q4/bin/../lib/gcc/arm-none-eabi/7.2.1/../../../../arm-none-eabi/lib/thumb/v7e-m/fpv4-sp/softfp\libnosys.a(fstat.o)
 .debug_frame   0x00002438       0x20 c:/siliconlabs/simplicitystudio/v4/developer/toolchains/gnu_arm/7.2_2017q4/bin/../lib/gcc/arm-none-eabi/7.2.1/../../../../arm-none-eabi/lib/thumb/v7e-m/fpv4-sp/softfp\libnosys.a(isatty.o)
 .debug_frame   0x00002458       0x20 c:/siliconlabs/simplicitystudio/v4/developer/toolchains/gnu_arm/7.2_2017q4/bin/../lib/gcc/arm-none-eabi/7.2.1/../../../../arm-none-eabi/lib/thumb/v7e-m/fpv4-sp/softfp\libnosys.a(lseek.o)
 .debug_frame   0x00002478       0x20 c:/siliconlabs/simplicitystudio/v4/developer/toolchains/gnu_arm/7.2_2017q4/bin/../lib/gcc/arm-none-eabi/7.2.1/../../../../arm-none-eabi/lib/thumb/v7e-m/fpv4-sp/softfp\libnosys.a(read.o)
 .debug_frame   0x00002498       0x20 c:/siliconlabs/simplicitystudio/v4/developer/toolchains/gnu_arm/7.2_2017q4/bin/../lib/gcc/arm-none-eabi/7.2.1/../../../../arm-none-eabi/lib/thumb/v7e-m/fpv4-sp/softfp\libnosys.a(sbrk.o)
 .debug_frame   0x000024b8       0x20 c:/siliconlabs/simplicitystudio/v4/developer/toolchains/gnu_arm/7.2_2017q4/bin/../lib/gcc/arm-none-eabi/7.2.1/../../../../arm-none-eabi/lib/thumb/v7e-m/fpv4-sp/softfp\libnosys.a(write.o)
 .debug_frame   0x000024d8       0x20 c:/siliconlabs/simplicitystudio/v4/developer/toolchains/gnu_arm/7.2_2017q4/bin/../lib/gcc/arm-none-eabi/7.2.1/../../../../arm-none-eabi/lib/thumb/v7e-m/fpv4-sp/softfp\libnosys.a(_exit.o)

.stab           0x00000000       0x9c
 .stab          0x00000000       0x24 c:/siliconlabs/simplicitystudio/v4/developer/toolchains/gnu_arm/7.2_2017q4/bin/../lib/gcc/arm-none-eabi/7.2.1/../../../../arm-none-eabi/lib/thumb/v7e-m/fpv4-sp/softfp\libnosys.a(close.o)
 .stab          0x00000024       0x18 c:/siliconlabs/simplicitystudio/v4/developer/toolchains/gnu_arm/7.2_2017q4/bin/../lib/gcc/arm-none-eabi/7.2.1/../../../../arm-none-eabi/lib/thumb/v7e-m/fpv4-sp/softfp\libnosys.a(fstat.o)
                                 0x24 (size before relaxing)
 .stab          0x0000003c       0x18 c:/siliconlabs/simplicitystudio/v4/developer/toolchains/gnu_arm/7.2_2017q4/bin/../lib/gcc/arm-none-eabi/7.2.1/../../../../arm-none-eabi/lib/thumb/v7e-m/fpv4-sp/softfp\libnosys.a(isatty.o)
                                 0x24 (size before relaxing)
 .stab          0x00000054       0x18 c:/siliconlabs/simplicitystudio/v4/developer/toolchains/gnu_arm/7.2_2017q4/bin/../lib/gcc/arm-none-eabi/7.2.1/../../../../arm-none-eabi/lib/thumb/v7e-m/fpv4-sp/softfp\libnosys.a(lseek.o)
                                 0x24 (size before relaxing)
 .stab          0x0000006c       0x18 c:/siliconlabs/simplicitystudio/v4/developer/toolchains/gnu_arm/7.2_2017q4/bin/../lib/gcc/arm-none-eabi/7.2.1/../../../../arm-none-eabi/lib/thumb/v7e-m/fpv4-sp/softfp\libnosys.a(read.o)
                                 0x24 (size before relaxing)
 .stab          0x00000084       0x18 c:/siliconlabs/simplicitystudio/v4/developer/toolchains/gnu_arm/7.2_2017q4/bin/../lib/gcc/arm-none-eabi/7.2.1/../../../../arm-none-eabi/lib/thumb/v7e-m/fpv4-sp/softfp\libnosys.a(write.o)
                                 0x24 (size before relaxing)

.stabstr        0x00000000      0x14d
 .stabstr       0x00000000      0x14d c:/siliconlabs/simplicitystudio/v4/developer/toolchains/gnu_arm/7.2_2017q4/bin/../lib/gcc/arm-none-eabi/7.2.1/../../../../arm-none-eabi/lib/thumb/v7e-m/fpv4-sp/softfp\libnosys.a(close.o)
